Archive member included to satisfy reference by file (symbol)

c:/st/stm32cubeide_1.5.0/stm32cubeide/plugins/com.st.stm32cube.ide.mcu.externaltools.gnu-tools-for-stm32.10.3-2021.10.win32_1.0.0.202111181127/tools/bin/../lib/gcc/arm-none-eabi/10.3.1/../../../../arm-none-eabi/lib/thumb/v7e-m+fp/hard\libc_nano.a(lib_a-errno.o)
                              ./Core/Src/syscalls.o (__errno)
c:/st/stm32cubeide_1.5.0/stm32cubeide/plugins/com.st.stm32cube.ide.mcu.externaltools.gnu-tools-for-stm32.10.3-2021.10.win32_1.0.0.202111181127/tools/bin/../lib/gcc/arm-none-eabi/10.3.1/../../../../arm-none-eabi/lib/thumb/v7e-m+fp/hard\libc_nano.a(lib_a-exit.o)
                              c:/st/stm32cubeide_1.5.0/stm32cubeide/plugins/com.st.stm32cube.ide.mcu.externaltools.gnu-tools-for-stm32.10.3-2021.10.win32_1.0.0.202111181127/tools/bin/../lib/gcc/arm-none-eabi/10.3.1/../../../../arm-none-eabi/lib/thumb/v7e-m+fp/hard/crt0.o (exit)
c:/st/stm32cubeide_1.5.0/stm32cubeide/plugins/com.st.stm32cube.ide.mcu.externaltools.gnu-tools-for-stm32.10.3-2021.10.win32_1.0.0.202111181127/tools/bin/../lib/gcc/arm-none-eabi/10.3.1/../../../../arm-none-eabi/lib/thumb/v7e-m+fp/hard\libc_nano.a(lib_a-findfp.o)
                              ./Middlewares/FreeRTOS/tasks.o (__sf_fake_stderr)
c:/st/stm32cubeide_1.5.0/stm32cubeide/plugins/com.st.stm32cube.ide.mcu.externaltools.gnu-tools-for-stm32.10.3-2021.10.win32_1.0.0.202111181127/tools/bin/../lib/gcc/arm-none-eabi/10.3.1/../../../../arm-none-eabi/lib/thumb/v7e-m+fp/hard\libc_nano.a(lib_a-fwalk.o)
                              c:/st/stm32cubeide_1.5.0/stm32cubeide/plugins/com.st.stm32cube.ide.mcu.externaltools.gnu-tools-for-stm32.10.3-2021.10.win32_1.0.0.202111181127/tools/bin/../lib/gcc/arm-none-eabi/10.3.1/../../../../arm-none-eabi/lib/thumb/v7e-m+fp/hard\libc_nano.a(lib_a-findfp.o) (_fwalk)
c:/st/stm32cubeide_1.5.0/stm32cubeide/plugins/com.st.stm32cube.ide.mcu.externaltools.gnu-tools-for-stm32.10.3-2021.10.win32_1.0.0.202111181127/tools/bin/../lib/gcc/arm-none-eabi/10.3.1/../../../../arm-none-eabi/lib/thumb/v7e-m+fp/hard\libc_nano.a(lib_a-impure.o)
                              c:/st/stm32cubeide_1.5.0/stm32cubeide/plugins/com.st.stm32cube.ide.mcu.externaltools.gnu-tools-for-stm32.10.3-2021.10.win32_1.0.0.202111181127/tools/bin/../lib/gcc/arm-none-eabi/10.3.1/../../../../arm-none-eabi/lib/thumb/v7e-m+fp/hard\libc_nano.a(lib_a-exit.o) (_global_impure_ptr)
c:/st/stm32cubeide_1.5.0/stm32cubeide/plugins/com.st.stm32cube.ide.mcu.externaltools.gnu-tools-for-stm32.10.3-2021.10.win32_1.0.0.202111181127/tools/bin/../lib/gcc/arm-none-eabi/10.3.1/../../../../arm-none-eabi/lib/thumb/v7e-m+fp/hard\libc_nano.a(lib_a-init.o)
                              c:/st/stm32cubeide_1.5.0/stm32cubeide/plugins/com.st.stm32cube.ide.mcu.externaltools.gnu-tools-for-stm32.10.3-2021.10.win32_1.0.0.202111181127/tools/bin/../lib/gcc/arm-none-eabi/10.3.1/../../../../arm-none-eabi/lib/thumb/v7e-m+fp/hard/crt0.o (__libc_init_array)
c:/st/stm32cubeide_1.5.0/stm32cubeide/plugins/com.st.stm32cube.ide.mcu.externaltools.gnu-tools-for-stm32.10.3-2021.10.win32_1.0.0.202111181127/tools/bin/../lib/gcc/arm-none-eabi/10.3.1/../../../../arm-none-eabi/lib/thumb/v7e-m+fp/hard\libc_nano.a(lib_a-lock.o)
                              c:/st/stm32cubeide_1.5.0/stm32cubeide/plugins/com.st.stm32cube.ide.mcu.externaltools.gnu-tools-for-stm32.10.3-2021.10.win32_1.0.0.202111181127/tools/bin/../lib/gcc/arm-none-eabi/10.3.1/../../../../arm-none-eabi/lib/thumb/v7e-m+fp/hard\libc_nano.a(lib_a-findfp.o) (__retarget_lock_init_recursive)
c:/st/stm32cubeide_1.5.0/stm32cubeide/plugins/com.st.stm32cube.ide.mcu.externaltools.gnu-tools-for-stm32.10.3-2021.10.win32_1.0.0.202111181127/tools/bin/../lib/gcc/arm-none-eabi/10.3.1/../../../../arm-none-eabi/lib/thumb/v7e-m+fp/hard\libc_nano.a(lib_a-malloc.o)
                              ./Modules/Src/module_uart.o (malloc)
c:/st/stm32cubeide_1.5.0/stm32cubeide/plugins/com.st.stm32cube.ide.mcu.externaltools.gnu-tools-for-stm32.10.3-2021.10.win32_1.0.0.202111181127/tools/bin/../lib/gcc/arm-none-eabi/10.3.1/../../../../arm-none-eabi/lib/thumb/v7e-m+fp/hard\libc_nano.a(lib_a-memcpy-stub.o)
                              ./Middlewares/FreeRTOS/queue.o (memcpy)
c:/st/stm32cubeide_1.5.0/stm32cubeide/plugins/com.st.stm32cube.ide.mcu.externaltools.gnu-tools-for-stm32.10.3-2021.10.win32_1.0.0.202111181127/tools/bin/../lib/gcc/arm-none-eabi/10.3.1/../../../../arm-none-eabi/lib/thumb/v7e-m+fp/hard\libc_nano.a(lib_a-memset.o)
                              c:/st/stm32cubeide_1.5.0/stm32cubeide/plugins/com.st.stm32cube.ide.mcu.externaltools.gnu-tools-for-stm32.10.3-2021.10.win32_1.0.0.202111181127/tools/bin/../lib/gcc/arm-none-eabi/10.3.1/../../../../arm-none-eabi/lib/thumb/v7e-m+fp/hard/crt0.o (memset)
[...]
Memory Configuration

Name             Origin             Length             Attributes
CCMRAM           0x0000000010000000 0x0000000000010000 xrw
RAM              0x0000000020000000 0x0000000000020000 xrw
FLASH            0x0000000008000000 0x0000000000100000 xr
*default*        0x0000000000000000 0xffffffffffffffff

Linker script and memory map

LOAD c:/st/stm32cubeide_1.5.0/stm32cubeide/plugins/com.st.stm32cube.ide.mcu.externaltools.gnu-tools-for-stm32.10.3-2021.10.win32_1.0.0.202111181127/tools/bin/../lib/gcc/arm-none-eabi/10.3.1/thumb/v7e-m+fp/hard/crti.o
LOAD c:/st/stm32cubeide_1.5.0/stm32cubeide/plugins/com.st.stm32cube.ide.mcu.externaltools.gnu-tools-for-stm32.10.3-2021.10.win32_1.0.0.202111181127/tools/bin/../lib/gcc/arm-none-eabi/10.3.1/thumb/v7e-m+fp/hard/crtbegin.o
LOAD c:/st/stm32cubeide_1.5.0/stm32cubeide/plugins/com.st.stm32cube.ide.mcu.externaltools.gnu-tools-for-stm32.10.3-2021.10.win32_1.0.0.202111181127/tools/bin/../lib/gcc/arm-none-eabi/10.3.1/../../../../arm-none-eabi/lib/thumb/v7e-m+fp/hard/crt0.o
LOAD ./Core/Src/freertos.o
LOAD ./Core/Src/gpio.o
LOAD ./Core/Src/main.o
LOAD ./Core/Src/stm32f4xx_hal_msp.o
LOAD ./Core/Src/stm32f4xx_hal_timebase_tim.o
LOAD ./Core/Src/stm32f4xx_it.o
LOAD ./Core/Src/syscalls.o
LOAD ./Core/Src/sysmem.o
LOAD ./Core/Src/system_stm32f4xx.o
LOAD ./Core/Src/usart.o
LOAD ./Core/Startup/startup_stm32f407zgtx.o
LOAD ./Drivers/STM32F4xx_HAL_Driver/stm32f4xx_hal.o
LOAD ./Drivers/STM32F4xx_HAL_Driver/stm32f4xx_hal_cortex.o
LOAD ./Drivers/STM32F4xx_HAL_Driver/stm32f4xx_hal_dma.o
LOAD ./Drivers/STM32F4xx_HAL_Driver/stm32f4xx_hal_dma_ex.o
LOAD ./Drivers/STM32F4xx_HAL_Driver/stm32f4xx_hal_exti.o
LOAD ./Drivers/STM32F4xx_HAL_Driver/stm32f4xx_hal_flash.o
LOAD ./Drivers/STM32F4xx_HAL_Driver/stm32f4xx_hal_flash_ex.o
LOAD ./Drivers/STM32F4xx_HAL_Driver/stm32f4xx_hal_flash_ramfunc.o
LOAD ./Drivers/STM32F4xx_HAL_Driver/stm32f4xx_hal_gpio.o
LOAD ./Drivers/STM32F4xx_HAL_Driver/stm32f4xx_hal_pwr.o
LOAD ./Drivers/STM32F4xx_HAL_Driver/stm32f4xx_hal_pwr_ex.o
LOAD ./Drivers/STM32F4xx_HAL_Driver/stm32f4xx_hal_rcc.o
LOAD ./Drivers/STM32F4xx_HAL_Driver/stm32f4xx_hal_rcc_ex.o
LOAD ./Drivers/STM32F4xx_HAL_Driver/stm32f4xx_hal_tim.o
LOAD ./Drivers/STM32F4xx_HAL_Driver/stm32f4xx_hal_tim_ex.o
LOAD ./Drivers/STM32F4xx_HAL_Driver/stm32f4xx_hal_uart.o
LOAD ./Middlewares/FreeRTOS/cmsis_os.o
LOAD ./Middlewares/FreeRTOS/croutine.o
LOAD ./Middlewares/FreeRTOS/event_groups.o
LOAD ./Middlewares/FreeRTOS/heap_4.o
LOAD ./Middlewares/FreeRTOS/list.o
LOAD ./Middlewares/FreeRTOS/port.o
LOAD ./Middlewares/FreeRTOS/queue.o
LOAD ./Middlewares/FreeRTOS/stream_buffer.o
LOAD ./Middlewares/FreeRTOS/tasks.o
LOAD ./Middlewares/FreeRTOS/timers.o
LOAD ./Modules/Src/module_led.o
LOAD ./Modules/Src/module_uart.o
LOAD ./Services/Src/service_uart.o
START GROUP
LOAD c:/st/stm32cubeide_1.5.0/stm32cubeide/plugins/com.st.stm32cube.ide.mcu.externaltools.gnu-tools-for-stm32.10.3-2021.10.win32_1.0.0.202111181127/tools/bin/../lib/gcc/arm-none-eabi/10.3.1/../../../../arm-none-eabi/lib/thumb/v7e-m+fp/hard\libc_nano.a
LOAD c:/st/stm32cubeide_1.5.0/stm32cubeide/plugins/com.st.stm32cube.ide.mcu.externaltools.gnu-tools-for-stm32.10.3-2021.10.win32_1.0.0.202111181127/tools/bin/../lib/gcc/arm-none-eabi/10.3.1/../../../../arm-none-eabi/lib/thumb/v7e-m+fp/hard\libm.a
END GROUP
START GROUP
LOAD c:/st/stm32cubeide_1.5.0/stm32cubeide/plugins/com.st.stm32cube.ide.mcu.externaltools.gnu-tools-for-stm32.10.3-2021.10.win32_1.0.0.202111181127/tools/bin/../lib/gcc/arm-none-eabi/10.3.1/thumb/v7e-m+fp/hard\libgcc.a
LOAD c:/st/stm32cubeide_1.5.0/stm32cubeide/plugins/com.st.stm32cube.ide.mcu.externaltools.gnu-tools-for-stm32.10.3-2021.10.win32_1.0.0.202111181127/tools/bin/../lib/gcc/arm-none-eabi/10.3.1/../../../../arm-none-eabi/lib/thumb/v7e-m+fp/hard\libc_nano.a
END GROUP
START GROUP
LOAD c:/st/stm32cubeide_1.5.0/stm32cubeide/plugins/com.st.stm32cube.ide.mcu.externaltools.gnu-tools-for-stm32.10.3-2021.10.win32_1.0.0.202111181127/tools/bin/../lib/gcc/arm-none-eabi/10.3.1/thumb/v7e-m+fp/hard\libgcc.a
LOAD c:/st/stm32cubeide_1.5.0/stm32cubeide/plugins/com.st.stm32cube.ide.mcu.externaltools.gnu-tools-for-stm32.10.3-2021.10.win32_1.0.0.202111181127/tools/bin/../lib/gcc/arm-none-eabi/10.3.1/../../../../arm-none-eabi/lib/thumb/v7e-m+fp/hard\libc_nano.a
LOAD c:/st/stm32cubeide_1.5.0/stm32cubeide/plugins/com.st.stm32cube.ide.mcu.externaltools.gnu-tools-for-stm32.10.3-2021.10.win32_1.0.0.202111181127/tools/bin/../lib/gcc/arm-none-eabi/10.3.1/../../../../arm-none-eabi/lib/thumb/v7e-m+fp/hard\libnosys.a
END GROUP
START GROUP
LOAD c:/st/stm32cubeide_1.5.0/stm32cubeide/plugins/com.st.stm32cube.ide.mcu.externaltools.gnu-tools-for-stm32.10.3-2021.10.win32_1.0.0.202111181127/tools/bin/../lib/gcc/arm-none-eabi/10.3.1/thumb/v7e-m+fp/hard\libgcc.a
LOAD c:/st/stm32cubeide_1.5.0/stm32cubeide/plugins/com.st.stm32cube.ide.mcu.externaltools.gnu-tools-for-stm32.10.3-2021.10.win32_1.0.0.202111181127/tools/bin/../lib/gcc/arm-none-eabi/10.3.1/../../../../arm-none-eabi/lib/thumb/v7e-m+fp/hard\libc_nano.a
LOAD c:/st/stm32cubeide_1.5.0/stm32cubeide/plugins/com.st.stm32cube.ide.mcu.externaltools.gnu-tools-for-stm32.10.3-2021.10.win32_1.0.0.202111181127/tools/bin/../lib/gcc/arm-none-eabi/10.3.1/../../../../arm-none-eabi/lib/thumb/v7e-m+fp/hard\libnosys.a
END GROUP
LOAD c:/st/stm32cubeide_1.5.0/stm32cubeide/plugins/com.st.stm32cube.ide.mcu.externaltools.gnu-tools-for-stm32.10.3-2021.10.win32_1.0.0.202111181127/tools/bin/../lib/gcc/arm-none-eabi/10.3.1/thumb/v7e-m+fp/hard/crtend.o
LOAD c:/st/stm32cubeide_1.5.0/stm32cubeide/plugins/com.st.stm32cube.ide.mcu.externaltools.gnu-tools-for-stm32.10.3-2021.10.win32_1.0.0.202111181127/tools/bin/../lib/gcc/arm-none-eabi/10.3.1/thumb/v7e-m+fp/hard/crtn.o
                0x0000000020020000                _estack = (ORIGIN (RAM) + LENGTH (RAM))
                0x0000000000000200                _Min_Heap_Size = 0x200
                0x0000000000000400                _Min_Stack_Size = 0x400

.isr_vector     0x0000000008000000      0x188
                0x0000000008000000                . = ALIGN (0x4)
 *(.isr_vector)
 .isr_vector    0x0000000008000000      0x188 ./Core/Startup/startup_stm32f407zgtx.o
                0x0000000008000000                g_pfnVectors
                0x0000000008000188                . = ALIGN (0x4)

.text           0x0000000008000190     0x5390
                0x0000000008000190                . = ALIGN (0x4)
 *(.text)
 .text          0x0000000008000190       0x40 c:/st/stm32cubeide_1.5.0/stm32cubeide/plugins/com.st.stm32cube.ide.mcu.externaltools.gnu-tools-for-stm32.10.3-2021.10.win32_1.0.0.202111181127/tools/bin/../lib/gcc/arm-none-eabi/10.3.1/thumb/v7e-m+fp/hard/crtbegin.o
 .text          0x00000000080001d0       0x10 c:/st/stm32cubeide_1.5.0/stm32cubeide/plugins/com.st.stm32cube.ide.mcu.externaltools.gnu-tools-for-stm32.10.3-2021.10.win32_1.0.0.202111181127/tools/bin/../lib/gcc/arm-none-eabi/10.3.1/../../../../arm-none-eabi/lib/thumb/v7e-m+fp/hard\libc_nano.a(lib_a-strlen.o)
                0x00000000080001d0                strlen
 .text          0x00000000080001e0       0x30 c:/st/stm32cubeide_1.5.0/stm32cubeide/plugins/com.st.stm32cube.ide.mcu.externaltools.gnu-tools-for-stm32.10.3-2021.10.win32_1.0.0.202111181127/tools/bin/../lib/gcc/arm-none-eabi/10.3.1/thumb/v7e-m+fp/hard\libgcc.a(_aeabi_uldivmod.o)
                0x00000000080001e0                __aeabi_uldivmod
 .text          0x0000000008000210      0x2d0 c:/st/stm32cubeide_1.5.0/stm32cubeide/plugins/com.st.stm32cube.ide.mcu.externaltools.gnu-tools-for-stm32.10.3-2021.10.win32_1.0.0.202111181127/tools/bin/../lib/gcc/arm-none-eabi/10.3.1/thumb/v7e-m+fp/hard\libgcc.a(_udivmoddi4.o)
                0x0000000008000210                __udivmoddi4
 .text          0x00000000080004e0        0x4 c:/st/stm32cubeide_1.5.0/stm32cubeide/plugins/com.st.stm32cube.ide.mcu.externaltools.gnu-tools-for-stm32.10.3-2021.10.win32_1.0.0.202111181127/tools/bin/../lib/gcc/arm-none-eabi/10.3.1/thumb/v7e-m+fp/hard\libgcc.a(_dvmd_tls.o)
                0x00000000080004e0                __aeabi_idiv0
                0x00000000080004e0                __aeabi_ldiv0
 *(.text*)
 .text.vApplicationGetIdleTaskMemory
                0x00000000080004e4       0x34 ./Core/Src/freertos.o
                0x00000000080004e4                vApplicationGetIdleTaskMemory
 .text.vApplicationGetTimerTaskMemory
                0x0000000008000518       0x34 ./Core/Src/freertos.o
                0x0000000008000518                vApplicationGetTimerTaskMemory
 .text.MX_FREERTOS_Init
                0x000000000800054c       0x68 ./Core/Src/freertos.o
                0x000000000800054c                MX_FREERTOS_Init
 .text.StartTask100ms
                0x00000000080005b4       0x18 ./Core/Src/freertos.o
                0x00000000080005b4                StartTask100ms
 .text.StartTask500ms
                0x00000000080005cc       0x16 ./Core/Src/freertos.o
                0x00000000080005cc                StartTask500ms
 *fill*         0x00000000080005e2        0x2 
 .text.MX_GPIO_Init
                0x00000000080005e4       0x88 ./Core/Src/gpio.o
                0x00000000080005e4                MX_GPIO_Init
 .text.main     0x000000000800066c       0x1e ./Core/Src/main.o
                0x000000000800066c                main
 *fill*         0x000000000800068a        0x2 
 .text.SystemClock_Config
                0x000000000800068c       0xd4 ./Core/Src/main.o
                0x000000000800068c                SystemClock_Config
 .text.HAL_TIM_PeriodElapsedCallback
                0x0000000008000760       0x24 ./Core/Src/main.o
                0x0000000008000760                HAL_TIM_PeriodElapsedCallback
 .text.Error_Handler
                0x0000000008000784        0xa ./Core/Src/main.o
                0x0000000008000784                Error_Handler
 *fill*         0x000000000800078e        0x2 
 .text.HAL_MspInit
                0x0000000008000790       0x58 ./Core/Src/stm32f4xx_hal_msp.o
                0x0000000008000790                HAL_MspInit
 .text.HAL_InitTick
                0x00000000080007e8       0xb4 ./Core/Src/stm32f4xx_hal_timebase_tim.o
                0x00000000080007e8                HAL_InitTick
 .text.NMI_Handler
                0x000000000800089c        0x6 ./Core/Src/stm32f4xx_it.o
                0x000000000800089c                NMI_Handler
 .text.HardFault_Handler
                0x00000000080008a2        0x6 ./Core/Src/stm32f4xx_it.o
                0x00000000080008a2                HardFault_Handler
 .text.MemManage_Handler
                0x00000000080008a8        0x6 ./Core/Src/stm32f4xx_it.o
                0x00000000080008a8                MemManage_Handler
 .text.BusFault_Handler
                0x00000000080008ae        0x6 ./Core/Src/stm32f4xx_it.o
                0x00000000080008ae                BusFault_Handler
 .text.UsageFault_Handler
                0x00000000080008b4        0x6 ./Core/Src/stm32f4xx_it.o
                0x00000000080008b4                UsageFault_Handler
 .text.DebugMon_Handler
                0x00000000080008ba        0xe ./Core/Src/stm32f4xx_it.o
                0x00000000080008ba                DebugMon_Handler
 .text.TIM1_UP_TIM10_IRQHandler
                0x00000000080008c8       0x14 ./Core/Src/stm32f4xx_it.o
                0x00000000080008c8                TIM1_UP_TIM10_IRQHandler
 .text._sbrk    0x00000000080008dc       0x6c ./Core/Src/sysmem.o
                0x00000000080008dc                _sbrk
 .text.SystemInit
                0x0000000008000948       0x24 ./Core/Src/system_stm32f4xx.o
                0x0000000008000948                SystemInit
 .text.MX_USART2_UART_Init
                0x000000000800096c       0x54 ./Core/Src/usart.o
                0x000000000800096c                MX_USART2_UART_Init
 .text.HAL_UART_MspInit
                0x00000000080009c0       0x90 ./Core/Src/usart.o
                0x00000000080009c0                HAL_UART_MspInit
 .text.Reset_Handler
                0x0000000008000a50       0x50 ./Core/Startup/startup_stm32f407zgtx.o
                0x0000000008000a50                Reset_Handler
 .text.Default_Handler
                0x0000000008000aa0        0x2 ./Core/Startup/startup_stm32f407zgtx.o
                0x0000000008000aa0                RTC_Alarm_IRQHandler
                0x0000000008000aa0                HASH_RNG_IRQHandler
                0x0000000008000aa0                EXTI2_IRQHandler
                0x0000000008000aa0                TIM8_CC_IRQHandler
                0x0000000008000aa0                TIM1_CC_IRQHandler
                0x0000000008000aa0                DMA2_Stream5_IRQHandler
                0x0000000008000aa0                DMA1_Stream5_IRQHandler
                0x0000000008000aa0                PVD_IRQHandler
                0x0000000008000aa0                SDIO_IRQHandler
                0x0000000008000aa0                TAMP_STAMP_IRQHandler
                0x0000000008000aa0                CAN2_RX1_IRQHandler
                0x0000000008000aa0                EXTI3_IRQHandler
                0x0000000008000aa0                TIM8_TRG_COM_TIM14_IRQHandler
                0x0000000008000aa0                TIM8_UP_TIM13_IRQHandler
                0x0000000008000aa0                I2C3_ER_IRQHandler
                0x0000000008000aa0                EXTI0_IRQHandler
                0x0000000008000aa0                I2C2_EV_IRQHandler
                0x0000000008000aa0                DMA1_Stream2_IRQHandler
                0x0000000008000aa0                CAN1_RX0_IRQHandler
                0x0000000008000aa0                FPU_IRQHandler
                0x0000000008000aa0                OTG_HS_WKUP_IRQHandler
                0x0000000008000aa0                CAN2_SCE_IRQHandler
                0x0000000008000aa0                DMA2_Stream2_IRQHandler
                0x0000000008000aa0                SPI1_IRQHandler
                0x0000000008000aa0                TIM6_DAC_IRQHandler
                0x0000000008000aa0                TIM1_BRK_TIM9_IRQHandler
                0x0000000008000aa0                DCMI_IRQHandler
                0x0000000008000aa0                CAN2_RX0_IRQHandler
                0x0000000008000aa0                DMA2_Stream3_IRQHandler
                0x0000000008000aa0                USART6_IRQHandler
                0x0000000008000aa0                USART3_IRQHandler
                0x0000000008000aa0                CAN1_RX1_IRQHandler
                0x0000000008000aa0                UART5_IRQHandler
                0x0000000008000aa0                DMA2_Stream0_IRQHandler
                0x0000000008000aa0                TIM4_IRQHandler
                0x0000000008000aa0                I2C1_EV_IRQHandler
                0x0000000008000aa0                DMA1_Stream6_IRQHandler
                0x0000000008000aa0                DMA1_Stream1_IRQHandler
                0x0000000008000aa0                UART4_IRQHandler
                0x0000000008000aa0                TIM3_IRQHandler
                0x0000000008000aa0                RCC_IRQHandler
                0x0000000008000aa0                TIM8_BRK_TIM12_IRQHandler
                0x0000000008000aa0                Default_Handler
                0x0000000008000aa0                EXTI15_10_IRQHandler
                0x0000000008000aa0                ADC_IRQHandler
                0x0000000008000aa0                DMA1_Stream7_IRQHandler
                0x0000000008000aa0                TIM7_IRQHandler
                0x0000000008000aa0                CAN2_TX_IRQHandler
                0x0000000008000aa0                TIM5_IRQHandler
                0x0000000008000aa0                DMA2_Stream7_IRQHandler
                0x0000000008000aa0                I2C3_EV_IRQHandler
                0x0000000008000aa0                EXTI9_5_IRQHandler
                0x0000000008000aa0                RTC_WKUP_IRQHandler
                0x0000000008000aa0                ETH_WKUP_IRQHandler
                0x0000000008000aa0                SPI2_IRQHandler
                0x0000000008000aa0                OTG_HS_EP1_IN_IRQHandler
                0x0000000008000aa0                DMA1_Stream0_IRQHandler
                0x0000000008000aa0                CAN1_TX_IRQHandler
                0x0000000008000aa0                EXTI4_IRQHandler
                0x0000000008000aa0                FSMC_IRQHandler
                0x0000000008000aa0                ETH_IRQHandler
                0x0000000008000aa0                OTG_HS_EP1_OUT_IRQHandler
                0x0000000008000aa0                WWDG_IRQHandler
                0x0000000008000aa0                TIM2_IRQHandler
                0x0000000008000aa0                OTG_FS_WKUP_IRQHandler
                0x0000000008000aa0                TIM1_TRG_COM_TIM11_IRQHandler
                0x0000000008000aa0                OTG_HS_IRQHandler
                0x0000000008000aa0                EXTI1_IRQHandler
                0x0000000008000aa0                USART2_IRQHandler
                0x0000000008000aa0                I2C2_ER_IRQHandler
                0x0000000008000aa0                DMA2_Stream1_IRQHandler
                0x0000000008000aa0                CAN1_SCE_IRQHandler
                0x0000000008000aa0                FLASH_IRQHandler
                0x0000000008000aa0                DMA2_Stream4_IRQHandler
                0x0000000008000aa0                USART1_IRQHandler
                0x0000000008000aa0                OTG_FS_IRQHandler
                0x0000000008000aa0                SPI3_IRQHandler
                0x0000000008000aa0                DMA1_Stream4_IRQHandler
                0x0000000008000aa0                I2C1_ER_IRQHandler
                0x0000000008000aa0                DMA2_Stream6_IRQHandler
                0x0000000008000aa0                DMA1_Stream3_IRQHandler
 *fill*         0x0000000008000aa2        0x2 
 .text.HAL_Init
                0x0000000008000aa4       0x44 ./Drivers/STM32F4xx_HAL_Driver/stm32f4xx_hal.o
                0x0000000008000aa4                HAL_Init
 .text.HAL_IncTick
                0x0000000008000ae8       0x28 ./Drivers/STM32F4xx_HAL_Driver/stm32f4xx_hal.o
                0x0000000008000ae8                HAL_IncTick
 .text.HAL_GetTick
                0x0000000008000b10       0x18 ./Drivers/STM32F4xx_HAL_Driver/stm32f4xx_hal.o
                0x0000000008000b10                HAL_GetTick
 .text.__NVIC_SetPriorityGrouping
                0x0000000008000b28       0x48 ./Drivers/STM32F4xx_HAL_Driver/stm32f4xx_hal_cortex.o
 .text.__NVIC_GetPriorityGrouping
                0x0000000008000b70       0x1c ./Drivers/STM32F4xx_HAL_Driver/stm32f4xx_hal_cortex.o
 .text.__NVIC_EnableIRQ
                0x0000000008000b8c       0x3c ./Drivers/STM32F4xx_HAL_Driver/stm32f4xx_hal_cortex.o
 .text.__NVIC_SetPriority
                0x0000000008000bc8       0x54 ./Drivers/STM32F4xx_HAL_Driver/stm32f4xx_hal_cortex.o
 .text.NVIC_EncodePriority
                0x0000000008000c1c       0x66 ./Drivers/STM32F4xx_HAL_Driver/stm32f4xx_hal_cortex.o
 .text.HAL_NVIC_SetPriorityGrouping
                0x0000000008000c82       0x16 ./Drivers/STM32F4xx_HAL_Driver/stm32f4xx_hal_cortex.o
                0x0000000008000c82                HAL_NVIC_SetPriorityGrouping
 .text.HAL_NVIC_SetPriority
                0x0000000008000c98       0x38 ./Drivers/STM32F4xx_HAL_Driver/stm32f4xx_hal_cortex.o
                0x0000000008000c98                HAL_NVIC_SetPriority
 .text.HAL_NVIC_EnableIRQ
                0x0000000008000cd0       0x1c ./Drivers/STM32F4xx_HAL_Driver/stm32f4xx_hal_cortex.o
                0x0000000008000cd0                HAL_NVIC_EnableIRQ
 .text.HAL_GPIO_Init
                0x0000000008000cec      0x338 ./Drivers/STM32F4xx_HAL_Driver/stm32f4xx_hal_gpio.o
                0x0000000008000cec                HAL_GPIO_Init
 .text.HAL_GPIO_WritePin
                0x0000000008001024       0x32 ./Drivers/STM32F4xx_HAL_Driver/stm32f4xx_hal_gpio.o
                0x0000000008001024                HAL_GPIO_WritePin
 .text.HAL_GPIO_TogglePin
                0x0000000008001056       0x34 ./Drivers/STM32F4xx_HAL_Driver/stm32f4xx_hal_gpio.o
                0x0000000008001056                HAL_GPIO_TogglePin
 *fill*         0x000000000800108a        0x2 
 .text.HAL_RCC_OscConfig
                0x000000000800108c      0x4f0 ./Drivers/STM32F4xx_HAL_Driver/stm32f4xx_hal_rcc.o
                0x000000000800108c                HAL_RCC_OscConfig
 .text.HAL_RCC_ClockConfig
                0x000000000800157c      0x1cc ./Drivers/STM32F4xx_HAL_Driver/stm32f4xx_hal_rcc.o
                0x000000000800157c                HAL_RCC_ClockConfig
 .text.HAL_RCC_GetSysClockFreq
                0x0000000008001748      0x18c ./Drivers/STM32F4xx_HAL_Driver/stm32f4xx_hal_rcc.o
                0x0000000008001748                HAL_RCC_GetSysClockFreq
 .text.HAL_RCC_GetHCLKFreq
                0x00000000080018d4       0x18 ./Drivers/STM32F4xx_HAL_Driver/stm32f4xx_hal_rcc.o
                0x00000000080018d4                HAL_RCC_GetHCLKFreq
 .text.HAL_RCC_GetPCLK1Freq
                0x00000000080018ec       0x28 ./Drivers/STM32F4xx_HAL_Driver/stm32f4xx_hal_rcc.o
                0x00000000080018ec                HAL_RCC_GetPCLK1Freq
 .text.HAL_RCC_GetPCLK2Freq
                0x0000000008001914       0x28 ./Drivers/STM32F4xx_HAL_Driver/stm32f4xx_hal_rcc.o
                0x0000000008001914                HAL_RCC_GetPCLK2Freq
 .text.HAL_RCC_GetClockConfig
                0x000000000800193c       0x64 ./Drivers/STM32F4xx_HAL_Driver/stm32f4xx_hal_rcc.o
                0x000000000800193c                HAL_RCC_GetClockConfig
 .text.HAL_TIM_Base_Init
                0x00000000080019a0       0x9e ./Drivers/STM32F4xx_HAL_Driver/stm32f4xx_hal_tim.o
                0x00000000080019a0                HAL_TIM_Base_Init
 .text.HAL_TIM_Base_MspInit
                0x0000000008001a3e       0x14 ./Drivers/STM32F4xx_HAL_Driver/stm32f4xx_hal_tim.o
                0x0000000008001a3e                HAL_TIM_Base_MspInit
 *fill*         0x0000000008001a52        0x2 
 .text.HAL_TIM_Base_Start_IT
                0x0000000008001a54       0xe0 ./Drivers/STM32F4xx_HAL_Driver/stm32f4xx_hal_tim.o
                0x0000000008001a54                HAL_TIM_Base_Start_IT
 .text.HAL_TIM_IRQHandler
                0x0000000008001b34      0x210 ./Drivers/STM32F4xx_HAL_Driver/stm32f4xx_hal_tim.o
                0x0000000008001b34                HAL_TIM_IRQHandler
 .text.HAL_TIM_OC_DelayElapsedCallback
                0x0000000008001d44       0x14 ./Drivers/STM32F4xx_HAL_Driver/stm32f4xx_hal_tim.o
                0x0000000008001d44                HAL_TIM_OC_DelayElapsedCallback
 .text.HAL_TIM_IC_CaptureCallback
                0x0000000008001d58       0x14 ./Drivers/STM32F4xx_HAL_Driver/stm32f4xx_hal_tim.o
                0x0000000008001d58                HAL_TIM_IC_CaptureCallback
 .text.HAL_TIM_PWM_PulseFinishedCallback
                0x0000000008001d6c       0x14 ./Drivers/STM32F4xx_HAL_Driver/stm32f4xx_hal_tim.o
                0x0000000008001d6c                HAL_TIM_PWM_PulseFinishedCallback
 .text.HAL_TIM_TriggerCallback
                0x0000000008001d80       0x14 ./Drivers/STM32F4xx_HAL_Driver/stm32f4xx_hal_tim.o
                0x0000000008001d80                HAL_TIM_TriggerCallback
 .text.TIM_Base_SetConfig
                0x0000000008001d94      0x140 ./Drivers/STM32F4xx_HAL_Driver/stm32f4xx_hal_tim.o
                0x0000000008001d94                TIM_Base_SetConfig
 .text.HAL_TIMEx_CommutCallback
                0x0000000008001ed4       0x14 ./Drivers/STM32F4xx_HAL_Driver/stm32f4xx_hal_tim_ex.o
                0x0000000008001ed4                HAL_TIMEx_CommutCallback
 .text.HAL_TIMEx_BreakCallback
                0x0000000008001ee8       0x14 ./Drivers/STM32F4xx_HAL_Driver/stm32f4xx_hal_tim_ex.o
                0x0000000008001ee8                HAL_TIMEx_BreakCallback
 .text.HAL_UART_Init
                0x0000000008001efc       0x9a ./Drivers/STM32F4xx_HAL_Driver/stm32f4xx_hal_uart.o
                0x0000000008001efc                HAL_UART_Init
 .text.HAL_UART_Transmit
                0x0000000008001f96      0x124 ./Drivers/STM32F4xx_HAL_Driver/stm32f4xx_hal_uart.o
                0x0000000008001f96                HAL_UART_Transmit
 .text.UART_WaitOnFlagUntilTimeout
                0x00000000080020ba       0xdc ./Drivers/STM32F4xx_HAL_Driver/stm32f4xx_hal_uart.o
 *fill*         0x0000000008002196        0x2 
 .text.UART_SetConfig
                0x0000000008002198      0x4e8 ./Drivers/STM32F4xx_HAL_Driver/stm32f4xx_hal_uart.o
 .text.makeFreeRtosPriority
                0x0000000008002680       0x30 ./Middlewares/FreeRTOS/cmsis_os.o
 .text.osKernelStart
                0x00000000080026b0        0xe ./Middlewares/FreeRTOS/cmsis_os.o
                0x00000000080026b0                osKernelStart
 .text.osThreadCreate
                0x00000000080026be       0x98 ./Middlewares/FreeRTOS/cmsis_os.o
                0x00000000080026be                osThreadCreate
 *fill*         0x0000000008002756        0x2 
 .text.pvPortMalloc
                0x0000000008002758      0x198 ./Middlewares/FreeRTOS/heap_4.o
                0x0000000008002758                pvPortMalloc
 .text.vPortFree
                0x00000000080028f0       0xc4 ./Middlewares/FreeRTOS/heap_4.o
                0x00000000080028f0                vPortFree
 .text.prvHeapInit
                0x00000000080029b4       0xc4 ./Middlewares/FreeRTOS/heap_4.o
 .text.prvInsertBlockIntoFreeList
                0x0000000008002a78       0xb4 ./Middlewares/FreeRTOS/heap_4.o
 .text.vListInitialise
                0x0000000008002b2c       0x40 ./Middlewares/FreeRTOS/list.o
                0x0000000008002b2c                vListInitialise
 .text.vListInitialiseItem
                0x0000000008002b6c       0x1a ./Middlewares/FreeRTOS/list.o
                0x0000000008002b6c                vListInitialiseItem
 .text.vListInsertEnd
                0x0000000008002b86       0x48 ./Middlewares/FreeRTOS/list.o
                0x0000000008002b86                vListInsertEnd
 .text.vListInsert
                0x0000000008002bce       0x72 ./Middlewares/FreeRTOS/list.o
                0x0000000008002bce                vListInsert
 .text.uxListRemove
                0x0000000008002c40       0x54 ./Middlewares/FreeRTOS/list.o
                0x0000000008002c40                uxListRemove
 .text.pxPortInitialiseStack
                0x0000000008002c94       0x68 ./Middlewares/FreeRTOS/port.o
                0x0000000008002c94                pxPortInitialiseStack
 .text.prvTaskExitError
                0x0000000008002cfc       0x58 ./Middlewares/FreeRTOS/port.o
 *fill*         0x0000000008002d54        0xc 
 .text.SVC_Handler
                0x0000000008002d60       0x28 ./Middlewares/FreeRTOS/port.o
                0x0000000008002d60                SVC_Handler
 .text.prvPortStartFirstTask
                0x0000000008002d88       0x28 ./Middlewares/FreeRTOS/port.o
 .text.xPortStartScheduler
                0x0000000008002db0      0x144 ./Middlewares/FreeRTOS/port.o
                0x0000000008002db0                xPortStartScheduler
 .text.vPortEnterCritical
                0x0000000008002ef4       0x60 ./Middlewares/FreeRTOS/port.o
                0x0000000008002ef4                vPortEnterCritical
 .text.vPortExitCritical
                0x0000000008002f54       0x54 ./Middlewares/FreeRTOS/port.o
                0x0000000008002f54                vPortExitCritical
 *fill*         0x0000000008002fa8        0x8 
 .text.PendSV_Handler
                0x0000000008002fb0       0x68 ./Middlewares/FreeRTOS/port.o
                0x0000000008002fb0                PendSV_Handler
 .text.SysTick_Handler
                0x0000000008003018       0x44 ./Middlewares/FreeRTOS/port.o
                0x0000000008003018                SysTick_Handler
 .text.vPortSetupTimerInterrupt
                0x000000000800305c       0x48 ./Middlewares/FreeRTOS/port.o
                0x000000000800305c                vPortSetupTimerInterrupt
 .text.vPortEnableVFP
                0x00000000080030a4       0x14 ./Middlewares/FreeRTOS/port.o
 .text.vPortValidateInterruptPriority
                0x00000000080030b8       0x80 ./Middlewares/FreeRTOS/port.o
                0x00000000080030b8                vPortValidateInterruptPriority
 .text.xQueueGenericReset
                0x0000000008003138       0xd0 ./Middlewares/FreeRTOS/queue.o
                0x0000000008003138                xQueueGenericReset
 .text.xQueueGenericCreateStatic
                0x0000000008003208       0xf0 ./Middlewares/FreeRTOS/queue.o
                0x0000000008003208                xQueueGenericCreateStatic
 .text.prvInitialiseNewQueue
                0x00000000080032f8       0x3e ./Middlewares/FreeRTOS/queue.o
 *fill*         0x0000000008003336        0x2 
 .text.xQueueGenericSend
                0x0000000008003338      0x1fc ./Middlewares/FreeRTOS/queue.o
                0x0000000008003338                xQueueGenericSend
 .text.xQueueGenericSendFromISR
                0x0000000008003534      0x136 ./Middlewares/FreeRTOS/queue.o
                0x0000000008003534                xQueueGenericSendFromISR
 *fill*         0x000000000800366a        0x2 
 .text.xQueueReceive
                0x000000000800366c      0x1c0 ./Middlewares/FreeRTOS/queue.o
                0x000000000800366c                xQueueReceive
 .text.prvCopyDataToQueue
                0x000000000800382c       0xd4 ./Middlewares/FreeRTOS/queue.o
 .text.prvCopyDataFromQueue
                0x0000000008003900       0x4c ./Middlewares/FreeRTOS/queue.o
 .text.prvUnlockQueue
                0x000000000800394c       0xa4 ./Middlewares/FreeRTOS/queue.o
 .text.prvIsQueueEmpty
                0x00000000080039f0       0x2c ./Middlewares/FreeRTOS/queue.o
 .text.prvIsQueueFull
                0x0000000008003a1c       0x30 ./Middlewares/FreeRTOS/queue.o
 .text.vQueueAddToRegistry
                0x0000000008003a4c       0x54 ./Middlewares/FreeRTOS/queue.o
                0x0000000008003a4c                vQueueAddToRegistry
 .text.vQueueWaitForMessageRestricted
                0x0000000008003aa0       0x68 ./Middlewares/FreeRTOS/queue.o
                0x0000000008003aa0                vQueueWaitForMessageRestricted
 .text.xTaskCreateStatic
                0x0000000008003b08       0xba ./Middlewares/FreeRTOS/tasks.o
                0x0000000008003b08                xTaskCreateStatic
 .text.xTaskCreate
                0x0000000008003bc2       0x8a ./Middlewares/FreeRTOS/tasks.o
                0x0000000008003bc2                xTaskCreate
 .text.prvInitialiseNewTask
                0x0000000008003c4c      0x13c ./Middlewares/FreeRTOS/tasks.o
 .text.prvAddNewTaskToReadyList
                0x0000000008003d88       0xd4 ./Middlewares/FreeRTOS/tasks.o
 .text.vTaskDelay
                0x0000000008003e5c       0x68 ./Middlewares/FreeRTOS/tasks.o
                0x0000000008003e5c                vTaskDelay
 .text.vTaskStartScheduler
                0x0000000008003ec4       0xe0 ./Middlewares/FreeRTOS/tasks.o
                0x0000000008003ec4                vTaskStartScheduler
 .text.vTaskSuspendAll
                0x0000000008003fa4       0x1c ./Middlewares/FreeRTOS/tasks.o
                0x0000000008003fa4                vTaskSuspendAll
 .text.xTaskResumeAll
                0x0000000008003fc0      0x138 ./Middlewares/FreeRTOS/tasks.o
                0x0000000008003fc0                xTaskResumeAll
 .text.xTaskGetTickCount
                0x00000000080040f8       0x20 ./Middlewares/FreeRTOS/tasks.o
                0x00000000080040f8                xTaskGetTickCount
 .text.xTaskIncrementTick
                0x0000000008004118      0x170 ./Middlewares/FreeRTOS/tasks.o
                0x0000000008004118                xTaskIncrementTick
 .text.vTaskSwitchContext
                0x0000000008004288       0xc4 ./Middlewares/FreeRTOS/tasks.o
                0x0000000008004288                vTaskSwitchContext
 .text.vTaskPlaceOnEventList
                0x000000000800434c       0x48 ./Middlewares/FreeRTOS/tasks.o
                0x000000000800434c                vTaskPlaceOnEventList
 .text.vTaskPlaceOnEventListRestricted
                0x0000000008004394       0x58 ./Middlewares/FreeRTOS/tasks.o
                0x0000000008004394                vTaskPlaceOnEventListRestricted
 .text.xTaskRemoveFromEventList
                0x00000000080043ec       0xc4 ./Middlewares/FreeRTOS/tasks.o
                0x00000000080043ec                xTaskRemoveFromEventList
 .text.vTaskInternalSetTimeOutState
                0x00000000080044b0       0x2c ./Middlewares/FreeRTOS/tasks.o
                0x00000000080044b0                vTaskInternalSetTimeOutState
 .text.xTaskCheckForTimeOut
                0x00000000080044dc       0xc4 ./Middlewares/FreeRTOS/tasks.o
                0x00000000080044dc                xTaskCheckForTimeOut
 .text.vTaskMissedYield
                0x00000000080045a0       0x18 ./Middlewares/FreeRTOS/tasks.o
                0x00000000080045a0                vTaskMissedYield
 .text.prvIdleTask
                0x00000000080045b8       0x30 ./Middlewares/FreeRTOS/tasks.o
 .text.prvInitialiseTaskLists
                0x00000000080045e8       0x80 ./Middlewares/FreeRTOS/tasks.o
 .text.prvCheckTasksWaitingTermination
                0x0000000008004668       0x5c ./Middlewares/FreeRTOS/tasks.o
 .text.prvDeleteTCB
                0x00000000080046c4       0x68 ./Middlewares/FreeRTOS/tasks.o
 .text.prvResetNextTaskUnblockTime
                0x000000000800472c       0x40 ./Middlewares/FreeRTOS/tasks.o
 .text.xTaskGetSchedulerState
                0x000000000800476c       0x3c ./Middlewares/FreeRTOS/tasks.o
                0x000000000800476c                xTaskGetSchedulerState
 .text.xTaskPriorityDisinherit
                0x00000000080047a8      0x10c ./Middlewares/FreeRTOS/tasks.o
                0x00000000080047a8                xTaskPriorityDisinherit
 .text.prvAddCurrentTaskToDelayedList
                0x00000000080048b4       0xcc ./Middlewares/FreeRTOS/tasks.o
 .text.xTimerCreateTimerTask
                0x0000000008004980       0x90 ./Middlewares/FreeRTOS/timers.o
                0x0000000008004980                xTimerCreateTimerTask
 .text.xTimerGenericCommand
                0x0000000008004a10       0x9c ./Middlewares/FreeRTOS/timers.o
                0x0000000008004a10                xTimerGenericCommand
 .text.prvProcessExpiredTimer
                0x0000000008004aac       0x98 ./Middlewares/FreeRTOS/timers.o
 .text.prvTimerTask
                0x0000000008004b44       0x24 ./Middlewares/FreeRTOS/timers.o
 .text.prvProcessTimerOrBlockTask
                0x0000000008004b68       0x9c ./Middlewares/FreeRTOS/timers.o
 .text.prvGetNextExpireTime
                0x0000000008004c04       0x48 ./Middlewares/FreeRTOS/timers.o
 .text.prvSampleTimeNow
                0x0000000008004c4c       0x40 ./Middlewares/FreeRTOS/timers.o
 .text.prvInsertTimerInActiveList
                0x0000000008004c8c       0x84 ./Middlewares/FreeRTOS/timers.o
 .text.prvProcessReceivedCommands
                0x0000000008004d10      0x18c ./Middlewares/FreeRTOS/timers.o
 .text.prvSwitchTimerLists
                0x0000000008004e9c       0xc8 ./Middlewares/FreeRTOS/timers.o
 .text.prvCheckForValidListAndQueue
                0x0000000008004f64       0x80 ./Middlewares/FreeRTOS/timers.o
 .text.toggle_LED1
                0x0000000008004fe4       0x18 ./Modules/Src/module_led.o
                0x0000000008004fe4                toggle_LED1
 .text.UART_printTestString
                0x0000000008004ffc       0x80 ./Modules/Src/module_uart.o
                0x0000000008004ffc                UART_printTestString
 .text.UART_printLEDString
                0x000000000800507c       0x80 ./Modules/Src/module_uart.o
                0x000000000800507c                UART_printLEDString
 .text.USART2_sendString
                0x00000000080050fc       0x8c ./Services/Src/service_uart.o
                0x00000000080050fc                USART2_sendString
 .text.__errno  0x0000000008005188        0xc c:/st/stm32cubeide_1.5.0/stm32cubeide/plugins/com.st.stm32cube.ide.mcu.externaltools.gnu-tools-for-stm32.10.3-2021.10.win32_1.0.0.202111181127/tools/bin/../lib/gcc/arm-none-eabi/10.3.1/../../../../arm-none-eabi/lib/thumb/v7e-m+fp/hard\libc_nano.a(lib_a-errno.o)
                0x0000000008005188                __errno
 .text.__libc_init_array
                0x0000000008005194       0x48 c:/st/stm32cubeide_1.5.0/stm32cubeide/plugins/com.st.stm32cube.ide.mcu.externaltools.gnu-tools-for-stm32.10.3-2021.10.win32_1.0.0.202111181127/tools/bin/../lib/gcc/arm-none-eabi/10.3.1/../../../../arm-none-eabi/lib/thumb/v7e-m+fp/hard\libc_nano.a(lib_a-init.o)
                0x0000000008005194                __libc_init_array
 .text.__retarget_lock_acquire_recursive
                0x00000000080051dc        0x2 c:/st/stm32cubeide_1.5.0/stm32cubeide/plugins/com.st.stm32cube.ide.mcu.externaltools.gnu-tools-for-stm32.10.3-2021.10.win32_1.0.0.202111181127/tools/bin/../lib/gcc/arm-none-eabi/10.3.1/../../../../arm-none-eabi/lib/thumb/v7e-m+fp/hard\libc_nano.a(lib_a-lock.o)
                0x00000000080051dc                __retarget_lock_acquire_recursive
 .text.__retarget_lock_release_recursive
                0x00000000080051de        0x2 c:/st/stm32cubeide_1.5.0/stm32cubeide/plugins/com.st.stm32cube.ide.mcu.externaltools.gnu-tools-for-stm32.10.3-2021.10.win32_1.0.0.202111181127/tools/bin/../lib/gcc/arm-none-eabi/10.3.1/../../../../arm-none-eabi/lib/thumb/v7e-m+fp/hard\libc_nano.a(lib_a-lock.o)
                0x00000000080051de                __retarget_lock_release_recursive
 .text.malloc   0x00000000080051e0       0x10 c:/st/stm32cubeide_1.5.0/stm32cubeide/plugins/com.st.stm32cube.ide.mcu.externaltools.gnu-tools-for-stm32.10.3-2021.10.win32_1.0.0.202111181127/tools/bin/../lib/gcc/arm-none-eabi/10.3.1/../../../../arm-none-eabi/lib/thumb/v7e-m+fp/hard\libc_nano.a(lib_a-malloc.o)
                0x00000000080051e0                malloc
 .text.free     0x00000000080051f0       0x10 c:/st/stm32cubeide_1.5.0/stm32cubeide/plugins/com.st.stm32cube.ide.mcu.externaltools.gnu-tools-for-stm32.10.3-2021.10.win32_1.0.0.202111181127/tools/bin/../lib/gcc/arm-none-eabi/10.3.1/../../../../arm-none-eabi/lib/thumb/v7e-m+fp/hard\libc_nano.a(lib_a-malloc.o)
                0x00000000080051f0                free
 .text.memcpy   0x0000000008005200       0x1c c:/st/stm32cubeide_1.5.0/stm32cubeide/plugins/com.st.stm32cube.ide.mcu.externaltools.gnu-tools-for-stm32.10.3-2021.10.win32_1.0.0.202111181127/tools/bin/../lib/gcc/arm-none-eabi/10.3.1/../../../../arm-none-eabi/lib/thumb/v7e-m+fp/hard\libc_nano.a(lib_a-memcpy-stub.o)
                0x0000000008005200                memcpy
 .text.memset   0x000000000800521c       0x10 c:/st/stm32cubeide_1.5.0/stm32cubeide/plugins/com.st.stm32cube.ide.mcu.externaltools.gnu-tools-for-stm32.10.3-2021.10.win32_1.0.0.202111181127/tools/bin/../lib/gcc/arm-none-eabi/10.3.1/../../../../arm-none-eabi/lib/thumb/v7e-m+fp/hard\libc_nano.a(lib_a-memset.o)
                0x000000000800521c                memset
 .text._free_r  0x000000000800522c       0x98 c:/st/stm32cubeide_1.5.0/stm32cubeide/plugins/com.st.stm32cube.ide.mcu.externaltools.gnu-tools-for-stm32.10.3-2021.10.win32_1.0.0.202111181127/tools/bin/../lib/gcc/arm-none-eabi/10.3.1/../../../../arm-none-eabi/lib/thumb/v7e-m+fp/hard\libc_nano.a(lib_a-nano-freer.o)
                0x000000000800522c                _free_r
 .text.sbrk_aligned
                0x00000000080052c4       0x40 c:/st/stm32cubeide_1.5.0/stm32cubeide/plugins/com.st.stm32cube.ide.mcu.externaltools.gnu-tools-for-stm32.10.3-2021.10.win32_1.0.0.202111181127/tools/bin/../lib/gcc/arm-none-eabi/10.3.1/../../../../arm-none-eabi/lib/thumb/v7e-m+fp/hard\libc_nano.a(lib_a-nano-mallocr.o)
 .text._malloc_r
                0x0000000008005304       0xe8 c:/st/stm32cubeide_1.5.0/stm32cubeide/plugins/com.st.stm32cube.ide.mcu.externaltools.gnu-tools-for-stm32.10.3-2021.10.win32_1.0.0.202111181127/tools/bin/../lib/gcc/arm-none-eabi/10.3.1/../../../../arm-none-eabi/lib/thumb/v7e-m+fp/hard\libc_nano.a(lib_a-nano-mallocr.o)
                0x0000000008005304                _malloc_r
 .text.cleanup_glue
                0x00000000080053ec       0x1a c:/st/stm32cubeide_1.5.0/stm32cubeide/plugins/com.st.stm32cube.ide.mcu.externaltools.gnu-tools-for-stm32.10.3-2021.10.win32_1.0.0.202111181127/tools/bin/../lib/gcc/arm-none-eabi/10.3.1/../../../../arm-none-eabi/lib/thumb/v7e-m+fp/hard\libc_nano.a(lib_a-reent.o)
                0x00000000080053ec                cleanup_glue
 *fill*         0x0000000008005406        0x2 
 .text._reclaim_reent
                0x0000000008005408       0xb8 c:/st/stm32cubeide_1.5.0/stm32cubeide/plugins/com.st.stm32cube.ide.mcu.externaltools.gnu-tools-for-stm32.10.3-2021.10.win32_1.0.0.202111181127/tools/bin/../lib/gcc/arm-none-eabi/10.3.1/../../../../arm-none-eabi/lib/thumb/v7e-m+fp/hard\libc_nano.a(lib_a-reent.o)
                0x0000000008005408                _reclaim_reent
 .text._sbrk_r  0x00000000080054c0       0x20 c:/st/stm32cubeide_1.5.0/stm32cubeide/plugins/com.st.stm32cube.ide.mcu.externaltools.gnu-tools-for-stm32.10.3-2021.10.win32_1.0.0.202111181127/tools/bin/../lib/gcc/arm-none-eabi/10.3.1/../../../../arm-none-eabi/lib/thumb/v7e-m+fp/hard\libc_nano.a(lib_a-sbrkr.o)
                0x00000000080054c0                _sbrk_r
 .text.strcpy   0x00000000080054e0       0x10 c:/st/stm32cubeide_1.5.0/stm32cubeide/plugins/com.st.stm32cube.ide.mcu.externaltools.gnu-tools-for-stm32.10.3-2021.10.win32_1.0.0.202111181127/tools/bin/../lib/gcc/arm-none-eabi/10.3.1/../../../../arm-none-eabi/lib/thumb/v7e-m+fp/hard\libc_nano.a(lib_a-strcpy.o)
                0x00000000080054e0                strcpy
 .text.__malloc_lock
                0x00000000080054f0        0xc c:/st/stm32cubeide_1.5.0/stm32cubeide/plugins/com.st.stm32cube.ide.mcu.externaltools.gnu-tools-for-stm32.10.3-2021.10.win32_1.0.0.202111181127/tools/bin/../lib/gcc/arm-none-eabi/10.3.1/../../../../arm-none-eabi/lib/thumb/v7e-m+fp/hard\libc_nano.a(lib_a-mlock.o)
                0x00000000080054f0                __malloc_lock
 .text.__malloc_unlock
                0x00000000080054fc        0xc c:/st/stm32cubeide_1.5.0/stm32cubeide/plugins/com.st.stm32cube.ide.mcu.externaltools.gnu-tools-for-stm32.10.3-2021.10.win32_1.0.0.202111181127/tools/bin/../lib/gcc/arm-none-eabi/10.3.1/../../../../arm-none-eabi/lib/thumb/v7e-m+fp/hard\libc_nano.a(lib_a-mlock.o)
                0x00000000080054fc                __malloc_unlock
 *(.glue_7)
 .glue_7        0x0000000008005508        0x0 linker stubs
 *(.glue_7t)
 .glue_7t       0x0000000008005508        0x0 linker stubs
 *(.eh_frame)
 .eh_frame      0x0000000008005508        0x0 c:/st/stm32cubeide_1.5.0/stm32cubeide/plugins/com.st.stm32cube.ide.mcu.externaltools.gnu-tools-for-stm32.10.3-2021.10.win32_1.0.0.202111181127/tools/bin/../lib/gcc/arm-none-eabi/10.3.1/thumb/v7e-m+fp/hard/crtbegin.o
 *(.init)
 .init          0x0000000008005508        0x4 c:/st/stm32cubeide_1.5.0/stm32cubeide/plugins/com.st.stm32cube.ide.mcu.externaltools.gnu-tools-for-stm32.10.3-2021.10.win32_1.0.0.202111181127/tools/bin/../lib/gcc/arm-none-eabi/10.3.1/thumb/v7e-m+fp/hard/crti.o
                0x0000000008005508                _init
 .init          0x000000000800550c        0x8 c:/st/stm32cubeide_1.5.0/stm32cubeide/plugins/com.st.stm32cube.ide.mcu.externaltools.gnu-tools-for-stm32.10.3-2021.10.win32_1.0.0.202111181127/tools/bin/../lib/gcc/arm-none-eabi/10.3.1/thumb/v7e-m+fp/hard/crtn.o
 *(.fini)
 .fini          0x0000000008005514        0x4 c:/st/stm32cubeide_1.5.0/stm32cubeide/plugins/com.st.stm32cube.ide.mcu.externaltools.gnu-tools-for-stm32.10.3-2021.10.win32_1.0.0.202111181127/tools/bin/../lib/gcc/arm-none-eabi/10.3.1/thumb/v7e-m+fp/hard/crti.o
                0x0000000008005514                _fini
 .fini          0x0000000008005518        0x8 c:/st/stm32cubeide_1.5.0/stm32cubeide/plugins/com.st.stm32cube.ide.mcu.externaltools.gnu-tools-for-stm32.10.3-2021.10.win32_1.0.0.202111181127/tools/bin/../lib/gcc/arm-none-eabi/10.3.1/thumb/v7e-m+fp/hard/crtn.o
                0x0000000008005520                . = ALIGN (0x4)
                0x0000000008005520                _etext = .

.vfp11_veneer   0x0000000008005520        0x0
 .vfp11_veneer  0x0000000008005520        0x0 linker stubs

.v4_bx          0x0000000008005520        0x0
 .v4_bx         0x0000000008005520        0x0 linker stubs

.iplt           0x0000000008005520        0x0
 .iplt          0x0000000008005520        0x0 c:/st/stm32cubeide_1.5.0/stm32cubeide/plugins/com.st.stm32cube.ide.mcu.externaltools.gnu-tools-for-stm32.10.3-2021.10.win32_1.0.0.202111181127/tools/bin/../lib/gcc/arm-none-eabi/10.3.1/thumb/v7e-m+fp/hard/crtbegin.o

.rodata         0x0000000008005520      0x100
                0x0000000008005520                . = ALIGN (0x4)
 *(.rodata)
 .rodata        0x0000000008005520       0x50 ./Core/Src/freertos.o
 .rodata        0x0000000008005570        0x5 ./Middlewares/FreeRTOS/tasks.o
 *fill*         0x0000000008005575        0x3 
 .rodata        0x0000000008005578        0xd ./Middlewares/FreeRTOS/timers.o
 *fill*         0x0000000008005585        0x3 
 .rodata        0x0000000008005588       0x1a ./Modules/Src/module_uart.o
 *fill*         0x00000000080055a2        0x2 
 .rodata        0x00000000080055a4        0x3 ./Services/Src/service_uart.o
 *(.rodata*)
 *fill*         0x00000000080055a7        0x1 
 .rodata.AHBPrescTable
                0x00000000080055a8       0x10 ./Core/Src/system_stm32f4xx.o
                0x00000000080055a8                AHBPrescTable
 .rodata.APBPrescTable
                0x00000000080055b8        0x8 ./Core/Src/system_stm32f4xx.o
                0x00000000080055b8                APBPrescTable
 .rodata.__sf_fake_stderr
                0x00000000080055c0       0x20 c:/st/stm32cubeide_1.5.0/stm32cubeide/plugins/com.st.stm32cube.ide.mcu.externaltools.gnu-tools-for-stm32.10.3-2021.10.win32_1.0.0.202111181127/tools/bin/../lib/gcc/arm-none-eabi/10.3.1/../../../../arm-none-eabi/lib/thumb/v7e-m+fp/hard\libc_nano.a(lib_a-findfp.o)
                0x00000000080055c0                __sf_fake_stderr
 .rodata.__sf_fake_stdin
                0x00000000080055e0       0x20 c:/st/stm32cubeide_1.5.0/stm32cubeide/plugins/com.st.stm32cube.ide.mcu.externaltools.gnu-tools-for-stm32.10.3-2021.10.win32_1.0.0.202111181127/tools/bin/../lib/gcc/arm-none-eabi/10.3.1/../../../../arm-none-eabi/lib/thumb/v7e-m+fp/hard\libc_nano.a(lib_a-findfp.o)
                0x00000000080055e0                __sf_fake_stdin
 .rodata.__sf_fake_stdout
                0x0000000008005600       0x20 c:/st/stm32cubeide_1.5.0/stm32cubeide/plugins/com.st.stm32cube.ide.mcu.externaltools.gnu-tools-for-stm32.10.3-2021.10.win32_1.0.0.202111181127/tools/bin/../lib/gcc/arm-none-eabi/10.3.1/../../../../arm-none-eabi/lib/thumb/v7e-m+fp/hard\libc_nano.a(lib_a-findfp.o)
                0x0000000008005600                __sf_fake_stdout
                0x0000000008005620                . = ALIGN (0x4)

.ARM.extab      0x0000000008005620        0x0
                0x0000000008005620                . = ALIGN (0x4)
 *(.ARM.extab* .gnu.linkonce.armextab.*)
                0x0000000008005620                . = ALIGN (0x4)

.ARM            0x0000000008005620        0x8
                0x0000000008005620                . = ALIGN (0x4)
                0x0000000008005620                __exidx_start = .
 *(.ARM.exidx*)
 .ARM.exidx     0x0000000008005620        0x8 c:/st/stm32cubeide_1.5.0/stm32cubeide/plugins/com.st.stm32cube.ide.mcu.externaltools.gnu-tools-for-stm32.10.3-2021.10.win32_1.0.0.202111181127/tools/bin/../lib/gcc/arm-none-eabi/10.3.1/thumb/v7e-m+fp/hard\libgcc.a(_udivmoddi4.o)
                0x0000000008005628                __exidx_end = .
                0x0000000008005628                . = ALIGN (0x4)

.rel.dyn        0x0000000008005628        0x0
 .rel.iplt      0x0000000008005628        0x0 c:/st/stm32cubeide_1.5.0/stm32cubeide/plugins/com.st.stm32cube.ide.mcu.externaltools.gnu-tools-for-stm32.10.3-2021.10.win32_1.0.0.202111181127/tools/bin/../lib/gcc/arm-none-eabi/10.3.1/thumb/v7e-m+fp/hard/crtbegin.o

.preinit_array  0x0000000008005628        0x0
                0x0000000008005628                . = ALIGN (0x4)
                0x0000000008005628                PROVIDE (__preinit_array_start = .)
 *(.preinit_array*)
                0x0000000008005628                PROVIDE (__preinit_array_end = .)
                0x0000000008005628                . = ALIGN (0x4)

.init_array     0x0000000008005628        0x4
                0x0000000008005628                . = ALIGN (0x4)
                0x0000000008005628                PROVIDE (__init_array_start = .)
 *(SORT_BY_NAME(.init_array.*))
 *(.init_array*)
 .init_array    0x0000000008005628        0x4 c:/st/stm32cubeide_1.5.0/stm32cubeide/plugins/com.st.stm32cube.ide.mcu.externaltools.gnu-tools-for-stm32.10.3-2021.10.win32_1.0.0.202111181127/tools/bin/../lib/gcc/arm-none-eabi/10.3.1/thumb/v7e-m+fp/hard/crtbegin.o
                0x000000000800562c                PROVIDE (__init_array_end = .)
                0x000000000800562c                . = ALIGN (0x4)

.fini_array     0x000000000800562c        0x4
                0x000000000800562c                . = ALIGN (0x4)
                [!provide]                        PROVIDE (__fini_array_start = .)
 *(SORT_BY_NAME(.fini_array.*))
 *(.fini_array*)
 .fini_array    0x000000000800562c        0x4 c:/st/stm32cubeide_1.5.0/stm32cubeide/plugins/com.st.stm32cube.ide.mcu.externaltools.gnu-tools-for-stm32.10.3-2021.10.win32_1.0.0.202111181127/tools/bin/../lib/gcc/arm-none-eabi/10.3.1/thumb/v7e-m+fp/hard/crtbegin.o
                [!provide]                        PROVIDE (__fini_array_end = .)
                0x0000000008005630                . = ALIGN (0x4)
                0x0000000008005630                _sidata = LOADADDR (.data)

.data           0x0000000020000000       0x74 load address 0x0000000008005630
                0x0000000020000000                . = ALIGN (0x4)
                0x0000000020000000                _sdata = .
 *(.data)
 *(.data*)
 .data.SystemCoreClock
                0x0000000020000000        0x4 ./Core/Src/system_stm32f4xx.o
                0x0000000020000000                SystemCoreClock
 .data.uwTickPrio
                0x0000000020000004        0x4 ./Drivers/STM32F4xx_HAL_Driver/stm32f4xx_hal.o
                0x0000000020000004                uwTickPrio
 .data.uwTickFreq
                0x0000000020000008        0x1 ./Drivers/STM32F4xx_HAL_Driver/stm32f4xx_hal.o
                0x0000000020000008                uwTickFreq
 *fill*         0x0000000020000009        0x3 
 .data.uxCriticalNesting
                0x000000002000000c        0x4 ./Middlewares/FreeRTOS/port.o
 .data._impure_ptr
                0x0000000020000010        0x4 c:/st/stm32cubeide_1.5.0/stm32cubeide/plugins/com.st.stm32cube.ide.mcu.externaltools.gnu-tools-for-stm32.10.3-2021.10.win32_1.0.0.202111181127/tools/bin/../lib/gcc/arm-none-eabi/10.3.1/../../../../arm-none-eabi/lib/thumb/v7e-m+fp/hard\libc_nano.a(lib_a-impure.o)
                0x0000000020000010                _impure_ptr
 .data.impure_data
                0x0000000020000014       0x60 c:/st/stm32cubeide_1.5.0/stm32cubeide/plugins/com.st.stm32cube.ide.mcu.externaltools.gnu-tools-for-stm32.10.3-2021.10.win32_1.0.0.202111181127/tools/bin/../lib/gcc/arm-none-eabi/10.3.1/../../../../arm-none-eabi/lib/thumb/v7e-m+fp/hard\libc_nano.a(lib_a-impure.o)
 *(.RamFunc)
 *(.RamFunc*)
                0x0000000020000074                . = ALIGN (0x4)
                0x0000000020000074                _edata = .
                0x00000000080056a4                _siccmram = LOADADDR (.ccmram)

.igot.plt       0x0000000020000074        0x0 load address 0x00000000080056a4
 .igot.plt      0x0000000020000074        0x0 c:/st/stm32cubeide_1.5.0/stm32cubeide/plugins/com.st.stm32cube.ide.mcu.externaltools.gnu-tools-for-stm32.10.3-2021.10.win32_1.0.0.202111181127/tools/bin/../lib/gcc/arm-none-eabi/10.3.1/thumb/v7e-m+fp/hard/crtbegin.o

.ccmram         0x0000000010000000        0x0 load address 0x00000000080056a4
                0x0000000010000000                . = ALIGN (0x4)
                0x0000000010000000                _sccmram = .
 *(.ccmram)
 *(.ccmram*)
                0x0000000010000000                . = ALIGN (0x4)
                0x0000000010000000                _eccmram = .
                0x0000000010000000                . = ALIGN (0x4)

.bss            0x0000000020000074     0x46cc
                0x0000000020000074                _sbss = .
                0x0000000020000074                __bss_start__ = _sbss
 *(.bss)
 .bss           0x0000000020000074       0x1c c:/st/stm32cubeide_1.5.0/stm32cubeide/plugins/com.st.stm32cube.ide.mcu.externaltools.gnu-tools-for-stm32.10.3-2021.10.win32_1.0.0.202111181127/tools/bin/../lib/gcc/arm-none-eabi/10.3.1/thumb/v7e-m+fp/hard/crtbegin.o
 *(.bss*)
 .bss.task_100msHandle
                0x0000000020000090        0x4 ./Core/Src/freertos.o
                0x0000000020000090                task_100msHandle
 .bss.task_500msHandle
                0x0000000020000094        0x4 ./Core/Src/freertos.o
                0x0000000020000094                task_500msHandle
 .bss.xIdleTaskTCBBuffer
                0x0000000020000098       0xb4 ./Core/Src/freertos.o
 .bss.xIdleStack
                0x000000002000014c      0x200 ./Core/Src/freertos.o
 .bss.xTimerTaskTCBBuffer
                0x000000002000034c       0xb4 ./Core/Src/freertos.o
 .bss.xTimerStack
                0x0000000020000400      0x400 ./Core/Src/freertos.o
 .bss.htim1     0x0000000020000800       0x48 ./Core/Src/stm32f4xx_hal_timebase_tim.o
                0x0000000020000800                htim1
 .bss.__sbrk_heap_end
                0x0000000020000848        0x4 ./Core/Src/sysmem.o
 .bss.huart2    0x000000002000084c       0x44 ./Core/Src/usart.o
                0x000000002000084c                huart2
 .bss.uwTick    0x0000000020000890        0x4 ./Drivers/STM32F4xx_HAL_Driver/stm32f4xx_hal.o
                0x0000000020000890                uwTick
 .bss.ucHeap    0x0000000020000894     0x3c00 ./Middlewares/FreeRTOS/heap_4.o
 .bss.xStart    0x0000000020004494        0x8 ./Middlewares/FreeRTOS/heap_4.o
 .bss.pxEnd     0x000000002000449c        0x4 ./Middlewares/FreeRTOS/heap_4.o
 .bss.xFreeBytesRemaining
                0x00000000200044a0        0x4 ./Middlewares/FreeRTOS/heap_4.o
 .bss.xMinimumEverFreeBytesRemaining
                0x00000000200044a4        0x4 ./Middlewares/FreeRTOS/heap_4.o
 .bss.xNumberOfSuccessfulAllocations
                0x00000000200044a8        0x4 ./Middlewares/FreeRTOS/heap_4.o
 .bss.xNumberOfSuccessfulFrees
                0x00000000200044ac        0x4 ./Middlewares/FreeRTOS/heap_4.o
 .bss.xBlockAllocatedBit
                0x00000000200044b0        0x4 ./Middlewares/FreeRTOS/heap_4.o
 .bss.ucMaxSysCallPriority
                0x00000000200044b4        0x1 ./Middlewares/FreeRTOS/port.o
 *fill*         0x00000000200044b5        0x3 
 .bss.ulMaxPRIGROUPValue
                0x00000000200044b8        0x4 ./Middlewares/FreeRTOS/port.o
 .bss.xQueueRegistry
                0x00000000200044bc       0x40 ./Middlewares/FreeRTOS/queue.o
                0x00000000200044bc                xQueueRegistry
 .bss.pxCurrentTCB
                0x00000000200044fc        0x4 ./Middlewares/FreeRTOS/tasks.o
                0x00000000200044fc                pxCurrentTCB
 .bss.pxReadyTasksLists
                0x0000000020004500       0x8c ./Middlewares/FreeRTOS/tasks.o
 .bss.xDelayedTaskList1
                0x000000002000458c       0x14 ./Middlewares/FreeRTOS/tasks.o
 .bss.xDelayedTaskList2
                0x00000000200045a0       0x14 ./Middlewares/FreeRTOS/tasks.o
 .bss.pxDelayedTaskList
                0x00000000200045b4        0x4 ./Middlewares/FreeRTOS/tasks.o
 .bss.pxOverflowDelayedTaskList
                0x00000000200045b8        0x4 ./Middlewares/FreeRTOS/tasks.o
 .bss.xPendingReadyList
                0x00000000200045bc       0x14 ./Middlewares/FreeRTOS/tasks.o
 .bss.xTasksWaitingTermination
                0x00000000200045d0       0x14 ./Middlewares/FreeRTOS/tasks.o
 .bss.uxDeletedTasksWaitingCleanUp
                0x00000000200045e4        0x4 ./Middlewares/FreeRTOS/tasks.o
 .bss.xSuspendedTaskList
                0x00000000200045e8       0x14 ./Middlewares/FreeRTOS/tasks.o
 .bss.uxCurrentNumberOfTasks
                0x00000000200045fc        0x4 ./Middlewares/FreeRTOS/tasks.o
 .bss.xTickCount
                0x0000000020004600        0x4 ./Middlewares/FreeRTOS/tasks.o
 .bss.uxTopReadyPriority
                0x0000000020004604        0x4 ./Middlewares/FreeRTOS/tasks.o
 .bss.xSchedulerRunning
                0x0000000020004608        0x4 ./Middlewares/FreeRTOS/tasks.o
 .bss.xPendedTicks
                0x000000002000460c        0x4 ./Middlewares/FreeRTOS/tasks.o
 .bss.xYieldPending
                0x0000000020004610        0x4 ./Middlewares/FreeRTOS/tasks.o
 .bss.xNumOfOverflows
                0x0000000020004614        0x4 ./Middlewares/FreeRTOS/tasks.o
 .bss.uxTaskNumber
                0x0000000020004618        0x4 ./Middlewares/FreeRTOS/tasks.o
 .bss.xNextTaskUnblockTime
                0x000000002000461c        0x4 ./Middlewares/FreeRTOS/tasks.o
 .bss.xIdleTaskHandle
                0x0000000020004620        0x4 ./Middlewares/FreeRTOS/tasks.o
 .bss.uxSchedulerSuspended
                0x0000000020004624        0x4 ./Middlewares/FreeRTOS/tasks.o
 .bss.xActiveTimerList1
                0x0000000020004628       0x14 ./Middlewares/FreeRTOS/timers.o
 .bss.xActiveTimerList2
                0x000000002000463c       0x14 ./Middlewares/FreeRTOS/timers.o
 .bss.pxCurrentTimerList
                0x0000000020004650        0x4 ./Middlewares/FreeRTOS/timers.o
 .bss.pxOverflowTimerList
                0x0000000020004654        0x4 ./Middlewares/FreeRTOS/timers.o
 .bss.xTimerQueue
                0x0000000020004658        0x4 ./Middlewares/FreeRTOS/timers.o
 .bss.xTimerTaskHandle
                0x000000002000465c        0x4 ./Middlewares/FreeRTOS/timers.o
 .bss.xLastTime.2
                0x0000000020004660        0x4 ./Middlewares/FreeRTOS/timers.o
 .bss.ucStaticTimerQueueStorage.1
                0x0000000020004664       0x78 ./Middlewares/FreeRTOS/timers.o
 .bss.xStaticTimerQueue.0
                0x00000000200046dc       0x48 ./Middlewares/FreeRTOS/timers.o
 .bss.testStr   0x0000000020004724        0x4 ./Modules/Src/module_uart.o
                0x0000000020004724                testStr
 .bss.testStrCat
                0x0000000020004728        0x4 ./Modules/Src/module_uart.o
                0x0000000020004728                testStrCat
 .bss.numberStr
                0x000000002000472c        0x4 ./Modules/Src/module_uart.o
                0x000000002000472c                numberStr
 .bss.__lock___malloc_recursive_mutex
                0x0000000020004730        0x1 c:/st/stm32cubeide_1.5.0/stm32cubeide/plugins/com.st.stm32cube.ide.mcu.externaltools.gnu-tools-for-stm32.10.3-2021.10.win32_1.0.0.202111181127/tools/bin/../lib/gcc/arm-none-eabi/10.3.1/../../../../arm-none-eabi/lib/thumb/v7e-m+fp/hard\libc_nano.a(lib_a-lock.o)
                0x0000000020004730                __lock___malloc_recursive_mutex
 *fill*         0x0000000020004731        0x3 
 .bss.__malloc_free_list
                0x0000000020004734        0x4 c:/st/stm32cubeide_1.5.0/stm32cubeide/plugins/com.st.stm32cube.ide.mcu.externaltools.gnu-tools-for-stm32.10.3-2021.10.win32_1.0.0.202111181127/tools/bin/../lib/gcc/arm-none-eabi/10.3.1/../../../../arm-none-eabi/lib/thumb/v7e-m+fp/hard\libc_nano.a(lib_a-nano-mallocr.o)
                0x0000000020004734                __malloc_free_list
 .bss.__malloc_sbrk_start
                0x0000000020004738        0x4 c:/st/stm32cubeide_1.5.0/stm32cubeide/plugins/com.st.stm32cube.ide.mcu.externaltools.gnu-tools-for-stm32.10.3-2021.10.win32_1.0.0.202111181127/tools/bin/../lib/gcc/arm-none-eabi/10.3.1/../../../../arm-none-eabi/lib/thumb/v7e-m+fp/hard\libc_nano.a(lib_a-nano-mallocr.o)
                0x0000000020004738                __malloc_sbrk_start
 .bss.errno     0x000000002000473c        0x4 c:/st/stm32cubeide_1.5.0/stm32cubeide/plugins/com.st.stm32cube.ide.mcu.externaltools.gnu-tools-for-stm32.10.3-2021.10.win32_1.0.0.202111181127/tools/bin/../lib/gcc/arm-none-eabi/10.3.1/../../../../arm-none-eabi/lib/thumb/v7e-m+fp/hard\libc_nano.a(lib_a-reent.o)
                0x000000002000473c                errno
 *(COMMON)
                0x0000000020004740                . = ALIGN (0x4)
                0x0000000020004740                _ebss = .
                0x0000000020004740                __bss_end__ = _ebss

._user_heap_stack
                0x0000000020004740      0x600
                0x0000000020004740                . = ALIGN (0x8)
                [!provide]                        PROVIDE (end = .)
                0x0000000020004740                PROVIDE (_end = .)
                0x0000000020004940                . = (. + _Min_Heap_Size)
 *fill*         0x0000000020004740      0x200 
                0x0000000020004d40                . = (. + _Min_Stack_Size)
 *fill*         0x0000000020004940      0x400 
                0x0000000020004d40                . = ALIGN (0x8)

/DISCARD/
 libc.a(*)
 libm.a(*)
 libgcc.a(*)

.ARM.attributes
                0x0000000000000000       0x30
 *(.ARM.attributes)
 .ARM.attributes
                0x0000000000000000       0x1e c:/st/stm32cubeide_1.5.0/stm32cubeide/plugins/com.st.stm32cube.ide.mcu.externaltools.gnu-tools-for-stm32.10.3-2021.10.win32_1.0.0.202111181127/tools/bin/../lib/gcc/arm-none-eabi/10.3.1/thumb/v7e-m+fp/hard/crti.o
 .ARM.attributes
                0x000000000000001e       0x34 c:/st/stm32cubeide_1.5.0/stm32cubeide/plugins/com.st.stm32cube.ide.mcu.externaltools.gnu-tools-for-stm32.10.3-2021.10.win32_1.0.0.202111181127/tools/bin/../lib/gcc/arm-none-eabi/10.3.1/thumb/v7e-m+fp/hard/crtbegin.o
 .ARM.attributes
                0x0000000000000052       0x34 ./Core/Src/freertos.o
 .ARM.attributes
                0x0000000000000086       0x34 ./Core/Src/gpio.o
 .ARM.attributes
                0x00000000000000ba       0x34 ./Core/Src/main.o
 .ARM.attributes
                0x00000000000000ee       0x34 ./Core/Src/stm32f4xx_hal_msp.o
 .ARM.attributes
                0x0000000000000122       0x34 ./Core/Src/stm32f4xx_hal_timebase_tim.o
 .ARM.attributes
                0x0000000000000156       0x34 ./Core/Src/stm32f4xx_it.o
 .ARM.attributes
                0x000000000000018a       0x34 ./Core/Src/sysmem.o
 .ARM.attributes
                0x00000000000001be       0x34 ./Core/Src/system_stm32f4xx.o
 .ARM.attributes
                0x00000000000001f2       0x34 ./Core/Src/usart.o
 .ARM.attributes
                0x0000000000000226       0x21 ./Core/Startup/startup_stm32f407zgtx.o
 .ARM.attributes
                0x0000000000000247       0x34 ./Drivers/STM32F4xx_HAL_Driver/stm32f4xx_hal.o
 .ARM.attributes
                0x000000000000027b       0x34 ./Drivers/STM32F4xx_HAL_Driver/stm32f4xx_hal_cortex.o
 .ARM.attributes
                0x00000000000002af       0x34 ./Drivers/STM32F4xx_HAL_Driver/stm32f4xx_hal_gpio.o
 .ARM.attributes
                0x00000000000002e3       0x34 ./Drivers/STM32F4xx_HAL_Driver/stm32f4xx_hal_rcc.o
 .ARM.attributes
                0x0000000000000317       0x34 ./Drivers/STM32F4xx_HAL_Driver/stm32f4xx_hal_tim.o
 .ARM.attributes
                0x000000000000034b       0x34 ./Drivers/STM32F4xx_HAL_Driver/stm32f4xx_hal_tim_ex.o
 .ARM.attributes
                0x000000000000037f       0x34 ./Drivers/STM32F4xx_HAL_Driver/stm32f4xx_hal_uart.o
 .ARM.attributes
                0x00000000000003b3       0x34 ./Middlewares/FreeRTOS/cmsis_os.o
 .ARM.attributes
                0x00000000000003e7       0x34 ./Middlewares/FreeRTOS/heap_4.o
 .ARM.attributes
                0x000000000000041b       0x34 ./Middlewares/FreeRTOS/list.o
 .ARM.attributes
                0x000000000000044f       0x34 ./Middlewares/FreeRTOS/port.o
 .ARM.attributes
                0x0000000000000483       0x34 ./Middlewares/FreeRTOS/queue.o
 .ARM.attributes
                0x00000000000004b7       0x34 ./Middlewares/FreeRTOS/tasks.o
 .ARM.attributes
                0x00000000000004eb       0x34 ./Middlewares/FreeRTOS/timers.o
 .ARM.attributes
                0x000000000000051f       0x34 ./Modules/Src/module_led.o
 .ARM.attributes
                0x0000000000000553       0x34 ./Modules/Src/module_uart.o
 .ARM.attributes
                0x0000000000000587       0x34 ./Services/Src/service_uart.o
 .ARM.attributes
                0x00000000000005bb       0x34 c:/st/stm32cubeide_1.5.0/stm32cubeide/plugins/com.st.stm32cube.ide.mcu.externaltools.gnu-tools-for-stm32.10.3-2021.10.win32_1.0.0.202111181127/tools/bin/../lib/gcc/arm-none-eabi/10.3.1/../../../../arm-none-eabi/lib/thumb/v7e-m+fp/hard\libc_nano.a(lib_a-errno.o)
 .ARM.attributes
                0x00000000000005ef       0x34 c:/st/stm32cubeide_1.5.0/stm32cubeide/plugins/com.st.stm32cube.ide.mcu.externaltools.gnu-tools-for-stm32.10.3-2021.10.win32_1.0.0.202111181127/tools/bin/../lib/gcc/arm-none-eabi/10.3.1/../../../../arm-none-eabi/lib/thumb/v7e-m+fp/hard\libc_nano.a(lib_a-findfp.o)
 .ARM.attributes
                0x0000000000000623       0x34 c:/st/stm32cubeide_1.5.0/stm32cubeide/plugins/com.st.stm32cube.ide.mcu.externaltools.gnu-tools-for-stm32.10.3-2021.10.win32_1.0.0.202111181127/tools/bin/../lib/gcc/arm-none-eabi/10.3.1/../../../../arm-none-eabi/lib/thumb/v7e-m+fp/hard\libc_nano.a(lib_a-impure.o)
 .ARM.attributes
                0x0000000000000657       0x34 c:/st/stm32cubeide_1.5.0/stm32cubeide/plugins/com.st.stm32cube.ide.mcu.externaltools.gnu-tools-for-stm32.10.3-2021.10.win32_1.0.0.202111181127/tools/bin/../lib/gcc/arm-none-eabi/10.3.1/../../../../arm-none-eabi/lib/thumb/v7e-m+fp/hard\libc_nano.a(lib_a-init.o)
 .ARM.attributes
                0x000000000000068b       0x34 c:/st/stm32cubeide_1.5.0/stm32cubeide/plugins/com.st.stm32cube.ide.mcu.externaltools.gnu-tools-for-stm32.10.3-2021.10.win32_1.0.0.202111181127/tools/bin/../lib/gcc/arm-none-eabi/10.3.1/../../../../arm-none-eabi/lib/thumb/v7e-m+fp/hard\libc_nano.a(lib_a-lock.o)
 .ARM.attributes
                0x00000000000006bf       0x34 c:/st/stm32cubeide_1.5.0/stm32cubeide/plugins/com.st.stm32cube.ide.mcu.externaltools.gnu-tools-for-stm32.10.3-2021.10.win32_1.0.0.202111181127/tools/bin/../lib/gcc/arm-none-eabi/10.3.1/../../../../arm-none-eabi/lib/thumb/v7e-m+fp/hard\libc_nano.a(lib_a-malloc.o)
 .ARM.attributes
                0x00000000000006f3       0x34 c:/st/stm32cubeide_1.5.0/stm32cubeide/plugins/com.st.stm32cube.ide.mcu.externaltools.gnu-tools-for-stm32.10.3-2021.10.win32_1.0.0.202111181127/tools/bin/../lib/gcc/arm-none-eabi/10.3.1/../../../../arm-none-eabi/lib/thumb/v7e-m+fp/hard\libc_nano.a(lib_a-memcpy-stub.o)
 .ARM.attributes
                0x0000000000000727       0x34 c:/st/stm32cubeide_1.5.0/stm32cubeide/plugins/com.st.stm32cube.ide.mcu.externaltools.gnu-tools-for-stm32.10.3-2021.10.win32_1.0.0.202111181127/tools/bin/../lib/gcc/arm-none-eabi/10.3.1/../../../../arm-none-eabi/lib/thumb/v7e-m+fp/hard\libc_nano.a(lib_a-memset.o)
 .ARM.attributes
                0x000000000000075b       0x34 c:/st/stm32cubeide_1.5.0/stm32cubeide/plugins/com.st.stm32cube.ide.mcu.externaltools.gnu-tools-for-stm32.10.3-2021.10.win32_1.0.0.202111181127/tools/bin/../lib/gcc/arm-none-eabi/10.3.1/../../../../arm-none-eabi/lib/thumb/v7e-m+fp/hard\libc_nano.a(lib_a-nano-freer.o)
 .ARM.attributes
                0x000000000000078f       0x34 c:/st/stm32cubeide_1.5.0/stm32cubeide/plugins/com.st.stm32cube.ide.mcu.externaltools.gnu-tools-for-stm32.10.3-2021.10.win32_1.0.0.202111181127/tools/bin/../lib/gcc/arm-none-eabi/10.3.1/../../../../arm-none-eabi/lib/thumb/v7e-m+fp/hard\libc_nano.a(lib_a-nano-mallocr.o)
 .ARM.attributes
                0x00000000000007c3       0x34 c:/st/stm32cubeide_1.5.0/stm32cubeide/plugins/com.st.stm32cube.ide.mcu.externaltools.gnu-tools-for-stm32.10.3-2021.10.win32_1.0.0.202111181127/tools/bin/../lib/gcc/arm-none-eabi/10.3.1/../../../../arm-none-eabi/lib/thumb/v7e-m+fp/hard\libc_nano.a(lib_a-reent.o)
 .ARM.attributes
                0x00000000000007f7       0x34 c:/st/stm32cubeide_1.5.0/stm32cubeide/plugins/com.st.stm32cube.ide.mcu.externaltools.gnu-tools-for-stm32.10.3-2021.10.win32_1.0.0.202111181127/tools/bin/../lib/gcc/arm-none-eabi/10.3.1/../../../../arm-none-eabi/lib/thumb/v7e-m+fp/hard\libc_nano.a(lib_a-sbrkr.o)
 .ARM.attributes
                0x000000000000082b       0x34 c:/st/stm32cubeide_1.5.0/stm32cubeide/plugins/com.st.stm32cube.ide.mcu.externaltools.gnu-tools-for-stm32.10.3-2021.10.win32_1.0.0.202111181127/tools/bin/../lib/gcc/arm-none-eabi/10.3.1/../../../../arm-none-eabi/lib/thumb/v7e-m+fp/hard\libc_nano.a(lib_a-strcpy.o)
 .ARM.attributes
                0x000000000000085f       0x17 c:/st/stm32cubeide_1.5.0/stm32cubeide/plugins/com.st.stm32cube.ide.mcu.externaltools.gnu-tools-for-stm32.10.3-2021.10.win32_1.0.0.202111181127/tools/bin/../lib/gcc/arm-none-eabi/10.3.1/../../../../arm-none-eabi/lib/thumb/v7e-m+fp/hard\libc_nano.a(lib_a-strlen.o)
 .ARM.attributes
                0x0000000000000876       0x34 c:/st/stm32cubeide_1.5.0/stm32cubeide/plugins/com.st.stm32cube.ide.mcu.externaltools.gnu-tools-for-stm32.10.3-2021.10.win32_1.0.0.202111181127/tools/bin/../lib/gcc/arm-none-eabi/10.3.1/../../../../arm-none-eabi/lib/thumb/v7e-m+fp/hard\libc_nano.a(lib_a-mlock.o)
 .ARM.attributes
                0x00000000000008aa       0x1e c:/st/stm32cubeide_1.5.0/stm32cubeide/plugins/com.st.stm32cube.ide.mcu.externaltools.gnu-tools-for-stm32.10.3-2021.10.win32_1.0.0.202111181127/tools/bin/../lib/gcc/arm-none-eabi/10.3.1/thumb/v7e-m+fp/hard\libgcc.a(_aeabi_uldivmod.o)
 .ARM.attributes
                0x00000000000008c8       0x34 c:/st/stm32cubeide_1.5.0/stm32cubeide/plugins/com.st.stm32cube.ide.mcu.externaltools.gnu-tools-for-stm32.10.3-2021.10.win32_1.0.0.202111181127/tools/bin/../lib/gcc/arm-none-eabi/10.3.1/thumb/v7e-m+fp/hard\libgcc.a(_udivmoddi4.o)
 .ARM.attributes
                0x00000000000008fc       0x1e c:/st/stm32cubeide_1.5.0/stm32cubeide/plugins/com.st.stm32cube.ide.mcu.externaltools.gnu-tools-for-stm32.10.3-2021.10.win32_1.0.0.202111181127/tools/bin/../lib/gcc/arm-none-eabi/10.3.1/thumb/v7e-m+fp/hard\libgcc.a(_dvmd_tls.o)
 .ARM.attributes
                0x000000000000091a       0x1e c:/st/stm32cubeide_1.5.0/stm32cubeide/plugins/com.st.stm32cube.ide.mcu.externaltools.gnu-tools-for-stm32.10.3-2021.10.win32_1.0.0.202111181127/tools/bin/../lib/gcc/arm-none-eabi/10.3.1/thumb/v7e-m+fp/hard/crtn.o
OUTPUT(STM32_SnakeGameNokia.elf elf32-littlearm)
LOAD linker stubs
LOAD c:/st/stm32cubeide_1.5.0/stm32cubeide/plugins/com.st.stm32cube.ide.mcu.externaltools.gnu-tools-for-stm32.10.3-2021.10.win32_1.0.0.202111181127/tools/bin/../lib/gcc/arm-none-eabi/10.3.1/../../../../arm-none-eabi/lib/thumb/v7e-m+fp/hard\libc.a
LOAD c:/st/stm32cubeide_1.5.0/stm32cubeide/plugins/com.st.stm32cube.ide.mcu.externaltools.gnu-tools-for-stm32.10.3-2021.10.win32_1.0.0.202111181127/tools/bin/../lib/gcc/arm-none-eabi/10.3.1/../../../../arm-none-eabi/lib/thumb/v7e-m+fp/hard\libm.a
LOAD c:/st/stm32cubeide_1.5.0/stm32cubeide/plugins/com.st.stm32cube.ide.mcu.externaltools.gnu-tools-for-stm32.10.3-2021.10.win32_1.0.0.202111181127/tools/bin/../lib/gcc/arm-none-eabi/10.3.1/thumb/v7e-m+fp/hard\libgcc.a

.debug_info     0x0000000000000000    0x17496
 .debug_info    0x0000000000000000      0xc5c ./Core/Src/freertos.o
 .debug_info    0x0000000000000c5c      0x437 ./Core/Src/gpio.o
 .debug_info    0x0000000000001093      0xba1 ./Core/Src/main.o
 .debug_info    0x0000000000001c34      0x4f6 ./Core/Src/stm32f4xx_hal_msp.o
 .debug_info    0x000000000000212a      0xc21 ./Core/Src/stm32f4xx_hal_timebase_tim.o
 .debug_info    0x0000000000002d4b      0x6f8 ./Core/Src/stm32f4xx_it.o
 .debug_info    0x0000000000003443      0x171 ./Core/Src/sysmem.o
 .debug_info    0x00000000000035b4      0x523 ./Core/Src/system_stm32f4xx.o
 .debug_info    0x0000000000003ad7      0x9a7 ./Core/Src/usart.o
 .debug_info    0x000000000000447e       0x22 ./Core/Startup/startup_stm32f407zgtx.o
 .debug_info    0x00000000000044a0      0x97c ./Drivers/STM32F4xx_HAL_Driver/stm32f4xx_hal.o
 .debug_info    0x0000000000004e1c      0xe1b ./Drivers/STM32F4xx_HAL_Driver/stm32f4xx_hal_cortex.o
 .debug_info    0x0000000000005c37      0x76a ./Drivers/STM32F4xx_HAL_Driver/stm32f4xx_hal_gpio.o
 .debug_info    0x00000000000063a1      0x966 ./Drivers/STM32F4xx_HAL_Driver/stm32f4xx_hal_rcc.o
 .debug_info    0x0000000000006d07     0x2bbe ./Drivers/STM32F4xx_HAL_Driver/stm32f4xx_hal_tim.o
 .debug_info    0x00000000000098c5     0x15e0 ./Drivers/STM32F4xx_HAL_Driver/stm32f4xx_hal_tim_ex.o
 .debug_info    0x000000000000aea5     0x31bc ./Drivers/STM32F4xx_HAL_Driver/stm32f4xx_hal_uart.o
 .debug_info    0x000000000000e061     0x242a ./Middlewares/FreeRTOS/cmsis_os.o
 .debug_info    0x000000000001048b      0x50b ./Middlewares/FreeRTOS/heap_4.o
 .debug_info    0x0000000000010996      0x2d1 ./Middlewares/FreeRTOS/list.o
 .debug_info    0x0000000000010c67      0x507 ./Middlewares/FreeRTOS/port.o
 .debug_info    0x000000000001116e     0x1956 ./Middlewares/FreeRTOS/queue.o
 .debug_info    0x0000000000012ac4     0x2651 ./Middlewares/FreeRTOS/tasks.o
 .debug_info    0x0000000000015115     0x1a17 ./Middlewares/FreeRTOS/timers.o
 .debug_info    0x0000000000016b2c      0x186 ./Modules/Src/module_led.o
 .debug_info    0x0000000000016cb2      0x12a ./Modules/Src/module_uart.o
 .debug_info    0x0000000000016ddc      0x6ba ./Services/Src/service_uart.o

.debug_abbrev   0x0000000000000000     0x3630
 .debug_abbrev  0x0000000000000000      0x220 ./Core/Src/freertos.o
 .debug_abbrev  0x0000000000000220      0x146 ./Core/Src/gpio.o
 .debug_abbrev  0x0000000000000366      0x22f ./Core/Src/main.o
 .debug_abbrev  0x0000000000000595      0x115 ./Core/Src/stm32f4xx_hal_msp.o
 .debug_abbrev  0x00000000000006aa      0x1d3 ./Core/Src/stm32f4xx_hal_timebase_tim.o
 .debug_abbrev  0x000000000000087d      0x171 ./Core/Src/stm32f4xx_it.o
 .debug_abbrev  0x00000000000009ee       0xbb ./Core/Src/sysmem.o
 .debug_abbrev  0x0000000000000aa9      0x116 ./Core/Src/system_stm32f4xx.o
 .debug_abbrev  0x0000000000000bbf      0x1e7 ./Core/Src/usart.o
 .debug_abbrev  0x0000000000000da6       0x12 ./Core/Startup/startup_stm32f407zgtx.o
 .debug_abbrev  0x0000000000000db8      0x20d ./Drivers/STM32F4xx_HAL_Driver/stm32f4xx_hal.o
 .debug_abbrev  0x0000000000000fc5      0x316 ./Drivers/STM32F4xx_HAL_Driver/stm32f4xx_hal_cortex.o
 .debug_abbrev  0x00000000000012db      0x1c4 ./Drivers/STM32F4xx_HAL_Driver/stm32f4xx_hal_gpio.o
 .debug_abbrev  0x000000000000149f      0x2aa ./Drivers/STM32F4xx_HAL_Driver/stm32f4xx_hal_rcc.o
 .debug_abbrev  0x0000000000001749      0x25d ./Drivers/STM32F4xx_HAL_Driver/stm32f4xx_hal_tim.o
 .debug_abbrev  0x00000000000019a6      0x265 ./Drivers/STM32F4xx_HAL_Driver/stm32f4xx_hal_tim_ex.o
 .debug_abbrev  0x0000000000001c0b      0x2f4 ./Drivers/STM32F4xx_HAL_Driver/stm32f4xx_hal_uart.o
 .debug_abbrev  0x0000000000001eff      0x406 ./Middlewares/FreeRTOS/cmsis_os.o
 .debug_abbrev  0x0000000000002305      0x212 ./Middlewares/FreeRTOS/heap_4.o
 .debug_abbrev  0x0000000000002517       0xf2 ./Middlewares/FreeRTOS/list.o
 .debug_abbrev  0x0000000000002609      0x259 ./Middlewares/FreeRTOS/port.o
 .debug_abbrev  0x0000000000002862      0x3a1 ./Middlewares/FreeRTOS/queue.o
 .debug_abbrev  0x0000000000002c03      0x3d9 ./Middlewares/FreeRTOS/tasks.o
 .debug_abbrev  0x0000000000002fdc      0x344 ./Middlewares/FreeRTOS/timers.o
 .debug_abbrev  0x0000000000003320       0xd2 ./Modules/Src/module_led.o
 .debug_abbrev  0x00000000000033f2       0xaa ./Modules/Src/module_uart.o
 .debug_abbrev  0x000000000000349c      0x194 ./Services/Src/service_uart.o

.debug_aranges  0x0000000000000000     0x12f0
 .debug_aranges
                0x0000000000000000       0x40 ./Core/Src/freertos.o
 .debug_aranges
                0x0000000000000040       0x20 ./Core/Src/gpio.o
 .debug_aranges
                0x0000000000000060       0x38 ./Core/Src/main.o
 .debug_aranges
                0x0000000000000098       0x20 ./Core/Src/stm32f4xx_hal_msp.o
 .debug_aranges
                0x00000000000000b8       0x30 ./Core/Src/stm32f4xx_hal_timebase_tim.o
 .debug_aranges
                0x00000000000000e8       0x50 ./Core/Src/stm32f4xx_it.o
 .debug_aranges
                0x0000000000000138       0x20 ./Core/Src/sysmem.o
 .debug_aranges
                0x0000000000000158       0x28 ./Core/Src/system_stm32f4xx.o
 .debug_aranges
                0x0000000000000180       0x30 ./Core/Src/usart.o
 .debug_aranges
                0x00000000000001b0       0x28 ./Core/Startup/startup_stm32f407zgtx.o
 .debug_aranges
                0x00000000000001d8       0xf0 ./Drivers/STM32F4xx_HAL_Driver/stm32f4xx_hal.o
 .debug_aranges
                0x00000000000002c8      0x118 ./Drivers/STM32F4xx_HAL_Driver/stm32f4xx_hal_cortex.o
 .debug_aranges
                0x00000000000003e0       0x58 ./Drivers/STM32F4xx_HAL_Driver/stm32f4xx_hal_gpio.o
 .debug_aranges
                0x0000000000000438       0x88 ./Drivers/STM32F4xx_HAL_Driver/stm32f4xx_hal_rcc.o
 .debug_aranges
                0x00000000000004c0      0x3d0 ./Drivers/STM32F4xx_HAL_Driver/stm32f4xx_hal_tim.o
 .debug_aranges
                0x0000000000000890      0x168 ./Drivers/STM32F4xx_HAL_Driver/stm32f4xx_hal_tim_ex.o
 .debug_aranges
                0x00000000000009f8      0x200 ./Drivers/STM32F4xx_HAL_Driver/stm32f4xx_hal_uart.o
 .debug_aranges
                0x0000000000000bf8      0x1d8 ./Middlewares/FreeRTOS/cmsis_os.o
 .debug_aranges
                0x0000000000000dd0       0x58 ./Middlewares/FreeRTOS/heap_4.o
 .debug_aranges
                0x0000000000000e28       0x40 ./Middlewares/FreeRTOS/list.o
 .debug_aranges
                0x0000000000000e68       0x80 ./Middlewares/FreeRTOS/port.o
 .debug_aranges
                0x0000000000000ee8      0x110 ./Middlewares/FreeRTOS/queue.o
 .debug_aranges
                0x0000000000000ff8      0x1c0 ./Middlewares/FreeRTOS/tasks.o
 .debug_aranges
                0x00000000000011b8       0xd0 ./Middlewares/FreeRTOS/timers.o
 .debug_aranges
                0x0000000000001288       0x20 ./Modules/Src/module_led.o
 .debug_aranges
                0x00000000000012a8       0x28 ./Modules/Src/module_uart.o
 .debug_aranges
                0x00000000000012d0       0x20 ./Services/Src/service_uart.o

.debug_ranges   0x0000000000000000     0x1178
 .debug_ranges  0x0000000000000000       0x30 ./Core/Src/freertos.o
 .debug_ranges  0x0000000000000030       0x10 ./Core/Src/gpio.o
 .debug_ranges  0x0000000000000040       0x28 ./Core/Src/main.o
 .debug_ranges  0x0000000000000068       0x10 ./Core/Src/stm32f4xx_hal_msp.o
 .debug_ranges  0x0000000000000078       0x20 ./Core/Src/stm32f4xx_hal_timebase_tim.o
 .debug_ranges  0x0000000000000098       0x40 ./Core/Src/stm32f4xx_it.o
 .debug_ranges  0x00000000000000d8       0x10 ./Core/Src/sysmem.o
 .debug_ranges  0x00000000000000e8       0x18 ./Core/Src/system_stm32f4xx.o
 .debug_ranges  0x0000000000000100       0x20 ./Core/Src/usart.o
 .debug_ranges  0x0000000000000120       0x20 ./Core/Startup/startup_stm32f407zgtx.o
 .debug_ranges  0x0000000000000140       0xe0 ./Drivers/STM32F4xx_HAL_Driver/stm32f4xx_hal.o
 .debug_ranges  0x0000000000000220      0x108 ./Drivers/STM32F4xx_HAL_Driver/stm32f4xx_hal_cortex.o
 .debug_ranges  0x0000000000000328       0x48 ./Drivers/STM32F4xx_HAL_Driver/stm32f4xx_hal_gpio.o
 .debug_ranges  0x0000000000000370       0x78 ./Drivers/STM32F4xx_HAL_Driver/stm32f4xx_hal_rcc.o
 .debug_ranges  0x00000000000003e8      0x3c0 ./Drivers/STM32F4xx_HAL_Driver/stm32f4xx_hal_tim.o
 .debug_ranges  0x00000000000007a8      0x158 ./Drivers/STM32F4xx_HAL_Driver/stm32f4xx_hal_tim_ex.o
 .debug_ranges  0x0000000000000900      0x220 ./Drivers/STM32F4xx_HAL_Driver/stm32f4xx_hal_uart.o
 .debug_ranges  0x0000000000000b20      0x1c8 ./Middlewares/FreeRTOS/cmsis_os.o
 .debug_ranges  0x0000000000000ce8       0x48 ./Middlewares/FreeRTOS/heap_4.o
 .debug_ranges  0x0000000000000d30       0x30 ./Middlewares/FreeRTOS/list.o
 .debug_ranges  0x0000000000000d60       0x70 ./Middlewares/FreeRTOS/port.o
 .debug_ranges  0x0000000000000dd0      0x100 ./Middlewares/FreeRTOS/queue.o
 .debug_ranges  0x0000000000000ed0      0x1b0 ./Middlewares/FreeRTOS/tasks.o
 .debug_ranges  0x0000000000001080       0xc0 ./Middlewares/FreeRTOS/timers.o
 .debug_ranges  0x0000000000001140       0x10 ./Modules/Src/module_led.o
 .debug_ranges  0x0000000000001150       0x18 ./Modules/Src/module_uart.o
 .debug_ranges  0x0000000000001168       0x10 ./Services/Src/service_uart.o

.debug_macro    0x0000000000000000    0x23cd1
 .debug_macro   0x0000000000000000      0x3b6 ./Core/Src/freertos.o
 .debug_macro   0x00000000000003b6      0xa78 ./Core/Src/freertos.o
 .debug_macro   0x0000000000000e2e      0x174 ./Core/Src/freertos.o
 .debug_macro   0x0000000000000fa2       0x22 ./Core/Src/freertos.o
 .debug_macro   0x0000000000000fc4       0x8e ./Core/Src/freertos.o
 .debug_macro   0x0000000000001052       0x51 ./Core/Src/freertos.o
 .debug_macro   0x00000000000010a3      0x103 ./Core/Src/freertos.o
 .debug_macro   0x00000000000011a6       0x6a ./Core/Src/freertos.o
 .debug_macro   0x0000000000001210      0x1df ./Core/Src/freertos.o
 .debug_macro   0x00000000000013ef      0x10a ./Core/Src/freertos.o
 .debug_macro   0x00000000000014f9      0x15a ./Core/Src/freertos.o
 .debug_macro   0x0000000000001653       0xde ./Core/Src/freertos.o
 .debug_macro   0x0000000000001731       0x1c ./Core/Src/freertos.o
 .debug_macro   0x000000000000174d       0x26 ./Core/Src/freertos.o
 .debug_macro   0x0000000000001773       0x52 ./Core/Src/freertos.o
 .debug_macro   0x00000000000017c5       0x1e ./Core/Src/freertos.o
 .debug_macro   0x00000000000017e3       0x3c ./Core/Src/freertos.o
 .debug_macro   0x000000000000181f       0x34 ./Core/Src/freertos.o
 .debug_macro   0x0000000000001853       0x16 ./Core/Src/freertos.o
 .debug_macro   0x0000000000001869       0x43 ./Core/Src/freertos.o
 .debug_macro   0x00000000000018ac       0x34 ./Core/Src/freertos.o
 .debug_macro   0x00000000000018e0       0x10 ./Core/Src/freertos.o
 .debug_macro   0x00000000000018f0       0x58 ./Core/Src/freertos.o
 .debug_macro   0x0000000000001948       0x71 ./Core/Src/freertos.o
 .debug_macro   0x00000000000019b9       0x1c ./Core/Src/freertos.o
 .debug_macro   0x00000000000019d5      0x12a ./Core/Src/freertos.o
 .debug_macro   0x0000000000001aff       0x10 ./Core/Src/freertos.o
 .debug_macro   0x0000000000001b0f       0x35 ./Core/Src/freertos.o
 .debug_macro   0x0000000000001b44      0x4f7 ./Core/Src/freertos.o
 .debug_macro   0x000000000000203b       0xb5 ./Core/Src/freertos.o
 .debug_macro   0x00000000000020f0       0xaa ./Core/Src/freertos.o
 .debug_macro   0x000000000000219a      0x29b ./Core/Src/freertos.o
 .debug_macro   0x0000000000002435       0x2e ./Core/Src/freertos.o
 .debug_macro   0x0000000000002463       0x2f ./Core/Src/freertos.o
 .debug_macro   0x0000000000002492       0x1c ./Core/Src/freertos.o
 .debug_macro   0x00000000000024ae       0x22 ./Core/Src/freertos.o
 .debug_macro   0x00000000000024d0       0xd9 ./Core/Src/freertos.o
 .debug_macro   0x00000000000025a9     0x102d ./Core/Src/freertos.o
 .debug_macro   0x00000000000035d6      0x11f ./Core/Src/freertos.o
 .debug_macro   0x00000000000036f5    0x15e82 ./Core/Src/freertos.o
 .debug_macro   0x0000000000019577       0x6d ./Core/Src/freertos.o
 .debug_macro   0x00000000000195e4     0x367e ./Core/Src/freertos.o
 .debug_macro   0x000000000001cc62       0x5c ./Core/Src/freertos.o
 .debug_macro   0x000000000001ccbe      0x96b ./Core/Src/freertos.o
 .debug_macro   0x000000000001d629      0x9fe ./Core/Src/freertos.o
 .debug_macro   0x000000000001e027      0x115 ./Core/Src/freertos.o
 .debug_macro   0x000000000001e13c      0x13e ./Core/Src/freertos.o
 .debug_macro   0x000000000001e27a       0xa5 ./Core/Src/freertos.o
 .debug_macro   0x000000000001e31f      0x174 ./Core/Src/freertos.o
 .debug_macro   0x000000000001e493      0x287 ./Core/Src/freertos.o
 .debug_macro   0x000000000001e71a       0x5f ./Core/Src/freertos.o
 .debug_macro   0x000000000001e779      0x236 ./Core/Src/freertos.o
 .debug_macro   0x000000000001e9af      0x12c ./Core/Src/freertos.o
 .debug_macro   0x000000000001eadb      0x21e ./Core/Src/freertos.o
 .debug_macro   0x000000000001ecf9       0x2e ./Core/Src/freertos.o
 .debug_macro   0x000000000001ed27      0x11a ./Core/Src/freertos.o
 .debug_macro   0x000000000001ee41       0x7e ./Core/Src/freertos.o
 .debug_macro   0x000000000001eebf       0x89 ./Core/Src/freertos.o
 .debug_macro   0x000000000001ef48      0x8e6 ./Core/Src/freertos.o
 .debug_macro   0x000000000001f82e       0x47 ./Core/Src/freertos.o
 .debug_macro   0x000000000001f875      0x295 ./Core/Src/freertos.o
 .debug_macro   0x000000000001fb0a      0x12d ./Core/Src/freertos.o
 .debug_macro   0x000000000001fc37       0x1c ./Core/Src/freertos.o
 .debug_macro   0x000000000001fc53       0x91 ./Core/Src/freertos.o
 .debug_macro   0x000000000001fce4       0x8d ./Core/Src/freertos.o
 .debug_macro   0x000000000001fd71       0x7e ./Core/Src/freertos.o
 .debug_macro   0x000000000001fdef       0x19 ./Core/Src/freertos.o
 .debug_macro   0x000000000001fe08       0xf2 ./Core/Src/freertos.o
 .debug_macro   0x000000000001fefa       0x16 ./Core/Src/freertos.o
 .debug_macro   0x000000000001ff10      0x341 ./Core/Src/freertos.o
 .debug_macro   0x0000000000020251       0x16 ./Core/Src/freertos.o
 .debug_macro   0x0000000000020267       0x29 ./Core/Src/freertos.o
 .debug_macro   0x0000000000020290       0x16 ./Core/Src/freertos.o
 .debug_macro   0x00000000000202a6       0x20 ./Core/Src/freertos.o
 .debug_macro   0x00000000000202c6      0x1e7 ./Core/Src/gpio.o
 .debug_macro   0x00000000000204ad      0x345 ./Core/Src/main.o
 .debug_macro   0x00000000000207f2      0x10a ./Core/Src/main.o
 .debug_macro   0x00000000000208fc      0x1dd ./Core/Src/stm32f4xx_hal_msp.o
 .debug_macro   0x0000000000020ad9      0x1ce ./Core/Src/stm32f4xx_hal_timebase_tim.o
 .debug_macro   0x0000000000020ca7      0x1e7 ./Core/Src/stm32f4xx_it.o
 .debug_macro   0x0000000000020e8e       0xff ./Core/Src/sysmem.o
 .debug_macro   0x0000000000020f8d      0x23b ./Core/Src/sysmem.o
 .debug_macro   0x00000000000211c8      0x1ce ./Core/Src/system_stm32f4xx.o
 .debug_macro   0x0000000000021396      0x37a ./Core/Src/usart.o
 .debug_macro   0x0000000000021710       0x16 ./Core/Src/usart.o
 .debug_macro   0x0000000000021726      0x22e ./Drivers/STM32F4xx_HAL_Driver/stm32f4xx_hal.o
 .debug_macro   0x0000000000021954      0x1ce ./Drivers/STM32F4xx_HAL_Driver/stm32f4xx_hal_cortex.o
 .debug_macro   0x0000000000021b22      0x1d4 ./Drivers/STM32F4xx_HAL_Driver/stm32f4xx_hal_gpio.o
 .debug_macro   0x0000000000021cf6      0x1f2 ./Drivers/STM32F4xx_HAL_Driver/stm32f4xx_hal_rcc.o
 .debug_macro   0x0000000000021ee8      0x1cf ./Drivers/STM32F4xx_HAL_Driver/stm32f4xx_hal_tim.o
 .debug_macro   0x00000000000220b7      0x1ce ./Drivers/STM32F4xx_HAL_Driver/stm32f4xx_hal_tim_ex.o
 .debug_macro   0x0000000000022285      0x1cf ./Drivers/STM32F4xx_HAL_Driver/stm32f4xx_hal_uart.o
 .debug_macro   0x0000000000022454      0x210 ./Middlewares/FreeRTOS/cmsis_os.o
 .debug_macro   0x0000000000022664       0x10 ./Middlewares/FreeRTOS/cmsis_os.o
 .debug_macro   0x0000000000022674       0x16 ./Middlewares/FreeRTOS/cmsis_os.o
 .debug_macro   0x000000000002268a       0xc7 ./Middlewares/FreeRTOS/cmsis_os.o
 .debug_macro   0x0000000000022751      0x1c0 ./Middlewares/FreeRTOS/heap_4.o
 .debug_macro   0x0000000000022911      0x199 ./Middlewares/FreeRTOS/list.o
 .debug_macro   0x0000000000022aaa      0x233 ./Middlewares/FreeRTOS/port.o
 .debug_macro   0x0000000000022cdd      0x228 ./Middlewares/FreeRTOS/queue.o
 .debug_macro   0x0000000000022f05       0x87 ./Middlewares/FreeRTOS/queue.o
 .debug_macro   0x0000000000022f8c      0x28b ./Middlewares/FreeRTOS/tasks.o
 .debug_macro   0x0000000000023217       0x10 ./Middlewares/FreeRTOS/tasks.o
 .debug_macro   0x0000000000023227      0x1ee ./Middlewares/FreeRTOS/timers.o
 .debug_macro   0x0000000000023415       0x97 ./Middlewares/FreeRTOS/timers.o
 .debug_macro   0x00000000000234ac      0x1eb ./Modules/Src/module_led.o
 .debug_macro   0x0000000000023697      0x2eb ./Modules/Src/module_uart.o
 .debug_macro   0x0000000000023982       0x56 ./Modules/Src/module_uart.o
 .debug_macro   0x00000000000239d8      0x2f9 ./Services/Src/service_uart.o

.debug_line     0x0000000000000000    0x1868f
 .debug_line    0x0000000000000000      0xcb4 ./Core/Src/freertos.o
 .debug_line    0x0000000000000cb4      0x7a9 ./Core/Src/gpio.o
 .debug_line    0x000000000000145d      0xb93 ./Core/Src/main.o
 .debug_line    0x0000000000001ff0      0x79c ./Core/Src/stm32f4xx_hal_msp.o
 .debug_line    0x000000000000278c      0x7fb ./Core/Src/stm32f4xx_hal_timebase_tim.o
 .debug_line    0x0000000000002f87      0x838 ./Core/Src/stm32f4xx_it.o
 .debug_line    0x00000000000037bf      0x4e5 ./Core/Src/sysmem.o
 .debug_line    0x0000000000003ca4      0x81d ./Core/Src/system_stm32f4xx.o
 .debug_line    0x00000000000044c1      0xa06 ./Core/Src/usart.o
 .debug_line    0x0000000000004ec7       0x88 ./Core/Startup/startup_stm32f407zgtx.o
 .debug_line    0x0000000000004f4f      0xabc ./Drivers/STM32F4xx_HAL_Driver/stm32f4xx_hal.o
 .debug_line    0x0000000000005a0b      0xd6b ./Drivers/STM32F4xx_HAL_Driver/stm32f4xx_hal_cortex.o
 .debug_line    0x0000000000006776      0xc30 ./Drivers/STM32F4xx_HAL_Driver/stm32f4xx_hal_gpio.o
 .debug_line    0x00000000000073a6      0xe36 ./Drivers/STM32F4xx_HAL_Driver/stm32f4xx_hal_rcc.o
 .debug_line    0x00000000000081dc     0x37b0 ./Drivers/STM32F4xx_HAL_Driver/stm32f4xx_hal_tim.o
 .debug_line    0x000000000000b98c     0x1ab9 ./Drivers/STM32F4xx_HAL_Driver/stm32f4xx_hal_tim_ex.o
 .debug_line    0x000000000000d445     0x2b61 ./Drivers/STM32F4xx_HAL_Driver/stm32f4xx_hal_uart.o
 .debug_line    0x000000000000ffa6     0x1350 ./Middlewares/FreeRTOS/cmsis_os.o
 .debug_line    0x00000000000112f6      0x9d8 ./Middlewares/FreeRTOS/heap_4.o
 .debug_line    0x0000000000011cce      0x7ae ./Middlewares/FreeRTOS/list.o
 .debug_line    0x000000000001247c      0x93c ./Middlewares/FreeRTOS/port.o
 .debug_line    0x0000000000012db8     0x1576 ./Middlewares/FreeRTOS/queue.o
 .debug_line    0x000000000001432e     0x1a2d ./Middlewares/FreeRTOS/tasks.o
 .debug_line    0x0000000000015d5b      0xd51 ./Middlewares/FreeRTOS/timers.o
 .debug_line    0x0000000000016aac      0x802 ./Modules/Src/module_led.o
 .debug_line    0x00000000000172ae      0xa2d ./Modules/Src/module_uart.o
 .debug_line    0x0000000000017cdb      0x9b4 ./Services/Src/service_uart.o

.debug_str      0x0000000000000000    0xd4d99
 .debug_str     0x0000000000000000    0xcca06 ./Core/Src/freertos.o
                                      0xccd50 (size before relaxing)
 .debug_str     0x00000000000cca06      0x1dc ./Core/Src/gpio.o
                                      0xc38b2 (size before relaxing)
 .debug_str     0x00000000000ccbe2      0x79f ./Core/Src/main.o
                                      0xcb9c8 (size before relaxing)
 .debug_str     0x00000000000cd381      0x51c ./Core/Src/stm32f4xx_hal_msp.o
                                      0xc3cf4 (size before relaxing)
 .debug_str     0x00000000000cd89d       0xff ./Core/Src/stm32f4xx_hal_timebase_tim.o
                                      0xc4319 (size before relaxing)
 .debug_str     0x00000000000cd99c       0xbe ./Core/Src/stm32f4xx_it.o
                                      0xc3c9d (size before relaxing)
 .debug_str     0x00000000000cda5a      0x35a ./Core/Src/sysmem.o
                                       0x5dc0 (size before relaxing)
 .debug_str     0x00000000000cddb4       0xdb ./Core/Src/system_stm32f4xx.o
                                      0xc3844 (size before relaxing)
 .debug_str     0x00000000000cde8f     0x11cf ./Core/Src/usart.o
                                      0xc7b83 (size before relaxing)
 .debug_str     0x00000000000cf05e       0x36 ./Core/Startup/startup_stm32f407zgtx.o
                                         0x82 (size before relaxing)
 .debug_str     0x00000000000cf094      0x617 ./Drivers/STM32F4xx_HAL_Driver/stm32f4xx_hal.o
                                      0xc4401 (size before relaxing)
 .debug_str     0x00000000000cf6ab      0x36a ./Drivers/STM32F4xx_HAL_Driver/stm32f4xx_hal_cortex.o
                                      0xc4134 (size before relaxing)
 .debug_str     0x00000000000cfa15      0x15a ./Drivers/STM32F4xx_HAL_Driver/stm32f4xx_hal_gpio.o
                                      0xc39f8 (size before relaxing)
 .debug_str     0x00000000000cfb6f      0x236 ./Drivers/STM32F4xx_HAL_Driver/stm32f4xx_hal_rcc.o
                                      0xc3cb1 (size before relaxing)
 .debug_str     0x00000000000cfda5      0xea2 ./Drivers/STM32F4xx_HAL_Driver/stm32f4xx_hal_tim.o
                                      0xc4bf7 (size before relaxing)
 .debug_str     0x00000000000d0c47      0x53c ./Drivers/STM32F4xx_HAL_Driver/stm32f4xx_hal_tim_ex.o
                                      0xc4413 (size before relaxing)
 .debug_str     0x00000000000d1183      0x654 ./Drivers/STM32F4xx_HAL_Driver/stm32f4xx_hal_uart.o
                                      0xc4250 (size before relaxing)
 .debug_str     0x00000000000d17d7      0xaff ./Middlewares/FreeRTOS/cmsis_os.o
                                       0xe7e9 (size before relaxing)
 .debug_str     0x00000000000d22d6      0x3cc ./Middlewares/FreeRTOS/heap_4.o
                                       0xb083 (size before relaxing)
 .debug_str     0x00000000000d26a2      0x15b ./Middlewares/FreeRTOS/list.o
                                       0xa741 (size before relaxing)
 .debug_str     0x00000000000d27fd      0x857 ./Middlewares/FreeRTOS/port.o
                                       0xa05b (size before relaxing)
 .debug_str     0x00000000000d3054      0x7fd ./Middlewares/FreeRTOS/queue.o
                                       0xc125 (size before relaxing)
 .debug_str     0x00000000000d3851      0xf72 ./Middlewares/FreeRTOS/tasks.o
                                       0xcec1 (size before relaxing)
 .debug_str     0x00000000000d47c3      0x512 ./Middlewares/FreeRTOS/timers.o
                                       0xc9f9 (size before relaxing)
 .debug_str     0x00000000000d4cd5       0x1c ./Modules/Src/module_led.o
                                      0xc3745 (size before relaxing)
 .debug_str     0x00000000000d4cf1       0x58 ./Modules/Src/module_uart.o