Archive member included to satisfy reference by file (symbol)

c:/st/stm32cubeide_1.5.0/stm32cubeide/plugins/com.st.stm32cube.ide.mcu.externaltools.gnu-tools-for-stm32.10.3-2021.10.win32_1.0.0.202111181127/tools/bin/../lib/gcc/arm-none-eabi/10.3.1/../../../../arm-none-eabi/lib/thumb/v7e-m+fp/hard\libc_nano.a(lib_a-errno.o)
                              ./Core/Src/syscalls.o (__errno)
c:/st/stm32cubeide_1.5.0/stm32cubeide/plugins/com.st.stm32cube.ide.mcu.externaltools.gnu-tools-for-stm32.10.3-2021.10.win32_1.0.0.202111181127/tools/bin/../lib/gcc/arm-none-eabi/10.3.1/../../../../arm-none-eabi/lib/thumb/v7e-m+fp/hard\libc_nano.a(lib_a-exit.o)
                              c:/st/stm32cubeide_1.5.0/stm32cubeide/plugins/com.st.stm32cube.ide.mcu.externaltools.gnu-tools-for-stm32.10.3-2021.10.win32_1.0.0.202111181127/tools/bin/../lib/gcc/arm-none-eabi/10.3.1/../../../../arm-none-eabi/lib/thumb/v7e-m+fp/hard/crt0.o (exit)
c:/st/stm32cubeide_1.5.0/stm32cubeide/plugins/com.st.stm32cube.ide.mcu.externaltools.gnu-tools-for-stm32.10.3-2021.10.win32_1.0.0.202111181127/tools/bin/../lib/gcc/arm-none-eabi/10.3.1/../../../../arm-none-eabi/lib/thumb/v7e-m+fp/hard\libc_nano.a(lib_a-findfp.o)
                              ./Middlewares/FreeRTOS/tasks.o (__sf_fake_stderr)
c:/st/stm32cubeide_1.5.0/stm32cubeide/plugins/com.st.stm32cube.ide.mcu.externaltools.gnu-tools-for-stm32.10.3-2021.10.win32_1.0.0.202111181127/tools/bin/../lib/gcc/arm-none-eabi/10.3.1/../../../../arm-none-eabi/lib/thumb/v7e-m+fp/hard\libc_nano.a(lib_a-fwalk.o)
                              c:/st/stm32cubeide_1.5.0/stm32cubeide/plugins/com.st.stm32cube.ide.mcu.externaltools.gnu-tools-for-stm32.10.3-2021.10.win32_1.0.0.202111181127/tools/bin/../lib/gcc/arm-none-eabi/10.3.1/../../../../arm-none-eabi/lib/thumb/v7e-m+fp/hard\libc_nano.a(lib_a-findfp.o) (_fwalk)
c:/st/stm32cubeide_1.5.0/stm32cubeide/plugins/com.st.stm32cube.ide.mcu.externaltools.gnu-tools-for-stm32.10.3-2021.10.win32_1.0.0.202111181127/tools/bin/../lib/gcc/arm-none-eabi/10.3.1/../../../../arm-none-eabi/lib/thumb/v7e-m+fp/hard\libc_nano.a(lib_a-impure.o)
                              c:/st/stm32cubeide_1.5.0/stm32cubeide/plugins/com.st.stm32cube.ide.mcu.externaltools.gnu-tools-for-stm32.10.3-2021.10.win32_1.0.0.202111181127/tools/bin/../lib/gcc/arm-none-eabi/10.3.1/../../../../arm-none-eabi/lib/thumb/v7e-m+fp/hard\libc_nano.a(lib_a-exit.o) (_global_impure_ptr)
c:/st/stm32cubeide_1.5.0/stm32cubeide/plugins/com.st.stm32cube.ide.mcu.externaltools.gnu-tools-for-stm32.10.3-2021.10.win32_1.0.0.202111181127/tools/bin/../lib/gcc/arm-none-eabi/10.3.1/../../../../arm-none-eabi/lib/thumb/v7e-m+fp/hard\libc_nano.a(lib_a-init.o)
                              c:/st/stm32cubeide_1.5.0/stm32cubeide/plugins/com.st.stm32cube.ide.mcu.externaltools.gnu-tools-for-stm32.10.3-2021.10.win32_1.0.0.202111181127/tools/bin/../lib/gcc/arm-none-eabi/10.3.1/../../../../arm-none-eabi/lib/thumb/v7e-m+fp/hard/crt0.o (__libc_init_array)
c:/st/stm32cubeide_1.5.0/stm32cubeide/plugins/com.st.stm32cube.ide.mcu.externaltools.gnu-tools-for-stm32.10.3-2021.10.win32_1.0.0.202111181127/tools/bin/../lib/gcc/arm-none-eabi/10.3.1/../../../../arm-none-eabi/lib/thumb/v7e-m+fp/hard\libc_nano.a(lib_a-lock.o)
                              c:/st/stm32cubeide_1.5.0/stm32cubeide/plugins/com.st.stm32cube.ide.mcu.externaltools.gnu-tools-for-stm32.10.3-2021.10.win32_1.0.0.202111181127/tools/bin/../lib/gcc/arm-none-eabi/10.3.1/../../../../arm-none-eabi/lib/thumb/v7e-m+fp/hard\libc_nano.a(lib_a-findfp.o) (__retarget_lock_init_recursive)
c:/st/stm32cubeide_1.5.0/stm32cubeide/plugins/com.st.stm32cube.ide.mcu.externaltools.gnu-tools-for-stm32.10.3-2021.10.win32_1.0.0.202111181127/tools/bin/../lib/gcc/arm-none-eabi/10.3.1/../../../../arm-none-eabi/lib/thumb/v7e-m+fp/hard\libc_nano.a(lib_a-malloc.o)
                              ./Modules/Src/module_uart.o (malloc)
c:/st/stm32cubeide_1.5.0/stm32cubeide/plugins/com.st.stm32cube.ide.mcu.externaltools.gnu-tools-for-stm32.10.3-2021.10.win32_1.0.0.202111181127/tools/bin/../lib/gcc/arm-none-eabi/10.3.1/../../../../arm-none-eabi/lib/thumb/v7e-m+fp/hard\libc_nano.a(lib_a-memcmp.o)
                              ./Middlewares/FreeRTOS/tasks.o (memcmp)
c:/st/stm32cubeide_1.5.0/stm32cubeide/plugins/com.st.stm32cube.ide.mcu.externaltools.gnu-tools-for-stm32.10.3-2021.10.win32_1.0.0.202111181127/tools/bin/../lib/gcc/arm-none-eabi/10.3.1/../../../../arm-none-eabi/lib/thumb/v7e-m+fp/hard\libc_nano.a(lib_a-memcpy-stub.o)
                              ./Middlewares/FreeRTOS/queue.o (memcpy)
c:/st/stm32cubeide_1.5.0/stm32cubeide/plugins/com.st.stm32cube.ide.mcu.externaltools.gnu-tools-for-stm32.10.3-2021.10.win32_1.0.0.202111181127/tools/bin/../lib/gcc/arm-none-eabi/10.3.1/../../../../arm-none-eabi/lib/thumb/v7e-m+fp/hard\libc_nano.a(lib_a-memset.o)
[...]
Memory Configuration

Name             Origin             Length             Attributes
CCMRAM           0x0000000010000000 0x0000000000010000 xrw
RAM              0x0000000020000000 0x0000000000020000 xrw
FLASH            0x0000000008000000 0x0000000000100000 xr
*default*        0x0000000000000000 0xffffffffffffffff

Linker script and memory map

LOAD c:/st/stm32cubeide_1.5.0/stm32cubeide/plugins/com.st.stm32cube.ide.mcu.externaltools.gnu-tools-for-stm32.10.3-2021.10.win32_1.0.0.202111181127/tools/bin/../lib/gcc/arm-none-eabi/10.3.1/thumb/v7e-m+fp/hard/crti.o
LOAD c:/st/stm32cubeide_1.5.0/stm32cubeide/plugins/com.st.stm32cube.ide.mcu.externaltools.gnu-tools-for-stm32.10.3-2021.10.win32_1.0.0.202111181127/tools/bin/../lib/gcc/arm-none-eabi/10.3.1/thumb/v7e-m+fp/hard/crtbegin.o
LOAD c:/st/stm32cubeide_1.5.0/stm32cubeide/plugins/com.st.stm32cube.ide.mcu.externaltools.gnu-tools-for-stm32.10.3-2021.10.win32_1.0.0.202111181127/tools/bin/../lib/gcc/arm-none-eabi/10.3.1/../../../../arm-none-eabi/lib/thumb/v7e-m+fp/hard/crt0.o
LOAD ./Core/Src/freertos.o
LOAD ./Core/Src/gpio.o
LOAD ./Core/Src/main.o
LOAD ./Core/Src/stm32f4xx_hal_msp.o
LOAD ./Core/Src/stm32f4xx_hal_timebase_tim.o
LOAD ./Core/Src/stm32f4xx_it.o
LOAD ./Core/Src/syscalls.o
LOAD ./Core/Src/sysmem.o
LOAD ./Core/Src/system_stm32f4xx.o
LOAD ./Core/Src/usart.o
LOAD ./Core/Startup/startup_stm32f407zgtx.o
LOAD ./Drivers/STM32F4xx_HAL_Driver/stm32f4xx_hal.o
LOAD ./Drivers/STM32F4xx_HAL_Driver/stm32f4xx_hal_cortex.o
LOAD ./Drivers/STM32F4xx_HAL_Driver/stm32f4xx_hal_dma.o
LOAD ./Drivers/STM32F4xx_HAL_Driver/stm32f4xx_hal_dma_ex.o
LOAD ./Drivers/STM32F4xx_HAL_Driver/stm32f4xx_hal_exti.o
LOAD ./Drivers/STM32F4xx_HAL_Driver/stm32f4xx_hal_flash.o
LOAD ./Drivers/STM32F4xx_HAL_Driver/stm32f4xx_hal_flash_ex.o
LOAD ./Drivers/STM32F4xx_HAL_Driver/stm32f4xx_hal_flash_ramfunc.o
LOAD ./Drivers/STM32F4xx_HAL_Driver/stm32f4xx_hal_gpio.o
LOAD ./Drivers/STM32F4xx_HAL_Driver/stm32f4xx_hal_pwr.o
LOAD ./Drivers/STM32F4xx_HAL_Driver/stm32f4xx_hal_pwr_ex.o
LOAD ./Drivers/STM32F4xx_HAL_Driver/stm32f4xx_hal_rcc.o
LOAD ./Drivers/STM32F4xx_HAL_Driver/stm32f4xx_hal_rcc_ex.o
LOAD ./Drivers/STM32F4xx_HAL_Driver/stm32f4xx_hal_tim.o
LOAD ./Drivers/STM32F4xx_HAL_Driver/stm32f4xx_hal_tim_ex.o
LOAD ./Drivers/STM32F4xx_HAL_Driver/stm32f4xx_hal_uart.o
LOAD ./Middlewares/FreeRTOS/cmsis_os.o
LOAD ./Middlewares/FreeRTOS/croutine.o
LOAD ./Middlewares/FreeRTOS/event_groups.o
LOAD ./Middlewares/FreeRTOS/heap_4.o
LOAD ./Middlewares/FreeRTOS/list.o
LOAD ./Middlewares/FreeRTOS/port.o
LOAD ./Middlewares/FreeRTOS/queue.o
LOAD ./Middlewares/FreeRTOS/stream_buffer.o
LOAD ./Middlewares/FreeRTOS/tasks.o
LOAD ./Middlewares/FreeRTOS/timers.o
LOAD ./Modules/Src/module_led.o
LOAD ./Modules/Src/module_uart.o
LOAD ./SEGGER/Config/SEGGER_SYSVIEW_Config_FreeRTOS.o
LOAD ./SEGGER/OS/SEGGER_SYSVIEW_FreeRTOS.o
LOAD ./SEGGER/SEGGER/SEGGER_RTT.o
LOAD ./SEGGER/SEGGER/SEGGER_RTT_ASM_ARMv7M.o
LOAD ./SEGGER/SEGGER/SEGGER_SYSVIEW.o
LOAD ./Services/Src/service_uart.o
START GROUP
LOAD c:/st/stm32cubeide_1.5.0/stm32cubeide/plugins/com.st.stm32cube.ide.mcu.externaltools.gnu-tools-for-stm32.10.3-2021.10.win32_1.0.0.202111181127/tools/bin/../lib/gcc/arm-none-eabi/10.3.1/../../../../arm-none-eabi/lib/thumb/v7e-m+fp/hard\libc_nano.a
LOAD c:/st/stm32cubeide_1.5.0/stm32cubeide/plugins/com.st.stm32cube.ide.mcu.externaltools.gnu-tools-for-stm32.10.3-2021.10.win32_1.0.0.202111181127/tools/bin/../lib/gcc/arm-none-eabi/10.3.1/../../../../arm-none-eabi/lib/thumb/v7e-m+fp/hard\libm.a
END GROUP
START GROUP
LOAD c:/st/stm32cubeide_1.5.0/stm32cubeide/plugins/com.st.stm32cube.ide.mcu.externaltools.gnu-tools-for-stm32.10.3-2021.10.win32_1.0.0.202111181127/tools/bin/../lib/gcc/arm-none-eabi/10.3.1/thumb/v7e-m+fp/hard\libgcc.a
LOAD c:/st/stm32cubeide_1.5.0/stm32cubeide/plugins/com.st.stm32cube.ide.mcu.externaltools.gnu-tools-for-stm32.10.3-2021.10.win32_1.0.0.202111181127/tools/bin/../lib/gcc/arm-none-eabi/10.3.1/../../../../arm-none-eabi/lib/thumb/v7e-m+fp/hard\libc_nano.a
END GROUP
START GROUP
LOAD c:/st/stm32cubeide_1.5.0/stm32cubeide/plugins/com.st.stm32cube.ide.mcu.externaltools.gnu-tools-for-stm32.10.3-2021.10.win32_1.0.0.202111181127/tools/bin/../lib/gcc/arm-none-eabi/10.3.1/thumb/v7e-m+fp/hard\libgcc.a
LOAD c:/st/stm32cubeide_1.5.0/stm32cubeide/plugins/com.st.stm32cube.ide.mcu.externaltools.gnu-tools-for-stm32.10.3-2021.10.win32_1.0.0.202111181127/tools/bin/../lib/gcc/arm-none-eabi/10.3.1/../../../../arm-none-eabi/lib/thumb/v7e-m+fp/hard\libc_nano.a
LOAD c:/st/stm32cubeide_1.5.0/stm32cubeide/plugins/com.st.stm32cube.ide.mcu.externaltools.gnu-tools-for-stm32.10.3-2021.10.win32_1.0.0.202111181127/tools/bin/../lib/gcc/arm-none-eabi/10.3.1/../../../../arm-none-eabi/lib/thumb/v7e-m+fp/hard\libnosys.a
END GROUP
START GROUP
LOAD c:/st/stm32cubeide_1.5.0/stm32cubeide/plugins/com.st.stm32cube.ide.mcu.externaltools.gnu-tools-for-stm32.10.3-2021.10.win32_1.0.0.202111181127/tools/bin/../lib/gcc/arm-none-eabi/10.3.1/thumb/v7e-m+fp/hard\libgcc.a
LOAD c:/st/stm32cubeide_1.5.0/stm32cubeide/plugins/com.st.stm32cube.ide.mcu.externaltools.gnu-tools-for-stm32.10.3-2021.10.win32_1.0.0.202111181127/tools/bin/../lib/gcc/arm-none-eabi/10.3.1/../../../../arm-none-eabi/lib/thumb/v7e-m+fp/hard\libc_nano.a
LOAD c:/st/stm32cubeide_1.5.0/stm32cubeide/plugins/com.st.stm32cube.ide.mcu.externaltools.gnu-tools-for-stm32.10.3-2021.10.win32_1.0.0.202111181127/tools/bin/../lib/gcc/arm-none-eabi/10.3.1/../../../../arm-none-eabi/lib/thumb/v7e-m+fp/hard\libnosys.a
END GROUP
LOAD c:/st/stm32cubeide_1.5.0/stm32cubeide/plugins/com.st.stm32cube.ide.mcu.externaltools.gnu-tools-for-stm32.10.3-2021.10.win32_1.0.0.202111181127/tools/bin/../lib/gcc/arm-none-eabi/10.3.1/thumb/v7e-m+fp/hard/crtend.o
LOAD c:/st/stm32cubeide_1.5.0/stm32cubeide/plugins/com.st.stm32cube.ide.mcu.externaltools.gnu-tools-for-stm32.10.3-2021.10.win32_1.0.0.202111181127/tools/bin/../lib/gcc/arm-none-eabi/10.3.1/thumb/v7e-m+fp/hard/crtn.o
                0x0000000020020000                _estack = (ORIGIN (RAM) + LENGTH (RAM))
                0x0000000000000200                _Min_Heap_Size = 0x200
                0x0000000000000400                _Min_Stack_Size = 0x400

.isr_vector     0x0000000008000000      0x188
                0x0000000008000000                . = ALIGN (0x4)
 *(.isr_vector)
 .isr_vector    0x0000000008000000      0x188 ./Core/Startup/startup_stm32f407zgtx.o
                0x0000000008000000                g_pfnVectors
                0x0000000008000188                . = ALIGN (0x4)

.text           0x0000000008000190     0x58a0
                0x0000000008000190                . = ALIGN (0x4)
 *(.text)
 .text          0x0000000008000190       0x40 c:/st/stm32cubeide_1.5.0/stm32cubeide/plugins/com.st.stm32cube.ide.mcu.externaltools.gnu-tools-for-stm32.10.3-2021.10.win32_1.0.0.202111181127/tools/bin/../lib/gcc/arm-none-eabi/10.3.1/thumb/v7e-m+fp/hard/crtbegin.o
 .text          0x00000000080001d0       0x94 ./SEGGER/SEGGER/SEGGER_RTT_ASM_ARMv7M.o
                0x00000000080001d0                SEGGER_RTT_ASM_WriteSkipNoLock
 .text          0x0000000008000264       0x10 c:/st/stm32cubeide_1.5.0/stm32cubeide/plugins/com.st.stm32cube.ide.mcu.externaltools.gnu-tools-for-stm32.10.3-2021.10.win32_1.0.0.202111181127/tools/bin/../lib/gcc/arm-none-eabi/10.3.1/../../../../arm-none-eabi/lib/thumb/v7e-m+fp/hard\libc_nano.a(lib_a-strlen.o)
                0x0000000008000264                strlen
 .text          0x0000000008000274       0x30 c:/st/stm32cubeide_1.5.0/stm32cubeide/plugins/com.st.stm32cube.ide.mcu.externaltools.gnu-tools-for-stm32.10.3-2021.10.win32_1.0.0.202111181127/tools/bin/../lib/gcc/arm-none-eabi/10.3.1/thumb/v7e-m+fp/hard\libgcc.a(_aeabi_uldivmod.o)
                0x0000000008000274                __aeabi_uldivmod
 .text          0x00000000080002a4      0x2d0 c:/st/stm32cubeide_1.5.0/stm32cubeide/plugins/com.st.stm32cube.ide.mcu.externaltools.gnu-tools-for-stm32.10.3-2021.10.win32_1.0.0.202111181127/tools/bin/../lib/gcc/arm-none-eabi/10.3.1/thumb/v7e-m+fp/hard\libgcc.a(_udivmoddi4.o)
                0x00000000080002a4                __udivmoddi4
 .text          0x0000000008000574        0x4 c:/st/stm32cubeide_1.5.0/stm32cubeide/plugins/com.st.stm32cube.ide.mcu.externaltools.gnu-tools-for-stm32.10.3-2021.10.win32_1.0.0.202111181127/tools/bin/../lib/gcc/arm-none-eabi/10.3.1/thumb/v7e-m+fp/hard\libgcc.a(_dvmd_tls.o)
                0x0000000008000574                __aeabi_idiv0
                0x0000000008000574                __aeabi_ldiv0
 *(.text*)
 .text.vApplicationGetIdleTaskMemory
                0x0000000008000578       0x34 ./Core/Src/freertos.o
                0x0000000008000578                vApplicationGetIdleTaskMemory
 .text.MX_FREERTOS_Init
                0x00000000080005ac       0x68 ./Core/Src/freertos.o
                0x00000000080005ac                MX_FREERTOS_Init
 .text.startTask100ms
                0x0000000008000614       0x18 ./Core/Src/freertos.o
                0x0000000008000614                startTask100ms
 .text.startTask500ms
                0x000000000800062c       0x16 ./Core/Src/freertos.o
                0x000000000800062c                startTask500ms
 *fill*         0x0000000008000642        0x2 
 .text.MX_GPIO_Init
                0x0000000008000644       0x88 ./Core/Src/gpio.o
                0x0000000008000644                MX_GPIO_Init
 .text.main     0x00000000080006cc       0x26 ./Core/Src/main.o
                0x00000000080006cc                main
 *fill*         0x00000000080006f2        0x2 
 .text.SystemClock_Config
                0x00000000080006f4       0xd4 ./Core/Src/main.o
                0x00000000080006f4                SystemClock_Config
 .text.HAL_TIM_PeriodElapsedCallback
                0x00000000080007c8       0x24 ./Core/Src/main.o
                0x00000000080007c8                HAL_TIM_PeriodElapsedCallback
 .text.Error_Handler
                0x00000000080007ec        0xa ./Core/Src/main.o
                0x00000000080007ec                Error_Handler
 *fill*         0x00000000080007f6        0x2 
 .text.HAL_MspInit
                0x00000000080007f8       0x58 ./Core/Src/stm32f4xx_hal_msp.o
                0x00000000080007f8                HAL_MspInit
 .text.HAL_InitTick
                0x0000000008000850       0xb4 ./Core/Src/stm32f4xx_hal_timebase_tim.o
                0x0000000008000850                HAL_InitTick
 .text.NMI_Handler
                0x0000000008000904        0x6 ./Core/Src/stm32f4xx_it.o
                0x0000000008000904                NMI_Handler
 .text.HardFault_Handler
                0x000000000800090a        0x6 ./Core/Src/stm32f4xx_it.o
                0x000000000800090a                HardFault_Handler
 .text.MemManage_Handler
                0x0000000008000910        0x6 ./Core/Src/stm32f4xx_it.o
                0x0000000008000910                MemManage_Handler
 .text.BusFault_Handler
                0x0000000008000916        0x6 ./Core/Src/stm32f4xx_it.o
                0x0000000008000916                BusFault_Handler
 .text.UsageFault_Handler
                0x000000000800091c        0x6 ./Core/Src/stm32f4xx_it.o
                0x000000000800091c                UsageFault_Handler
 .text.DebugMon_Handler
                0x0000000008000922        0xe ./Core/Src/stm32f4xx_it.o
                0x0000000008000922                DebugMon_Handler
 .text.TIM1_UP_TIM10_IRQHandler
                0x0000000008000930       0x14 ./Core/Src/stm32f4xx_it.o
                0x0000000008000930                TIM1_UP_TIM10_IRQHandler
 .text._sbrk    0x0000000008000944       0x6c ./Core/Src/sysmem.o
                0x0000000008000944                _sbrk
 .text.SystemInit
                0x00000000080009b0       0x24 ./Core/Src/system_stm32f4xx.o
                0x00000000080009b0                SystemInit
 .text.MX_USART2_UART_Init
                0x00000000080009d4       0x54 ./Core/Src/usart.o
                0x00000000080009d4                MX_USART2_UART_Init
 .text.HAL_UART_MspInit
                0x0000000008000a28       0x90 ./Core/Src/usart.o
                0x0000000008000a28                HAL_UART_MspInit
 .text.Reset_Handler
                0x0000000008000ab8       0x50 ./Core/Startup/startup_stm32f407zgtx.o
                0x0000000008000ab8                Reset_Handler
 .text.Default_Handler
                0x0000000008000b08        0x2 ./Core/Startup/startup_stm32f407zgtx.o
                0x0000000008000b08                RTC_Alarm_IRQHandler
                0x0000000008000b08                HASH_RNG_IRQHandler
                0x0000000008000b08                EXTI2_IRQHandler
                0x0000000008000b08                TIM8_CC_IRQHandler
                0x0000000008000b08                TIM1_CC_IRQHandler
                0x0000000008000b08                DMA2_Stream5_IRQHandler
                0x0000000008000b08                DMA1_Stream5_IRQHandler
                0x0000000008000b08                PVD_IRQHandler
                0x0000000008000b08                SDIO_IRQHandler
                0x0000000008000b08                TAMP_STAMP_IRQHandler
                0x0000000008000b08                CAN2_RX1_IRQHandler
                0x0000000008000b08                EXTI3_IRQHandler
                0x0000000008000b08                TIM8_TRG_COM_TIM14_IRQHandler
                0x0000000008000b08                TIM8_UP_TIM13_IRQHandler
                0x0000000008000b08                I2C3_ER_IRQHandler
                0x0000000008000b08                EXTI0_IRQHandler
                0x0000000008000b08                I2C2_EV_IRQHandler
                0x0000000008000b08                DMA1_Stream2_IRQHandler
                0x0000000008000b08                CAN1_RX0_IRQHandler
                0x0000000008000b08                FPU_IRQHandler
                0x0000000008000b08                OTG_HS_WKUP_IRQHandler
                0x0000000008000b08                CAN2_SCE_IRQHandler
                0x0000000008000b08                DMA2_Stream2_IRQHandler
                0x0000000008000b08                SPI1_IRQHandler
                0x0000000008000b08                TIM6_DAC_IRQHandler
                0x0000000008000b08                TIM1_BRK_TIM9_IRQHandler
                0x0000000008000b08                DCMI_IRQHandler
                0x0000000008000b08                CAN2_RX0_IRQHandler
                0x0000000008000b08                DMA2_Stream3_IRQHandler
                0x0000000008000b08                USART6_IRQHandler
                0x0000000008000b08                USART3_IRQHandler
                0x0000000008000b08                CAN1_RX1_IRQHandler
                0x0000000008000b08                UART5_IRQHandler
                0x0000000008000b08                DMA2_Stream0_IRQHandler
                0x0000000008000b08                TIM4_IRQHandler
                0x0000000008000b08                I2C1_EV_IRQHandler
                0x0000000008000b08                DMA1_Stream6_IRQHandler
                0x0000000008000b08                DMA1_Stream1_IRQHandler
                0x0000000008000b08                UART4_IRQHandler
                0x0000000008000b08                TIM3_IRQHandler
                0x0000000008000b08                RCC_IRQHandler
                0x0000000008000b08                TIM8_BRK_TIM12_IRQHandler
                0x0000000008000b08                Default_Handler
                0x0000000008000b08                EXTI15_10_IRQHandler
                0x0000000008000b08                ADC_IRQHandler
                0x0000000008000b08                DMA1_Stream7_IRQHandler
                0x0000000008000b08                TIM7_IRQHandler
                0x0000000008000b08                CAN2_TX_IRQHandler
                0x0000000008000b08                TIM5_IRQHandler
                0x0000000008000b08                DMA2_Stream7_IRQHandler
                0x0000000008000b08                I2C3_EV_IRQHandler
                0x0000000008000b08                EXTI9_5_IRQHandler
                0x0000000008000b08                RTC_WKUP_IRQHandler
                0x0000000008000b08                ETH_WKUP_IRQHandler
                0x0000000008000b08                SPI2_IRQHandler
                0x0000000008000b08                OTG_HS_EP1_IN_IRQHandler
                0x0000000008000b08                DMA1_Stream0_IRQHandler
                0x0000000008000b08                CAN1_TX_IRQHandler
                0x0000000008000b08                EXTI4_IRQHandler
                0x0000000008000b08                FSMC_IRQHandler
                0x0000000008000b08                ETH_IRQHandler
                0x0000000008000b08                OTG_HS_EP1_OUT_IRQHandler
                0x0000000008000b08                WWDG_IRQHandler
                0x0000000008000b08                TIM2_IRQHandler
                0x0000000008000b08                OTG_FS_WKUP_IRQHandler
                0x0000000008000b08                TIM1_TRG_COM_TIM11_IRQHandler
                0x0000000008000b08                OTG_HS_IRQHandler
                0x0000000008000b08                EXTI1_IRQHandler
                0x0000000008000b08                USART2_IRQHandler
                0x0000000008000b08                I2C2_ER_IRQHandler
                0x0000000008000b08                DMA2_Stream1_IRQHandler
                0x0000000008000b08                CAN1_SCE_IRQHandler
                0x0000000008000b08                FLASH_IRQHandler
                0x0000000008000b08                DMA2_Stream4_IRQHandler
                0x0000000008000b08                USART1_IRQHandler
                0x0000000008000b08                OTG_FS_IRQHandler
                0x0000000008000b08                SPI3_IRQHandler
                0x0000000008000b08                DMA1_Stream4_IRQHandler
                0x0000000008000b08                I2C1_ER_IRQHandler
                0x0000000008000b08                DMA2_Stream6_IRQHandler
                0x0000000008000b08                DMA1_Stream3_IRQHandler
 *fill*         0x0000000008000b0a        0x2 
 .text.HAL_Init
                0x0000000008000b0c       0x44 ./Drivers/STM32F4xx_HAL_Driver/stm32f4xx_hal.o
                0x0000000008000b0c                HAL_Init
 .text.HAL_IncTick
                0x0000000008000b50       0x28 ./Drivers/STM32F4xx_HAL_Driver/stm32f4xx_hal.o
                0x0000000008000b50                HAL_IncTick
 .text.HAL_GetTick
                0x0000000008000b78       0x18 ./Drivers/STM32F4xx_HAL_Driver/stm32f4xx_hal.o
                0x0000000008000b78                HAL_GetTick
 .text.__NVIC_SetPriorityGrouping
                0x0000000008000b90       0x48 ./Drivers/STM32F4xx_HAL_Driver/stm32f4xx_hal_cortex.o
 .text.__NVIC_GetPriorityGrouping
                0x0000000008000bd8       0x1c ./Drivers/STM32F4xx_HAL_Driver/stm32f4xx_hal_cortex.o
 .text.__NVIC_EnableIRQ
                0x0000000008000bf4       0x3c ./Drivers/STM32F4xx_HAL_Driver/stm32f4xx_hal_cortex.o
 .text.__NVIC_SetPriority
                0x0000000008000c30       0x54 ./Drivers/STM32F4xx_HAL_Driver/stm32f4xx_hal_cortex.o
 .text.NVIC_EncodePriority
                0x0000000008000c84       0x66 ./Drivers/STM32F4xx_HAL_Driver/stm32f4xx_hal_cortex.o
 .text.HAL_NVIC_SetPriorityGrouping
                0x0000000008000cea       0x16 ./Drivers/STM32F4xx_HAL_Driver/stm32f4xx_hal_cortex.o
                0x0000000008000cea                HAL_NVIC_SetPriorityGrouping
 .text.HAL_NVIC_SetPriority
                0x0000000008000d00       0x38 ./Drivers/STM32F4xx_HAL_Driver/stm32f4xx_hal_cortex.o
                0x0000000008000d00                HAL_NVIC_SetPriority
 .text.HAL_NVIC_EnableIRQ
                0x0000000008000d38       0x1c ./Drivers/STM32F4xx_HAL_Driver/stm32f4xx_hal_cortex.o
                0x0000000008000d38                HAL_NVIC_EnableIRQ
 .text.HAL_GPIO_Init
                0x0000000008000d54      0x338 ./Drivers/STM32F4xx_HAL_Driver/stm32f4xx_hal_gpio.o
                0x0000000008000d54                HAL_GPIO_Init
 .text.HAL_GPIO_WritePin
                0x000000000800108c       0x32 ./Drivers/STM32F4xx_HAL_Driver/stm32f4xx_hal_gpio.o
                0x000000000800108c                HAL_GPIO_WritePin
 .text.HAL_GPIO_TogglePin
                0x00000000080010be       0x34 ./Drivers/STM32F4xx_HAL_Driver/stm32f4xx_hal_gpio.o
                0x00000000080010be                HAL_GPIO_TogglePin
 *fill*         0x00000000080010f2        0x2 
 .text.HAL_RCC_OscConfig
                0x00000000080010f4      0x4f0 ./Drivers/STM32F4xx_HAL_Driver/stm32f4xx_hal_rcc.o
                0x00000000080010f4                HAL_RCC_OscConfig
 .text.HAL_RCC_ClockConfig
                0x00000000080015e4      0x1cc ./Drivers/STM32F4xx_HAL_Driver/stm32f4xx_hal_rcc.o
                0x00000000080015e4                HAL_RCC_ClockConfig
 .text.HAL_RCC_GetSysClockFreq
                0x00000000080017b0      0x18c ./Drivers/STM32F4xx_HAL_Driver/stm32f4xx_hal_rcc.o
                0x00000000080017b0                HAL_RCC_GetSysClockFreq
 .text.HAL_RCC_GetHCLKFreq
                0x000000000800193c       0x18 ./Drivers/STM32F4xx_HAL_Driver/stm32f4xx_hal_rcc.o
                0x000000000800193c                HAL_RCC_GetHCLKFreq
 .text.HAL_RCC_GetPCLK1Freq
                0x0000000008001954       0x28 ./Drivers/STM32F4xx_HAL_Driver/stm32f4xx_hal_rcc.o
                0x0000000008001954                HAL_RCC_GetPCLK1Freq
 .text.HAL_RCC_GetPCLK2Freq
                0x000000000800197c       0x28 ./Drivers/STM32F4xx_HAL_Driver/stm32f4xx_hal_rcc.o
                0x000000000800197c                HAL_RCC_GetPCLK2Freq
 .text.HAL_RCC_GetClockConfig
                0x00000000080019a4       0x64 ./Drivers/STM32F4xx_HAL_Driver/stm32f4xx_hal_rcc.o
                0x00000000080019a4                HAL_RCC_GetClockConfig
 .text.HAL_TIM_Base_Init
                0x0000000008001a08       0x9e ./Drivers/STM32F4xx_HAL_Driver/stm32f4xx_hal_tim.o
                0x0000000008001a08                HAL_TIM_Base_Init
 .text.HAL_TIM_Base_MspInit
                0x0000000008001aa6       0x14 ./Drivers/STM32F4xx_HAL_Driver/stm32f4xx_hal_tim.o
                0x0000000008001aa6                HAL_TIM_Base_MspInit
 *fill*         0x0000000008001aba        0x2 
 .text.HAL_TIM_Base_Start_IT
                0x0000000008001abc       0xe0 ./Drivers/STM32F4xx_HAL_Driver/stm32f4xx_hal_tim.o
                0x0000000008001abc                HAL_TIM_Base_Start_IT
 .text.HAL_TIM_IRQHandler
                0x0000000008001b9c      0x210 ./Drivers/STM32F4xx_HAL_Driver/stm32f4xx_hal_tim.o
                0x0000000008001b9c                HAL_TIM_IRQHandler
 .text.HAL_TIM_OC_DelayElapsedCallback
                0x0000000008001dac       0x14 ./Drivers/STM32F4xx_HAL_Driver/stm32f4xx_hal_tim.o
                0x0000000008001dac                HAL_TIM_OC_DelayElapsedCallback
 .text.HAL_TIM_IC_CaptureCallback
                0x0000000008001dc0       0x14 ./Drivers/STM32F4xx_HAL_Driver/stm32f4xx_hal_tim.o
                0x0000000008001dc0                HAL_TIM_IC_CaptureCallback
 .text.HAL_TIM_PWM_PulseFinishedCallback
                0x0000000008001dd4       0x14 ./Drivers/STM32F4xx_HAL_Driver/stm32f4xx_hal_tim.o
                0x0000000008001dd4                HAL_TIM_PWM_PulseFinishedCallback
 .text.HAL_TIM_TriggerCallback
                0x0000000008001de8       0x14 ./Drivers/STM32F4xx_HAL_Driver/stm32f4xx_hal_tim.o
                0x0000000008001de8                HAL_TIM_TriggerCallback
 .text.TIM_Base_SetConfig
                0x0000000008001dfc      0x140 ./Drivers/STM32F4xx_HAL_Driver/stm32f4xx_hal_tim.o
                0x0000000008001dfc                TIM_Base_SetConfig
 .text.HAL_TIMEx_CommutCallback
                0x0000000008001f3c       0x14 ./Drivers/STM32F4xx_HAL_Driver/stm32f4xx_hal_tim_ex.o
                0x0000000008001f3c                HAL_TIMEx_CommutCallback
 .text.HAL_TIMEx_BreakCallback
                0x0000000008001f50       0x14 ./Drivers/STM32F4xx_HAL_Driver/stm32f4xx_hal_tim_ex.o
                0x0000000008001f50                HAL_TIMEx_BreakCallback
 .text.HAL_UART_Init
                0x0000000008001f64       0x9a ./Drivers/STM32F4xx_HAL_Driver/stm32f4xx_hal_uart.o
                0x0000000008001f64                HAL_UART_Init
 .text.HAL_UART_Transmit
                0x0000000008001ffe      0x124 ./Drivers/STM32F4xx_HAL_Driver/stm32f4xx_hal_uart.o
                0x0000000008001ffe                HAL_UART_Transmit
 .text.UART_WaitOnFlagUntilTimeout
                0x0000000008002122       0xdc ./Drivers/STM32F4xx_HAL_Driver/stm32f4xx_hal_uart.o
 *fill*         0x00000000080021fe        0x2 
 .text.UART_SetConfig
                0x0000000008002200      0x4e8 ./Drivers/STM32F4xx_HAL_Driver/stm32f4xx_hal_uart.o
 .text.makeFreeRtosPriority
                0x00000000080026e8       0x30 ./Middlewares/FreeRTOS/cmsis_os.o
 .text.osKernelStart
                0x0000000008002718        0xe ./Middlewares/FreeRTOS/cmsis_os.o
                0x0000000008002718                osKernelStart
 .text.osThreadCreate
                0x0000000008002726       0x98 ./Middlewares/FreeRTOS/cmsis_os.o
                0x0000000008002726                osThreadCreate
 *fill*         0x00000000080027be        0x2 
 .text.pvPortMalloc
                0x00000000080027c0      0x198 ./Middlewares/FreeRTOS/heap_4.o
                0x00000000080027c0                pvPortMalloc
 .text.vPortFree
                0x0000000008002958       0xc4 ./Middlewares/FreeRTOS/heap_4.o
                0x0000000008002958                vPortFree
 .text.prvHeapInit
                0x0000000008002a1c       0xc4 ./Middlewares/FreeRTOS/heap_4.o
 .text.prvInsertBlockIntoFreeList
                0x0000000008002ae0       0xb4 ./Middlewares/FreeRTOS/heap_4.o
 .text.vListInitialise
                0x0000000008002b94       0x40 ./Middlewares/FreeRTOS/list.o
                0x0000000008002b94                vListInitialise
 .text.vListInitialiseItem
                0x0000000008002bd4       0x1a ./Middlewares/FreeRTOS/list.o
                0x0000000008002bd4                vListInitialiseItem
 .text.vListInsertEnd
                0x0000000008002bee       0x48 ./Middlewares/FreeRTOS/list.o
                0x0000000008002bee                vListInsertEnd
 .text.vListInsert
                0x0000000008002c36       0x72 ./Middlewares/FreeRTOS/list.o
                0x0000000008002c36                vListInsert
 .text.uxListRemove
                0x0000000008002ca8       0x54 ./Middlewares/FreeRTOS/list.o
                0x0000000008002ca8                uxListRemove
 .text.pxPortInitialiseStack
                0x0000000008002cfc       0x68 ./Middlewares/FreeRTOS/port.o
                0x0000000008002cfc                pxPortInitialiseStack
 .text.prvTaskExitError
                0x0000000008002d64       0x58 ./Middlewares/FreeRTOS/port.o
 *fill*         0x0000000008002dbc        0x4 
 .text.SVC_Handler
                0x0000000008002dc0       0x28 ./Middlewares/FreeRTOS/port.o
                0x0000000008002dc0                SVC_Handler
 .text.prvPortStartFirstTask
                0x0000000008002de8       0x28 ./Middlewares/FreeRTOS/port.o
 .text.xPortStartScheduler
                0x0000000008002e10      0x144 ./Middlewares/FreeRTOS/port.o
                0x0000000008002e10                xPortStartScheduler
 .text.vPortEnterCritical
                0x0000000008002f54       0x60 ./Middlewares/FreeRTOS/port.o
                0x0000000008002f54                vPortEnterCritical
 .text.vPortExitCritical
                0x0000000008002fb4       0x54 ./Middlewares/FreeRTOS/port.o
                0x0000000008002fb4                vPortExitCritical
 *fill*         0x0000000008003008        0x8 
 .text.PendSV_Handler
                0x0000000008003010       0x68 ./Middlewares/FreeRTOS/port.o
                0x0000000008003010                PendSV_Handler
 .text.SysTick_Handler
                0x0000000008003078       0x54 ./Middlewares/FreeRTOS/port.o
                0x0000000008003078                SysTick_Handler
 .text.vPortSetupTimerInterrupt
                0x00000000080030cc       0x48 ./Middlewares/FreeRTOS/port.o
                0x00000000080030cc                vPortSetupTimerInterrupt
 .text.vPortEnableVFP
                0x0000000008003114       0x14 ./Middlewares/FreeRTOS/port.o
 .text.vPortValidateInterruptPriority
                0x0000000008003128       0x80 ./Middlewares/FreeRTOS/port.o
                0x0000000008003128                vPortValidateInterruptPriority
 .text.xTaskCreateStatic
                0x00000000080031a8       0xba ./Middlewares/FreeRTOS/tasks.o
                0x00000000080031a8                xTaskCreateStatic
 .text.xTaskCreate
                0x0000000008003262       0x8a ./Middlewares/FreeRTOS/tasks.o
                0x0000000008003262                xTaskCreate
 .text.prvInitialiseNewTask
                0x00000000080032ec      0x13c ./Middlewares/FreeRTOS/tasks.o
 .text.prvAddNewTaskToReadyList
                0x0000000008003428      0x110 ./Middlewares/FreeRTOS/tasks.o
 .text.vTaskDelay
                0x0000000008003538       0x70 ./Middlewares/FreeRTOS/tasks.o
                0x0000000008003538                vTaskDelay
 .text.vTaskStartScheduler
                0x00000000080035a8       0xf8 ./Middlewares/FreeRTOS/tasks.o
                0x00000000080035a8                vTaskStartScheduler
 .text.vTaskSuspendAll
                0x00000000080036a0       0x1c ./Middlewares/FreeRTOS/tasks.o
                0x00000000080036a0                vTaskSuspendAll
 .text.xTaskResumeAll
                0x00000000080036bc      0x140 ./Middlewares/FreeRTOS/tasks.o
                0x00000000080036bc                xTaskResumeAll
 .text.xTaskGetTickCountFromISR
                0x00000000080037fc       0x24 ./Middlewares/FreeRTOS/tasks.o
                0x00000000080037fc                xTaskGetTickCountFromISR
 .text.xTaskIncrementTick
                0x0000000008003820      0x178 ./Middlewares/FreeRTOS/tasks.o
                0x0000000008003820                xTaskIncrementTick
 .text.vTaskSwitchContext
                0x0000000008003998       0xec ./Middlewares/FreeRTOS/tasks.o
                0x0000000008003998                vTaskSwitchContext
 .text.prvIdleTask
                0x0000000008003a84       0x30 ./Middlewares/FreeRTOS/tasks.o
 .text.prvInitialiseTaskLists
                0x0000000008003ab4       0x80 ./Middlewares/FreeRTOS/tasks.o
 .text.prvCheckTasksWaitingTermination
                0x0000000008003b34       0x5c ./Middlewares/FreeRTOS/tasks.o
 .text.prvDeleteTCB
                0x0000000008003b90       0x68 ./Middlewares/FreeRTOS/tasks.o
 .text.prvResetNextTaskUnblockTime
                0x0000000008003bf8       0x40 ./Middlewares/FreeRTOS/tasks.o
 .text.prvAddCurrentTaskToDelayedList
                0x0000000008003c38       0xf0 ./Middlewares/FreeRTOS/tasks.o
 .text.LED1_toggle
                0x0000000008003d28       0x18 ./Modules/Src/module_led.o
                0x0000000008003d28                LED1_toggle
 .text.UART_printTestString
                0x0000000008003d40       0x80 ./Modules/Src/module_uart.o
                0x0000000008003d40                UART_printTestString
 .text.UART_printLEDString
                0x0000000008003dc0       0x88 ./Modules/Src/module_uart.o
                0x0000000008003dc0                UART_printLEDString
 .text._cbSendSystemDesc
                0x0000000008003e48       0x1c ./SEGGER/Config/SEGGER_SYSVIEW_Config_FreeRTOS.o
 .text.SEGGER_SYSVIEW_Conf
                0x0000000008003e64       0x2c ./SEGGER/Config/SEGGER_SYSVIEW_Config_FreeRTOS.o
                0x0000000008003e64                SEGGER_SYSVIEW_Conf
 .text._cbSendTaskList
                0x0000000008003e90       0x90 ./SEGGER/OS/SEGGER_SYSVIEW_FreeRTOS.o
 .text._cbGetTime
                0x0000000008003f20       0x86 ./SEGGER/OS/SEGGER_SYSVIEW_FreeRTOS.o
 *fill*         0x0000000008003fa6        0x2 
 .text.SYSVIEW_AddTask
                0x0000000008003fa8       0xd0 ./SEGGER/OS/SEGGER_SYSVIEW_FreeRTOS.o
                0x0000000008003fa8                SYSVIEW_AddTask
 .text.SYSVIEW_SendTaskInfo
                0x0000000008004078       0x42 ./SEGGER/OS/SEGGER_SYSVIEW_FreeRTOS.o
                0x0000000008004078                SYSVIEW_SendTaskInfo
 *fill*         0x00000000080040ba        0x2 
 .text._DoInit  0x00000000080040bc       0xb0 ./SEGGER/SEGGER/SEGGER_RTT.o
 .text.SEGGER_RTT_ReadNoLock
                0x000000000800416c      0x10c ./SEGGER/SEGGER/SEGGER_RTT.o
                0x000000000800416c                SEGGER_RTT_ReadNoLock
 .text.SEGGER_RTT_AllocUpBuffer
                0x0000000008004278      0x108 ./SEGGER/SEGGER/SEGGER_RTT.o
                0x0000000008004278                SEGGER_RTT_AllocUpBuffer
 .text.SEGGER_RTT_ConfigDownBuffer
                0x0000000008004380       0x98 ./SEGGER/SEGGER/SEGGER_RTT.o
                0x0000000008004380                SEGGER_RTT_ConfigDownBuffer
 .text._EncodeStr
                0x0000000008004418       0xa0 ./SEGGER/SEGGER/SEGGER_SYSVIEW.o
 .text._PreparePacket
                0x00000000080044b8       0x18 ./SEGGER/SEGGER/SEGGER_SYSVIEW.o
 .text._HandleIncomingPacket
                0x00000000080044d0       0xe4 ./SEGGER/SEGGER/SEGGER_SYSVIEW.o
 .text._TrySendOverflowPacket
                0x00000000080045b4       0xe4 ./SEGGER/SEGGER/SEGGER_SYSVIEW.o
 .text._SendPacket
                0x0000000008004698      0x1cc ./SEGGER/SEGGER/SEGGER_SYSVIEW.o
 .text.SEGGER_SYSVIEW_Init
                0x0000000008004864       0x88 ./SEGGER/SEGGER/SEGGER_SYSVIEW.o
                0x0000000008004864                SEGGER_SYSVIEW_Init
 .text.SEGGER_SYSVIEW_SetRAMBase
                0x00000000080048ec       0x20 ./SEGGER/SEGGER/SEGGER_SYSVIEW.o
                0x00000000080048ec                SEGGER_SYSVIEW_SetRAMBase
 .text.SEGGER_SYSVIEW_RecordVoid
                0x000000000800490c       0x3c ./SEGGER/SEGGER/SEGGER_SYSVIEW.o
                0x000000000800490c                SEGGER_SYSVIEW_RecordVoid
 .text.SEGGER_SYSVIEW_RecordU32
                0x0000000008004948       0x78 ./SEGGER/SEGGER/SEGGER_SYSVIEW.o
                0x0000000008004948                SEGGER_SYSVIEW_RecordU32
 .text.SEGGER_SYSVIEW_RecordU32x2
                0x00000000080049c0       0xb4 ./SEGGER/SEGGER/SEGGER_SYSVIEW.o
                0x00000000080049c0                SEGGER_SYSVIEW_RecordU32x2
 .text.SEGGER_SYSVIEW_Start
                0x0000000008004a74      0x174 ./SEGGER/SEGGER/SEGGER_SYSVIEW.o
                0x0000000008004a74                SEGGER_SYSVIEW_Start
 .text.SEGGER_SYSVIEW_Stop
                0x0000000008004be8       0x4c ./SEGGER/SEGGER/SEGGER_SYSVIEW.o
                0x0000000008004be8                SEGGER_SYSVIEW_Stop
 .text.SEGGER_SYSVIEW_GetSysDesc
                0x0000000008004c34      0x134 ./SEGGER/SEGGER/SEGGER_SYSVIEW.o
                0x0000000008004c34                SEGGER_SYSVIEW_GetSysDesc
 .text.SEGGER_SYSVIEW_SendTaskInfo
                0x0000000008004d68      0x1c8 ./SEGGER/SEGGER/SEGGER_SYSVIEW.o
                0x0000000008004d68                SEGGER_SYSVIEW_SendTaskInfo
 .text.SEGGER_SYSVIEW_SendTaskList
                0x0000000008004f30       0x28 ./SEGGER/SEGGER/SEGGER_SYSVIEW.o
                0x0000000008004f30                SEGGER_SYSVIEW_SendTaskList
 .text.SEGGER_SYSVIEW_SendSysDesc
                0x0000000008004f58       0x48 ./SEGGER/SEGGER/SEGGER_SYSVIEW.o
                0x0000000008004f58                SEGGER_SYSVIEW_SendSysDesc
 .text.SEGGER_SYSVIEW_RecordSystime
                0x0000000008004fa0       0x64 ./SEGGER/SEGGER/SEGGER_SYSVIEW.o
                0x0000000008004fa0                SEGGER_SYSVIEW_RecordSystime
 .text.SEGGER_SYSVIEW_RecordEnterISR
                0x0000000008005004       0x84 ./SEGGER/SEGGER/SEGGER_SYSVIEW.o
                0x0000000008005004                SEGGER_SYSVIEW_RecordEnterISR
 .text.SEGGER_SYSVIEW_RecordExitISR
                0x0000000008005088       0x38 ./SEGGER/SEGGER/SEGGER_SYSVIEW.o
                0x0000000008005088                SEGGER_SYSVIEW_RecordExitISR
 .text.SEGGER_SYSVIEW_RecordExitISRToScheduler
                0x00000000080050c0       0x38 ./SEGGER/SEGGER/SEGGER_SYSVIEW.o
                0x00000000080050c0                SEGGER_SYSVIEW_RecordExitISRToScheduler
 .text.SEGGER_SYSVIEW_OnIdle
                0x00000000080050f8       0x38 ./SEGGER/SEGGER/SEGGER_SYSVIEW.o
                0x00000000080050f8                SEGGER_SYSVIEW_OnIdle
 .text.SEGGER_SYSVIEW_OnTaskCreate
                0x0000000008005130       0x84 ./SEGGER/SEGGER/SEGGER_SYSVIEW.o
                0x0000000008005130                SEGGER_SYSVIEW_OnTaskCreate
 .text.SEGGER_SYSVIEW_OnTaskStartExec
                0x00000000080051b4       0x84 ./SEGGER/SEGGER/SEGGER_SYSVIEW.o
                0x00000000080051b4                SEGGER_SYSVIEW_OnTaskStartExec
 .text.SEGGER_SYSVIEW_OnTaskStartReady
                0x0000000008005238       0x84 ./SEGGER/SEGGER/SEGGER_SYSVIEW.o
                0x0000000008005238                SEGGER_SYSVIEW_OnTaskStartReady
 .text.SEGGER_SYSVIEW_OnTaskStopReady
                0x00000000080052bc       0xc0 ./SEGGER/SEGGER/SEGGER_SYSVIEW.o
                0x00000000080052bc                SEGGER_SYSVIEW_OnTaskStopReady
 .text.SEGGER_SYSVIEW_SendModule
                0x000000000800537c      0x100 ./SEGGER/SEGGER/SEGGER_SYSVIEW.o
                0x000000000800537c                SEGGER_SYSVIEW_SendModule
 .text.SEGGER_SYSVIEW_SendModuleDescription
                0x000000000800547c       0x3c ./SEGGER/SEGGER/SEGGER_SYSVIEW.o
                0x000000000800547c                SEGGER_SYSVIEW_SendModuleDescription
 .text.SEGGER_SYSVIEW_SendNumModules
                0x00000000080054b8       0x7c ./SEGGER/SEGGER/SEGGER_SYSVIEW.o
                0x00000000080054b8                SEGGER_SYSVIEW_SendNumModules
 .text.SEGGER_SYSVIEW_Warn
                0x0000000008005534       0xb8 ./SEGGER/SEGGER/SEGGER_SYSVIEW.o
                0x0000000008005534                SEGGER_SYSVIEW_Warn
 .text.USART2_sendString
                0x00000000080055ec       0x8c ./Services/Src/service_uart.o
                0x00000000080055ec                USART2_sendString
 .text.__errno  0x0000000008005678        0xc c:/st/stm32cubeide_1.5.0/stm32cubeide/plugins/com.st.stm32cube.ide.mcu.externaltools.gnu-tools-for-stm32.10.3-2021.10.win32_1.0.0.202111181127/tools/bin/../lib/gcc/arm-none-eabi/10.3.1/../../../../arm-none-eabi/lib/thumb/v7e-m+fp/hard\libc_nano.a(lib_a-errno.o)
                0x0000000008005678                __errno
 .text.__libc_init_array
                0x0000000008005684       0x48 c:/st/stm32cubeide_1.5.0/stm32cubeide/plugins/com.st.stm32cube.ide.mcu.externaltools.gnu-tools-for-stm32.10.3-2021.10.win32_1.0.0.202111181127/tools/bin/../lib/gcc/arm-none-eabi/10.3.1/../../../../arm-none-eabi/lib/thumb/v7e-m+fp/hard\libc_nano.a(lib_a-init.o)
                0x0000000008005684                __libc_init_array
 .text.__retarget_lock_acquire_recursive
                0x00000000080056cc        0x2 c:/st/stm32cubeide_1.5.0/stm32cubeide/plugins/com.st.stm32cube.ide.mcu.externaltools.gnu-tools-for-stm32.10.3-2021.10.win32_1.0.0.202111181127/tools/bin/../lib/gcc/arm-none-eabi/10.3.1/../../../../arm-none-eabi/lib/thumb/v7e-m+fp/hard\libc_nano.a(lib_a-lock.o)
                0x00000000080056cc                __retarget_lock_acquire_recursive
 .text.__retarget_lock_release_recursive
                0x00000000080056ce        0x2 c:/st/stm32cubeide_1.5.0/stm32cubeide/plugins/com.st.stm32cube.ide.mcu.externaltools.gnu-tools-for-stm32.10.3-2021.10.win32_1.0.0.202111181127/tools/bin/../lib/gcc/arm-none-eabi/10.3.1/../../../../arm-none-eabi/lib/thumb/v7e-m+fp/hard\libc_nano.a(lib_a-lock.o)
                0x00000000080056ce                __retarget_lock_release_recursive
 .text.malloc   0x00000000080056d0       0x10 c:/st/stm32cubeide_1.5.0/stm32cubeide/plugins/com.st.stm32cube.ide.mcu.externaltools.gnu-tools-for-stm32.10.3-2021.10.win32_1.0.0.202111181127/tools/bin/../lib/gcc/arm-none-eabi/10.3.1/../../../../arm-none-eabi/lib/thumb/v7e-m+fp/hard\libc_nano.a(lib_a-malloc.o)
                0x00000000080056d0                malloc
 .text.free     0x00000000080056e0       0x10 c:/st/stm32cubeide_1.5.0/stm32cubeide/plugins/com.st.stm32cube.ide.mcu.externaltools.gnu-tools-for-stm32.10.3-2021.10.win32_1.0.0.202111181127/tools/bin/../lib/gcc/arm-none-eabi/10.3.1/../../../../arm-none-eabi/lib/thumb/v7e-m+fp/hard\libc_nano.a(lib_a-malloc.o)
                0x00000000080056e0                free
 .text.memcmp   0x00000000080056f0       0x20 c:/st/stm32cubeide_1.5.0/stm32cubeide/plugins/com.st.stm32cube.ide.mcu.externaltools.gnu-tools-for-stm32.10.3-2021.10.win32_1.0.0.202111181127/tools/bin/../lib/gcc/arm-none-eabi/10.3.1/../../../../arm-none-eabi/lib/thumb/v7e-m+fp/hard\libc_nano.a(lib_a-memcmp.o)
                0x00000000080056f0                memcmp
 .text.memcpy   0x0000000008005710       0x1c c:/st/stm32cubeide_1.5.0/stm32cubeide/plugins/com.st.stm32cube.ide.mcu.externaltools.gnu-tools-for-stm32.10.3-2021.10.win32_1.0.0.202111181127/tools/bin/../lib/gcc/arm-none-eabi/10.3.1/../../../../arm-none-eabi/lib/thumb/v7e-m+fp/hard\libc_nano.a(lib_a-memcpy-stub.o)
                0x0000000008005710                memcpy
 .text.memset   0x000000000800572c       0x10 c:/st/stm32cubeide_1.5.0/stm32cubeide/plugins/com.st.stm32cube.ide.mcu.externaltools.gnu-tools-for-stm32.10.3-2021.10.win32_1.0.0.202111181127/tools/bin/../lib/gcc/arm-none-eabi/10.3.1/../../../../arm-none-eabi/lib/thumb/v7e-m+fp/hard\libc_nano.a(lib_a-memset.o)
                0x000000000800572c                memset
 .text._free_r  0x000000000800573c       0x98 c:/st/stm32cubeide_1.5.0/stm32cubeide/plugins/com.st.stm32cube.ide.mcu.externaltools.gnu-tools-for-stm32.10.3-2021.10.win32_1.0.0.202111181127/tools/bin/../lib/gcc/arm-none-eabi/10.3.1/../../../../arm-none-eabi/lib/thumb/v7e-m+fp/hard\libc_nano.a(lib_a-nano-freer.o)
                0x000000000800573c                _free_r
 .text.sbrk_aligned
                0x00000000080057d4       0x40 c:/st/stm32cubeide_1.5.0/stm32cubeide/plugins/com.st.stm32cube.ide.mcu.externaltools.gnu-tools-for-stm32.10.3-2021.10.win32_1.0.0.202111181127/tools/bin/../lib/gcc/arm-none-eabi/10.3.1/../../../../arm-none-eabi/lib/thumb/v7e-m+fp/hard\libc_nano.a(lib_a-nano-mallocr.o)
 .text._malloc_r
                0x0000000008005814       0xe8 c:/st/stm32cubeide_1.5.0/stm32cubeide/plugins/com.st.stm32cube.ide.mcu.externaltools.gnu-tools-for-stm32.10.3-2021.10.win32_1.0.0.202111181127/tools/bin/../lib/gcc/arm-none-eabi/10.3.1/../../../../arm-none-eabi/lib/thumb/v7e-m+fp/hard\libc_nano.a(lib_a-nano-mallocr.o)
                0x0000000008005814                _malloc_r
 .text.cleanup_glue
                0x00000000080058fc       0x1a c:/st/stm32cubeide_1.5.0/stm32cubeide/plugins/com.st.stm32cube.ide.mcu.externaltools.gnu-tools-for-stm32.10.3-2021.10.win32_1.0.0.202111181127/tools/bin/../lib/gcc/arm-none-eabi/10.3.1/../../../../arm-none-eabi/lib/thumb/v7e-m+fp/hard\libc_nano.a(lib_a-reent.o)
                0x00000000080058fc                cleanup_glue
 *fill*         0x0000000008005916        0x2 
 .text._reclaim_reent
                0x0000000008005918       0xb8 c:/st/stm32cubeide_1.5.0/stm32cubeide/plugins/com.st.stm32cube.ide.mcu.externaltools.gnu-tools-for-stm32.10.3-2021.10.win32_1.0.0.202111181127/tools/bin/../lib/gcc/arm-none-eabi/10.3.1/../../../../arm-none-eabi/lib/thumb/v7e-m+fp/hard\libc_nano.a(lib_a-reent.o)
                0x0000000008005918                _reclaim_reent
 .text._sbrk_r  0x00000000080059d0       0x20 c:/st/stm32cubeide_1.5.0/stm32cubeide/plugins/com.st.stm32cube.ide.mcu.externaltools.gnu-tools-for-stm32.10.3-2021.10.win32_1.0.0.202111181127/tools/bin/../lib/gcc/arm-none-eabi/10.3.1/../../../../arm-none-eabi/lib/thumb/v7e-m+fp/hard\libc_nano.a(lib_a-sbrkr.o)
                0x00000000080059d0                _sbrk_r
 .text.strcpy   0x00000000080059f0       0x10 c:/st/stm32cubeide_1.5.0/stm32cubeide/plugins/com.st.stm32cube.ide.mcu.externaltools.gnu-tools-for-stm32.10.3-2021.10.win32_1.0.0.202111181127/tools/bin/../lib/gcc/arm-none-eabi/10.3.1/../../../../arm-none-eabi/lib/thumb/v7e-m+fp/hard\libc_nano.a(lib_a-strcpy.o)
                0x00000000080059f0                strcpy
 .text.__malloc_lock
                0x0000000008005a00        0xc c:/st/stm32cubeide_1.5.0/stm32cubeide/plugins/com.st.stm32cube.ide.mcu.externaltools.gnu-tools-for-stm32.10.3-2021.10.win32_1.0.0.202111181127/tools/bin/../lib/gcc/arm-none-eabi/10.3.1/../../../../arm-none-eabi/lib/thumb/v7e-m+fp/hard\libc_nano.a(lib_a-mlock.o)
                0x0000000008005a00                __malloc_lock
 .text.__malloc_unlock
                0x0000000008005a0c        0xc c:/st/stm32cubeide_1.5.0/stm32cubeide/plugins/com.st.stm32cube.ide.mcu.externaltools.gnu-tools-for-stm32.10.3-2021.10.win32_1.0.0.202111181127/tools/bin/../lib/gcc/arm-none-eabi/10.3.1/../../../../arm-none-eabi/lib/thumb/v7e-m+fp/hard\libc_nano.a(lib_a-mlock.o)
                0x0000000008005a0c                __malloc_unlock
 *(.glue_7)
 .glue_7        0x0000000008005a18        0x0 linker stubs
 *(.glue_7t)
 .glue_7t       0x0000000008005a18        0x0 linker stubs
 *(.eh_frame)
 .eh_frame      0x0000000008005a18        0x0 c:/st/stm32cubeide_1.5.0/stm32cubeide/plugins/com.st.stm32cube.ide.mcu.externaltools.gnu-tools-for-stm32.10.3-2021.10.win32_1.0.0.202111181127/tools/bin/../lib/gcc/arm-none-eabi/10.3.1/thumb/v7e-m+fp/hard/crtbegin.o
 *(.init)
 .init          0x0000000008005a18        0x4 c:/st/stm32cubeide_1.5.0/stm32cubeide/plugins/com.st.stm32cube.ide.mcu.externaltools.gnu-tools-for-stm32.10.3-2021.10.win32_1.0.0.202111181127/tools/bin/../lib/gcc/arm-none-eabi/10.3.1/thumb/v7e-m+fp/hard/crti.o
                0x0000000008005a18                _init
 .init          0x0000000008005a1c        0x8 c:/st/stm32cubeide_1.5.0/stm32cubeide/plugins/com.st.stm32cube.ide.mcu.externaltools.gnu-tools-for-stm32.10.3-2021.10.win32_1.0.0.202111181127/tools/bin/../lib/gcc/arm-none-eabi/10.3.1/thumb/v7e-m+fp/hard/crtn.o
 *(.fini)
 .fini          0x0000000008005a24        0x4 c:/st/stm32cubeide_1.5.0/stm32cubeide/plugins/com.st.stm32cube.ide.mcu.externaltools.gnu-tools-for-stm32.10.3-2021.10.win32_1.0.0.202111181127/tools/bin/../lib/gcc/arm-none-eabi/10.3.1/thumb/v7e-m+fp/hard/crti.o
                0x0000000008005a24                _fini
 .fini          0x0000000008005a28        0x8 c:/st/stm32cubeide_1.5.0/stm32cubeide/plugins/com.st.stm32cube.ide.mcu.externaltools.gnu-tools-for-stm32.10.3-2021.10.win32_1.0.0.202111181127/tools/bin/../lib/gcc/arm-none-eabi/10.3.1/thumb/v7e-m+fp/hard/crtn.o
                0x0000000008005a30                . = ALIGN (0x4)
                0x0000000008005a30                _etext = .

.vfp11_veneer   0x0000000008005a30        0x0
 .vfp11_veneer  0x0000000008005a30        0x0 linker stubs

.v4_bx          0x0000000008005a30        0x0
 .v4_bx         0x0000000008005a30        0x0 linker stubs

.iplt           0x0000000008005a30        0x0
 .iplt          0x0000000008005a30        0x0 c:/st/stm32cubeide_1.5.0/stm32cubeide/plugins/com.st.stm32cube.ide.mcu.externaltools.gnu-tools-for-stm32.10.3-2021.10.win32_1.0.0.202111181127/tools/bin/../lib/gcc/arm-none-eabi/10.3.1/thumb/v7e-m+fp/hard/crtbegin.o

.rodata         0x0000000008005a30      0x1d4
                0x0000000008005a30                . = ALIGN (0x4)
 *(.rodata)
 .rodata        0x0000000008005a30       0x50 ./Core/Src/freertos.o
 .rodata        0x0000000008005a80        0x5 ./Middlewares/FreeRTOS/tasks.o
 *fill*         0x0000000008005a85        0x3 
 .rodata        0x0000000008005a88       0x26 ./Modules/Src/module_uart.o
 *fill*         0x0000000008005aae        0x2 
 .rodata        0x0000000008005ab0       0x49 ./SEGGER/Config/SEGGER_SYSVIEW_Config_FreeRTOS.o
 *fill*         0x0000000008005af9        0x3 
 .rodata        0x0000000008005afc       0x58 ./SEGGER/OS/SEGGER_SYSVIEW_FreeRTOS.o
 .rodata        0x0000000008005b54       0x17 ./SEGGER/SEGGER/SEGGER_RTT.o
 *fill*         0x0000000008005b6b        0x1 
 .rodata        0x0000000008005b6c        0x8 ./SEGGER/SEGGER/SEGGER_SYSVIEW.o
 .rodata        0x0000000008005b74        0x3 ./Services/Src/service_uart.o
 *(.rodata*)
 *fill*         0x0000000008005b77        0x1 
 .rodata.AHBPrescTable
                0x0000000008005b78       0x10 ./Core/Src/system_stm32f4xx.o
                0x0000000008005b78                AHBPrescTable
 .rodata.APBPrescTable
                0x0000000008005b88        0x8 ./Core/Src/system_stm32f4xx.o
                0x0000000008005b88                APBPrescTable
 .rodata.SYSVIEW_X_OS_TraceAPI
                0x0000000008005b90        0x8 ./SEGGER/OS/SEGGER_SYSVIEW_FreeRTOS.o
                0x0000000008005b90                SYSVIEW_X_OS_TraceAPI
 .rodata._abSync
                0x0000000008005b98        0xa ./SEGGER/SEGGER/SEGGER_SYSVIEW.o
 *fill*         0x0000000008005ba2        0x2 
 .rodata.__sf_fake_stderr
                0x0000000008005ba4       0x20 c:/st/stm32cubeide_1.5.0/stm32cubeide/plugins/com.st.stm32cube.ide.mcu.externaltools.gnu-tools-for-stm32.10.3-2021.10.win32_1.0.0.202111181127/tools/bin/../lib/gcc/arm-none-eabi/10.3.1/../../../../arm-none-eabi/lib/thumb/v7e-m+fp/hard\libc_nano.a(lib_a-findfp.o)
                0x0000000008005ba4                __sf_fake_stderr
 .rodata.__sf_fake_stdin
                0x0000000008005bc4       0x20 c:/st/stm32cubeide_1.5.0/stm32cubeide/plugins/com.st.stm32cube.ide.mcu.externaltools.gnu-tools-for-stm32.10.3-2021.10.win32_1.0.0.202111181127/tools/bin/../lib/gcc/arm-none-eabi/10.3.1/../../../../arm-none-eabi/lib/thumb/v7e-m+fp/hard\libc_nano.a(lib_a-findfp.o)
                0x0000000008005bc4                __sf_fake_stdin
 .rodata.__sf_fake_stdout
                0x0000000008005be4       0x20 c:/st/stm32cubeide_1.5.0/stm32cubeide/plugins/com.st.stm32cube.ide.mcu.externaltools.gnu-tools-for-stm32.10.3-2021.10.win32_1.0.0.202111181127/tools/bin/../lib/gcc/arm-none-eabi/10.3.1/../../../../arm-none-eabi/lib/thumb/v7e-m+fp/hard\libc_nano.a(lib_a-findfp.o)
                0x0000000008005be4                __sf_fake_stdout
                0x0000000008005c04                . = ALIGN (0x4)

.ARM.extab      0x0000000008005c04        0x0
                0x0000000008005c04                . = ALIGN (0x4)
 *(.ARM.extab* .gnu.linkonce.armextab.*)
                0x0000000008005c04                . = ALIGN (0x4)

.ARM            0x0000000008005c04        0x8
                0x0000000008005c04                . = ALIGN (0x4)
                0x0000000008005c04                __exidx_start = .
 *(.ARM.exidx*)
 .ARM.exidx     0x0000000008005c04        0x8 c:/st/stm32cubeide_1.5.0/stm32cubeide/plugins/com.st.stm32cube.ide.mcu.externaltools.gnu-tools-for-stm32.10.3-2021.10.win32_1.0.0.202111181127/tools/bin/../lib/gcc/arm-none-eabi/10.3.1/thumb/v7e-m+fp/hard\libgcc.a(_udivmoddi4.o)
                0x0000000008005c0c                __exidx_end = .
                0x0000000008005c0c                . = ALIGN (0x4)

.rel.dyn        0x0000000008005c0c        0x0
 .rel.iplt      0x0000000008005c0c        0x0 c:/st/stm32cubeide_1.5.0/stm32cubeide/plugins/com.st.stm32cube.ide.mcu.externaltools.gnu-tools-for-stm32.10.3-2021.10.win32_1.0.0.202111181127/tools/bin/../lib/gcc/arm-none-eabi/10.3.1/thumb/v7e-m+fp/hard/crtbegin.o

.preinit_array  0x0000000008005c0c        0x0
                0x0000000008005c0c                . = ALIGN (0x4)
                0x0000000008005c0c                PROVIDE (__preinit_array_start = .)
 *(.preinit_array*)
                0x0000000008005c0c                PROVIDE (__preinit_array_end = .)
                0x0000000008005c0c                . = ALIGN (0x4)

.init_array     0x0000000008005c0c        0x4
                0x0000000008005c0c                . = ALIGN (0x4)
                0x0000000008005c0c                PROVIDE (__init_array_start = .)
 *(SORT_BY_NAME(.init_array.*))
 *(.init_array*)
 .init_array    0x0000000008005c0c        0x4 c:/st/stm32cubeide_1.5.0/stm32cubeide/plugins/com.st.stm32cube.ide.mcu.externaltools.gnu-tools-for-stm32.10.3-2021.10.win32_1.0.0.202111181127/tools/bin/../lib/gcc/arm-none-eabi/10.3.1/thumb/v7e-m+fp/hard/crtbegin.o
                0x0000000008005c10                PROVIDE (__init_array_end = .)
                0x0000000008005c10                . = ALIGN (0x4)

.fini_array     0x0000000008005c10        0x4
                0x0000000008005c10                . = ALIGN (0x4)
                [!provide]                        PROVIDE (__fini_array_start = .)
 *(SORT_BY_NAME(.fini_array.*))
 *(.fini_array*)
 .fini_array    0x0000000008005c10        0x4 c:/st/stm32cubeide_1.5.0/stm32cubeide/plugins/com.st.stm32cube.ide.mcu.externaltools.gnu-tools-for-stm32.10.3-2021.10.win32_1.0.0.202111181127/tools/bin/../lib/gcc/arm-none-eabi/10.3.1/thumb/v7e-m+fp/hard/crtbegin.o
                [!provide]                        PROVIDE (__fini_array_end = .)
                0x0000000008005c14                . = ALIGN (0x4)
                0x0000000008005c14                _sidata = LOADADDR (.data)

.data           0x0000000020000000       0x74 load address 0x0000000008005c14
                0x0000000020000000                . = ALIGN (0x4)
                0x0000000020000000                _sdata = .
 *(.data)
 *(.data*)
 .data.SystemCoreClock
                0x0000000020000000        0x4 ./Core/Src/system_stm32f4xx.o
                0x0000000020000000                SystemCoreClock
 .data.uwTickPrio
                0x0000000020000004        0x4 ./Drivers/STM32F4xx_HAL_Driver/stm32f4xx_hal.o
                0x0000000020000004                uwTickPrio
 .data.uwTickFreq
                0x0000000020000008        0x1 ./Drivers/STM32F4xx_HAL_Driver/stm32f4xx_hal.o
                0x0000000020000008                uwTickFreq
 *fill*         0x0000000020000009        0x3 
 .data.uxCriticalNesting
                0x000000002000000c        0x4 ./Middlewares/FreeRTOS/port.o
 .data._impure_ptr
                0x0000000020000010        0x4 c:/st/stm32cubeide_1.5.0/stm32cubeide/plugins/com.st.stm32cube.ide.mcu.externaltools.gnu-tools-for-stm32.10.3-2021.10.win32_1.0.0.202111181127/tools/bin/../lib/gcc/arm-none-eabi/10.3.1/../../../../arm-none-eabi/lib/thumb/v7e-m+fp/hard\libc_nano.a(lib_a-impure.o)
                0x0000000020000010                _impure_ptr
 .data.impure_data
                0x0000000020000014       0x60 c:/st/stm32cubeide_1.5.0/stm32cubeide/plugins/com.st.stm32cube.ide.mcu.externaltools.gnu-tools-for-stm32.10.3-2021.10.win32_1.0.0.202111181127/tools/bin/../lib/gcc/arm-none-eabi/10.3.1/../../../../arm-none-eabi/lib/thumb/v7e-m+fp/hard\libc_nano.a(lib_a-impure.o)
 *(.RamFunc)
 *(.RamFunc*)
                0x0000000020000074                . = ALIGN (0x4)
                0x0000000020000074                _edata = .
                0x0000000008005c88                _siccmram = LOADADDR (.ccmram)

.igot.plt       0x0000000020000074        0x0 load address 0x0000000008005c88
 .igot.plt      0x0000000020000074        0x0 c:/st/stm32cubeide_1.5.0/stm32cubeide/plugins/com.st.stm32cube.ide.mcu.externaltools.gnu-tools-for-stm32.10.3-2021.10.win32_1.0.0.202111181127/tools/bin/../lib/gcc/arm-none-eabi/10.3.1/thumb/v7e-m+fp/hard/crtbegin.o

.ccmram         0x0000000010000000        0x0 load address 0x0000000008005c88
                0x0000000010000000                . = ALIGN (0x4)
                0x0000000010000000                _sccmram = .
 *(.ccmram)
 *(.ccmram*)
                0x0000000010000000                . = ALIGN (0x4)
                0x0000000010000000                _eccmram = .
                0x0000000010000000                . = ALIGN (0x4)

.bss            0x0000000020000074     0x4b50
                0x0000000020000074                _sbss = .
                0x0000000020000074                __bss_start__ = _sbss
 *(.bss)
 .bss           0x0000000020000074       0x1c c:/st/stm32cubeide_1.5.0/stm32cubeide/plugins/com.st.stm32cube.ide.mcu.externaltools.gnu-tools-for-stm32.10.3-2021.10.win32_1.0.0.202111181127/tools/bin/../lib/gcc/arm-none-eabi/10.3.1/thumb/v7e-m+fp/hard/crtbegin.o
 *(.bss*)
 .bss.task100msHandle
                0x0000000020000090        0x4 ./Core/Src/freertos.o
                0x0000000020000090                task100msHandle
 .bss.task500msHandle
                0x0000000020000094        0x4 ./Core/Src/freertos.o
                0x0000000020000094                task500msHandle
 .bss.xIdleTaskTCBBuffer
                0x0000000020000098       0xb4 ./Core/Src/freertos.o
 .bss.xIdleStack
                0x000000002000014c      0x200 ./Core/Src/freertos.o
 .bss.htim1     0x000000002000034c       0x48 ./Core/Src/stm32f4xx_hal_timebase_tim.o
                0x000000002000034c                htim1
 .bss.__sbrk_heap_end
                0x0000000020000394        0x4 ./Core/Src/sysmem.o
 .bss.huart2    0x0000000020000398       0x44 ./Core/Src/usart.o
                0x0000000020000398                huart2
 .bss.uwTick    0x00000000200003dc        0x4 ./Drivers/STM32F4xx_HAL_Driver/stm32f4xx_hal.o
                0x00000000200003dc                uwTick
 .bss.ucHeap    0x00000000200003e0     0x3c00 ./Middlewares/FreeRTOS/heap_4.o
 .bss.xStart    0x0000000020003fe0        0x8 ./Middlewares/FreeRTOS/heap_4.o
 .bss.pxEnd     0x0000000020003fe8        0x4 ./Middlewares/FreeRTOS/heap_4.o
 .bss.xFreeBytesRemaining
                0x0000000020003fec        0x4 ./Middlewares/FreeRTOS/heap_4.o
 .bss.xMinimumEverFreeBytesRemaining
                0x0000000020003ff0        0x4 ./Middlewares/FreeRTOS/heap_4.o
 .bss.xNumberOfSuccessfulAllocations
                0x0000000020003ff4        0x4 ./Middlewares/FreeRTOS/heap_4.o
 .bss.xNumberOfSuccessfulFrees
                0x0000000020003ff8        0x4 ./Middlewares/FreeRTOS/heap_4.o
 .bss.xBlockAllocatedBit
                0x0000000020003ffc        0x4 ./Middlewares/FreeRTOS/heap_4.o
 .bss.ucMaxSysCallPriority
                0x0000000020004000        0x1 ./Middlewares/FreeRTOS/port.o
 *fill*         0x0000000020004001        0x3 
 .bss.ulMaxPRIGROUPValue
                0x0000000020004004        0x4 ./Middlewares/FreeRTOS/port.o
 .bss.pxCurrentTCB
                0x0000000020004008        0x4 ./Middlewares/FreeRTOS/tasks.o
                0x0000000020004008                pxCurrentTCB
 .bss.pxReadyTasksLists
                0x000000002000400c       0x8c ./Middlewares/FreeRTOS/tasks.o
 .bss.xDelayedTaskList1
                0x0000000020004098       0x14 ./Middlewares/FreeRTOS/tasks.o
 .bss.xDelayedTaskList2
                0x00000000200040ac       0x14 ./Middlewares/FreeRTOS/tasks.o
 .bss.pxDelayedTaskList
                0x00000000200040c0        0x4 ./Middlewares/FreeRTOS/tasks.o
 .bss.pxOverflowDelayedTaskList
                0x00000000200040c4        0x4 ./Middlewares/FreeRTOS/tasks.o
 .bss.xPendingReadyList
                0x00000000200040c8       0x14 ./Middlewares/FreeRTOS/tasks.o
 .bss.xTasksWaitingTermination
                0x00000000200040dc       0x14 ./Middlewares/FreeRTOS/tasks.o
 .bss.uxDeletedTasksWaitingCleanUp
                0x00000000200040f0        0x4 ./Middlewares/FreeRTOS/tasks.o
 .bss.xSuspendedTaskList
                0x00000000200040f4       0x14 ./Middlewares/FreeRTOS/tasks.o
 .bss.uxCurrentNumberOfTasks
                0x0000000020004108        0x4 ./Middlewares/FreeRTOS/tasks.o
 .bss.xTickCount
                0x000000002000410c        0x4 ./Middlewares/FreeRTOS/tasks.o
 .bss.uxTopReadyPriority
                0x0000000020004110        0x4 ./Middlewares/FreeRTOS/tasks.o
 .bss.xSchedulerRunning
                0x0000000020004114        0x4 ./Middlewares/FreeRTOS/tasks.o
 .bss.xPendedTicks
                0x0000000020004118        0x4 ./Middlewares/FreeRTOS/tasks.o
 .bss.xYieldPending
                0x000000002000411c        0x4 ./Middlewares/FreeRTOS/tasks.o
 .bss.xNumOfOverflows
                0x0000000020004120        0x4 ./Middlewares/FreeRTOS/tasks.o
 .bss.uxTaskNumber
                0x0000000020004124        0x4 ./Middlewares/FreeRTOS/tasks.o
 .bss.xNextTaskUnblockTime
                0x0000000020004128        0x4 ./Middlewares/FreeRTOS/tasks.o
 .bss.xIdleTaskHandle
                0x000000002000412c        0x4 ./Middlewares/FreeRTOS/tasks.o
 .bss.uxSchedulerSuspended
                0x0000000020004130        0x4 ./Middlewares/FreeRTOS/tasks.o
 .bss.testStr   0x0000000020004134        0x4 ./Modules/Src/module_uart.o
                0x0000000020004134                testStr
 .bss.testStrCat
                0x0000000020004138        0x4 ./Modules/Src/module_uart.o
                0x0000000020004138                testStrCat
 .bss.numberStr
                0x000000002000413c        0x4 ./Modules/Src/module_uart.o
                0x000000002000413c                numberStr
 .bss._aTasks   0x0000000020004140       0xa0 ./SEGGER/OS/SEGGER_SYSVIEW_FreeRTOS.o
 .bss._NumTasks
                0x00000000200041e0        0x4 ./SEGGER/OS/SEGGER_SYSVIEW_FreeRTOS.o
 .bss._SEGGER_RTT
                0x00000000200041e4       0xa8 ./SEGGER/SEGGER/SEGGER_RTT.o
                0x00000000200041e4                _SEGGER_RTT
 .bss._acUpBuffer
                0x000000002000428c      0x400 ./SEGGER/SEGGER/SEGGER_RTT.o
 .bss._acDownBuffer
                0x000000002000468c       0x10 ./SEGGER/SEGGER/SEGGER_RTT.o
 .bss._UpBuffer
                0x000000002000469c      0x400 ./SEGGER/SEGGER/SEGGER_SYSVIEW.o
 .bss._DownBuffer
                0x0000000020004a9c        0x8 ./SEGGER/SEGGER/SEGGER_SYSVIEW.o
 .bss._SYSVIEW_Globals
                0x0000000020004aa4       0x28 ./SEGGER/SEGGER/SEGGER_SYSVIEW.o
 .bss._pFirstModule
                0x0000000020004acc        0x4 ./SEGGER/SEGGER/SEGGER_SYSVIEW.o
 .bss._NumModules
                0x0000000020004ad0        0x1 ./SEGGER/SEGGER/SEGGER_SYSVIEW.o
 *fill*         0x0000000020004ad1        0x3 
 .bss._aPacket  0x0000000020004ad4       0xe3 ./SEGGER/SEGGER/SEGGER_SYSVIEW.o
 .bss.__lock___malloc_recursive_mutex
                0x0000000020004bb7        0x1 c:/st/stm32cubeide_1.5.0/stm32cubeide/plugins/com.st.stm32cube.ide.mcu.externaltools.gnu-tools-for-stm32.10.3-2021.10.win32_1.0.0.202111181127/tools/bin/../lib/gcc/arm-none-eabi/10.3.1/../../../../arm-none-eabi/lib/thumb/v7e-m+fp/hard\libc_nano.a(lib_a-lock.o)
                0x0000000020004bb7                __lock___malloc_recursive_mutex
 .bss.__malloc_free_list
                0x0000000020004bb8        0x4 c:/st/stm32cubeide_1.5.0/stm32cubeide/plugins/com.st.stm32cube.ide.mcu.externaltools.gnu-tools-for-stm32.10.3-2021.10.win32_1.0.0.202111181127/tools/bin/../lib/gcc/arm-none-eabi/10.3.1/../../../../arm-none-eabi/lib/thumb/v7e-m+fp/hard\libc_nano.a(lib_a-nano-mallocr.o)
                0x0000000020004bb8                __malloc_free_list
 .bss.__malloc_sbrk_start
                0x0000000020004bbc        0x4 c:/st/stm32cubeide_1.5.0/stm32cubeide/plugins/com.st.stm32cube.ide.mcu.externaltools.gnu-tools-for-stm32.10.3-2021.10.win32_1.0.0.202111181127/tools/bin/../lib/gcc/arm-none-eabi/10.3.1/../../../../arm-none-eabi/lib/thumb/v7e-m+fp/hard\libc_nano.a(lib_a-nano-mallocr.o)
                0x0000000020004bbc                __malloc_sbrk_start
 .bss.errno     0x0000000020004bc0        0x4 c:/st/stm32cubeide_1.5.0/stm32cubeide/plugins/com.st.stm32cube.ide.mcu.externaltools.gnu-tools-for-stm32.10.3-2021.10.win32_1.0.0.202111181127/tools/bin/../lib/gcc/arm-none-eabi/10.3.1/../../../../arm-none-eabi/lib/thumb/v7e-m+fp/hard\libc_nano.a(lib_a-reent.o)
                0x0000000020004bc0                errno
 *(COMMON)
                0x0000000020004bc4                . = ALIGN (0x4)
                0x0000000020004bc4                _ebss = .
                0x0000000020004bc4                __bss_end__ = _ebss

._user_heap_stack
                0x0000000020004bc4      0x604
                0x0000000020004bc8                . = ALIGN (0x8)
 *fill*         0x0000000020004bc4        0x4 
                [!provide]                        PROVIDE (end = .)
                0x0000000020004bc8                PROVIDE (_end = .)
                0x0000000020004dc8                . = (. + _Min_Heap_Size)
 *fill*         0x0000000020004bc8      0x200 
                0x00000000200051c8                . = (. + _Min_Stack_Size)
 *fill*         0x0000000020004dc8      0x400 
                0x00000000200051c8                . = ALIGN (0x8)

/DISCARD/
 libc.a(*)
 libm.a(*)
 libgcc.a(*)

.ARM.attributes
                0x0000000000000000       0x30
 *(.ARM.attributes)
 .ARM.attributes
                0x0000000000000000       0x1e c:/st/stm32cubeide_1.5.0/stm32cubeide/plugins/com.st.stm32cube.ide.mcu.externaltools.gnu-tools-for-stm32.10.3-2021.10.win32_1.0.0.202111181127/tools/bin/../lib/gcc/arm-none-eabi/10.3.1/thumb/v7e-m+fp/hard/crti.o
 .ARM.attributes
                0x000000000000001e       0x34 c:/st/stm32cubeide_1.5.0/stm32cubeide/plugins/com.st.stm32cube.ide.mcu.externaltools.gnu-tools-for-stm32.10.3-2021.10.win32_1.0.0.202111181127/tools/bin/../lib/gcc/arm-none-eabi/10.3.1/thumb/v7e-m+fp/hard/crtbegin.o
 .ARM.attributes
                0x0000000000000052       0x34 ./Core/Src/freertos.o
 .ARM.attributes
                0x0000000000000086       0x34 ./Core/Src/gpio.o
 .ARM.attributes
                0x00000000000000ba       0x34 ./Core/Src/main.o
 .ARM.attributes
                0x00000000000000ee       0x34 ./Core/Src/stm32f4xx_hal_msp.o
 .ARM.attributes
                0x0000000000000122       0x34 ./Core/Src/stm32f4xx_hal_timebase_tim.o
 .ARM.attributes
                0x0000000000000156       0x34 ./Core/Src/stm32f4xx_it.o
 .ARM.attributes
                0x000000000000018a       0x34 ./Core/Src/sysmem.o
 .ARM.attributes
                0x00000000000001be       0x34 ./Core/Src/system_stm32f4xx.o
 .ARM.attributes
                0x00000000000001f2       0x34 ./Core/Src/usart.o
 .ARM.attributes
                0x0000000000000226       0x21 ./Core/Startup/startup_stm32f407zgtx.o
 .ARM.attributes
                0x0000000000000247       0x34 ./Drivers/STM32F4xx_HAL_Driver/stm32f4xx_hal.o
 .ARM.attributes
                0x000000000000027b       0x34 ./Drivers/STM32F4xx_HAL_Driver/stm32f4xx_hal_cortex.o
 .ARM.attributes
                0x00000000000002af       0x34 ./Drivers/STM32F4xx_HAL_Driver/stm32f4xx_hal_gpio.o
 .ARM.attributes
                0x00000000000002e3       0x34 ./Drivers/STM32F4xx_HAL_Driver/stm32f4xx_hal_rcc.o
 .ARM.attributes
                0x0000000000000317       0x34 ./Drivers/STM32F4xx_HAL_Driver/stm32f4xx_hal_tim.o
 .ARM.attributes
                0x000000000000034b       0x34 ./Drivers/STM32F4xx_HAL_Driver/stm32f4xx_hal_tim_ex.o
 .ARM.attributes
                0x000000000000037f       0x34 ./Drivers/STM32F4xx_HAL_Driver/stm32f4xx_hal_uart.o
 .ARM.attributes
                0x00000000000003b3       0x34 ./Middlewares/FreeRTOS/cmsis_os.o
 .ARM.attributes
                0x00000000000003e7       0x34 ./Middlewares/FreeRTOS/heap_4.o
 .ARM.attributes
                0x000000000000041b       0x34 ./Middlewares/FreeRTOS/list.o
 .ARM.attributes
                0x000000000000044f       0x34 ./Middlewares/FreeRTOS/port.o
 .ARM.attributes
                0x0000000000000483       0x34 ./Middlewares/FreeRTOS/tasks.o
 .ARM.attributes
                0x00000000000004b7       0x34 ./Modules/Src/module_led.o
 .ARM.attributes
                0x00000000000004eb       0x34 ./Modules/Src/module_uart.o
 .ARM.attributes
                0x000000000000051f       0x34 ./SEGGER/Config/SEGGER_SYSVIEW_Config_FreeRTOS.o
 .ARM.attributes
                0x0000000000000553       0x34 ./SEGGER/OS/SEGGER_SYSVIEW_FreeRTOS.o
 .ARM.attributes
                0x0000000000000587       0x34 ./SEGGER/SEGGER/SEGGER_RTT.o
 .ARM.attributes
                0x00000000000005bb       0x20 ./SEGGER/SEGGER/SEGGER_RTT_ASM_ARMv7M.o
 .ARM.attributes
                0x00000000000005db       0x34 ./SEGGER/SEGGER/SEGGER_SYSVIEW.o
 .ARM.attributes
                0x000000000000060f       0x34 ./Services/Src/service_uart.o
 .ARM.attributes
                0x0000000000000643       0x34 c:/st/stm32cubeide_1.5.0/stm32cubeide/plugins/com.st.stm32cube.ide.mcu.externaltools.gnu-tools-for-stm32.10.3-2021.10.win32_1.0.0.202111181127/tools/bin/../lib/gcc/arm-none-eabi/10.3.1/../../../../arm-none-eabi/lib/thumb/v7e-m+fp/hard\libc_nano.a(lib_a-errno.o)
 .ARM.attributes
                0x0000000000000677       0x34 c:/st/stm32cubeide_1.5.0/stm32cubeide/plugins/com.st.stm32cube.ide.mcu.externaltools.gnu-tools-for-stm32.10.3-2021.10.win32_1.0.0.202111181127/tools/bin/../lib/gcc/arm-none-eabi/10.3.1/../../../../arm-none-eabi/lib/thumb/v7e-m+fp/hard\libc_nano.a(lib_a-findfp.o)
 .ARM.attributes
                0x00000000000006ab       0x34 c:/st/stm32cubeide_1.5.0/stm32cubeide/plugins/com.st.stm32cube.ide.mcu.externaltools.gnu-tools-for-stm32.10.3-2021.10.win32_1.0.0.202111181127/tools/bin/../lib/gcc/arm-none-eabi/10.3.1/../../../../arm-none-eabi/lib/thumb/v7e-m+fp/hard\libc_nano.a(lib_a-impure.o)
 .ARM.attributes
                0x00000000000006df       0x34 c:/st/stm32cubeide_1.5.0/stm32cubeide/plugins/com.st.stm32cube.ide.mcu.externaltools.gnu-tools-for-stm32.10.3-2021.10.win32_1.0.0.202111181127/tools/bin/../lib/gcc/arm-none-eabi/10.3.1/../../../../arm-none-eabi/lib/thumb/v7e-m+fp/hard\libc_nano.a(lib_a-init.o)
 .ARM.attributes
                0x0000000000000713       0x34 c:/st/stm32cubeide_1.5.0/stm32cubeide/plugins/com.st.stm32cube.ide.mcu.externaltools.gnu-tools-for-stm32.10.3-2021.10.win32_1.0.0.202111181127/tools/bin/../lib/gcc/arm-none-eabi/10.3.1/../../../../arm-none-eabi/lib/thumb/v7e-m+fp/hard\libc_nano.a(lib_a-lock.o)
 .ARM.attributes
                0x0000000000000747       0x34 c:/st/stm32cubeide_1.5.0/stm32cubeide/plugins/com.st.stm32cube.ide.mcu.externaltools.gnu-tools-for-stm32.10.3-2021.10.win32_1.0.0.202111181127/tools/bin/../lib/gcc/arm-none-eabi/10.3.1/../../../../arm-none-eabi/lib/thumb/v7e-m+fp/hard\libc_nano.a(lib_a-malloc.o)
 .ARM.attributes
                0x000000000000077b       0x34 c:/st/stm32cubeide_1.5.0/stm32cubeide/plugins/com.st.stm32cube.ide.mcu.externaltools.gnu-tools-for-stm32.10.3-2021.10.win32_1.0.0.202111181127/tools/bin/../lib/gcc/arm-none-eabi/10.3.1/../../../../arm-none-eabi/lib/thumb/v7e-m+fp/hard\libc_nano.a(lib_a-memcmp.o)
 .ARM.attributes
                0x00000000000007af       0x34 c:/st/stm32cubeide_1.5.0/stm32cubeide/plugins/com.st.stm32cube.ide.mcu.externaltools.gnu-tools-for-stm32.10.3-2021.10.win32_1.0.0.202111181127/tools/bin/../lib/gcc/arm-none-eabi/10.3.1/../../../../arm-none-eabi/lib/thumb/v7e-m+fp/hard\libc_nano.a(lib_a-memcpy-stub.o)
 .ARM.attributes
                0x00000000000007e3       0x34 c:/st/stm32cubeide_1.5.0/stm32cubeide/plugins/com.st.stm32cube.ide.mcu.externaltools.gnu-tools-for-stm32.10.3-2021.10.win32_1.0.0.202111181127/tools/bin/../lib/gcc/arm-none-eabi/10.3.1/../../../../arm-none-eabi/lib/thumb/v7e-m+fp/hard\libc_nano.a(lib_a-memset.o)
 .ARM.attributes
                0x0000000000000817       0x34 c:/st/stm32cubeide_1.5.0/stm32cubeide/plugins/com.st.stm32cube.ide.mcu.externaltools.gnu-tools-for-stm32.10.3-2021.10.win32_1.0.0.202111181127/tools/bin/../lib/gcc/arm-none-eabi/10.3.1/../../../../arm-none-eabi/lib/thumb/v7e-m+fp/hard\libc_nano.a(lib_a-nano-freer.o)
 .ARM.attributes
                0x000000000000084b       0x34 c:/st/stm32cubeide_1.5.0/stm32cubeide/plugins/com.st.stm32cube.ide.mcu.externaltools.gnu-tools-for-stm32.10.3-2021.10.win32_1.0.0.202111181127/tools/bin/../lib/gcc/arm-none-eabi/10.3.1/../../../../arm-none-eabi/lib/thumb/v7e-m+fp/hard\libc_nano.a(lib_a-nano-mallocr.o)
 .ARM.attributes
                0x000000000000087f       0x34 c:/st/stm32cubeide_1.5.0/stm32cubeide/plugins/com.st.stm32cube.ide.mcu.externaltools.gnu-tools-for-stm32.10.3-2021.10.win32_1.0.0.202111181127/tools/bin/../lib/gcc/arm-none-eabi/10.3.1/../../../../arm-none-eabi/lib/thumb/v7e-m+fp/hard\libc_nano.a(lib_a-reent.o)
 .ARM.attributes
                0x00000000000008b3       0x34 c:/st/stm32cubeide_1.5.0/stm32cubeide/plugins/com.st.stm32cube.ide.mcu.externaltools.gnu-tools-for-stm32.10.3-2021.10.win32_1.0.0.202111181127/tools/bin/../lib/gcc/arm-none-eabi/10.3.1/../../../../arm-none-eabi/lib/thumb/v7e-m+fp/hard\libc_nano.a(lib_a-sbrkr.o)
 .ARM.attributes
                0x00000000000008e7       0x34 c:/st/stm32cubeide_1.5.0/stm32cubeide/plugins/com.st.stm32cube.ide.mcu.externaltools.gnu-tools-for-stm32.10.3-2021.10.win32_1.0.0.202111181127/tools/bin/../lib/gcc/arm-none-eabi/10.3.1/../../../../arm-none-eabi/lib/thumb/v7e-m+fp/hard\libc_nano.a(lib_a-strcpy.o)
 .ARM.attributes
                0x000000000000091b       0x17 c:/st/stm32cubeide_1.5.0/stm32cubeide/plugins/com.st.stm32cube.ide.mcu.externaltools.gnu-tools-for-stm32.10.3-2021.10.win32_1.0.0.202111181127/tools/bin/../lib/gcc/arm-none-eabi/10.3.1/../../../../arm-none-eabi/lib/thumb/v7e-m+fp/hard\libc_nano.a(lib_a-strlen.o)
 .ARM.attributes
                0x0000000000000932       0x34 c:/st/stm32cubeide_1.5.0/stm32cubeide/plugins/com.st.stm32cube.ide.mcu.externaltools.gnu-tools-for-stm32.10.3-2021.10.win32_1.0.0.202111181127/tools/bin/../lib/gcc/arm-none-eabi/10.3.1/../../../../arm-none-eabi/lib/thumb/v7e-m+fp/hard\libc_nano.a(lib_a-mlock.o)
 .ARM.attributes
                0x0000000000000966       0x1e c:/st/stm32cubeide_1.5.0/stm32cubeide/plugins/com.st.stm32cube.ide.mcu.externaltools.gnu-tools-for-stm32.10.3-2021.10.win32_1.0.0.202111181127/tools/bin/../lib/gcc/arm-none-eabi/10.3.1/thumb/v7e-m+fp/hard\libgcc.a(_aeabi_uldivmod.o)
 .ARM.attributes
                0x0000000000000984       0x34 c:/st/stm32cubeide_1.5.0/stm32cubeide/plugins/com.st.stm32cube.ide.mcu.externaltools.gnu-tools-for-stm32.10.3-2021.10.win32_1.0.0.202111181127/tools/bin/../lib/gcc/arm-none-eabi/10.3.1/thumb/v7e-m+fp/hard\libgcc.a(_udivmoddi4.o)
 .ARM.attributes
                0x00000000000009b8       0x1e c:/st/stm32cubeide_1.5.0/stm32cubeide/plugins/com.st.stm32cube.ide.mcu.externaltools.gnu-tools-for-stm32.10.3-2021.10.win32_1.0.0.202111181127/tools/bin/../lib/gcc/arm-none-eabi/10.3.1/thumb/v7e-m+fp/hard\libgcc.a(_dvmd_tls.o)
 .ARM.attributes
                0x00000000000009d6       0x1e c:/st/stm32cubeide_1.5.0/stm32cubeide/plugins/com.st.stm32cube.ide.mcu.externaltools.gnu-tools-for-stm32.10.3-2021.10.win32_1.0.0.202111181127/tools/bin/../lib/gcc/arm-none-eabi/10.3.1/thumb/v7e-m+fp/hard/crtn.o
OUTPUT(STM32_SnakeGameNokia.elf elf32-littlearm)
LOAD linker stubs
LOAD c:/st/stm32cubeide_1.5.0/stm32cubeide/plugins/com.st.stm32cube.ide.mcu.externaltools.gnu-tools-for-stm32.10.3-2021.10.win32_1.0.0.202111181127/tools/bin/../lib/gcc/arm-none-eabi/10.3.1/../../../../arm-none-eabi/lib/thumb/v7e-m+fp/hard\libc.a
LOAD c:/st/stm32cubeide_1.5.0/stm32cubeide/plugins/com.st.stm32cube.ide.mcu.externaltools.gnu-tools-for-stm32.10.3-2021.10.win32_1.0.0.202111181127/tools/bin/../lib/gcc/arm-none-eabi/10.3.1/../../../../arm-none-eabi/lib/thumb/v7e-m+fp/hard\libm.a
LOAD c:/st/stm32cubeide_1.5.0/stm32cubeide/plugins/com.st.stm32cube.ide.mcu.externaltools.gnu-tools-for-stm32.10.3-2021.10.win32_1.0.0.202111181127/tools/bin/../lib/gcc/arm-none-eabi/10.3.1/thumb/v7e-m+fp/hard\libgcc.a

.debug_info     0x0000000000000000    0x19492
 .debug_info    0x0000000000000000      0xbe8 ./Core/Src/freertos.o
 .debug_info    0x0000000000000be8      0x437 ./Core/Src/gpio.o
 .debug_info    0x000000000000101f      0xbb2 ./Core/Src/main.o
 .debug_info    0x0000000000001bd1      0x4f6 ./Core/Src/stm32f4xx_hal_msp.o
 .debug_info    0x00000000000020c7      0xc21 ./Core/Src/stm32f4xx_hal_timebase_tim.o
 .debug_info    0x0000000000002ce8      0x6f8 ./Core/Src/stm32f4xx_it.o
 .debug_info    0x00000000000033e0      0x171 ./Core/Src/sysmem.o
 .debug_info    0x0000000000003551      0x523 ./Core/Src/system_stm32f4xx.o
 .debug_info    0x0000000000003a74      0x9a7 ./Core/Src/usart.o
 .debug_info    0x000000000000441b       0x22 ./Core/Startup/startup_stm32f407zgtx.o
 .debug_info    0x000000000000443d      0x97c ./Drivers/STM32F4xx_HAL_Driver/stm32f4xx_hal.o
 .debug_info    0x0000000000004db9      0xe1b ./Drivers/STM32F4xx_HAL_Driver/stm32f4xx_hal_cortex.o
 .debug_info    0x0000000000005bd4      0x76a ./Drivers/STM32F4xx_HAL_Driver/stm32f4xx_hal_gpio.o
 .debug_info    0x000000000000633e      0x966 ./Drivers/STM32F4xx_HAL_Driver/stm32f4xx_hal_rcc.o
 .debug_info    0x0000000000006ca4     0x2bbe ./Drivers/STM32F4xx_HAL_Driver/stm32f4xx_hal_tim.o
 .debug_info    0x0000000000009862     0x15e0 ./Drivers/STM32F4xx_HAL_Driver/stm32f4xx_hal_tim_ex.o
 .debug_info    0x000000000000ae42     0x31bc ./Drivers/STM32F4xx_HAL_Driver/stm32f4xx_hal_uart.o
 .debug_info    0x000000000000dffe     0x2364 ./Middlewares/FreeRTOS/cmsis_os.o
 .debug_info    0x0000000000010362      0x50b ./Middlewares/FreeRTOS/heap_4.o
 .debug_info    0x000000000001086d      0x2d1 ./Middlewares/FreeRTOS/list.o
 .debug_info    0x0000000000010b3e      0x522 ./Middlewares/FreeRTOS/port.o
 .debug_info    0x0000000000011060     0x2765 ./Middlewares/FreeRTOS/tasks.o
 .debug_info    0x00000000000137c5      0x186 ./Modules/Src/module_led.o
 .debug_info    0x000000000001394b      0x12a ./Modules/Src/module_uart.o
 .debug_info    0x0000000000013a75      0x181 ./SEGGER/Config/SEGGER_SYSVIEW_Config_FreeRTOS.o
 .debug_info    0x0000000000013bf6      0x43d ./SEGGER/OS/SEGGER_SYSVIEW_FreeRTOS.o
 .debug_info    0x0000000000014033     0x1575 ./SEGGER/SEGGER/SEGGER_RTT.o
 .debug_info    0x00000000000155a8       0x26 ./SEGGER/SEGGER/SEGGER_RTT_ASM_ARMv7M.o
 .debug_info    0x00000000000155ce     0x380a ./SEGGER/SEGGER/SEGGER_SYSVIEW.o
 .debug_info    0x0000000000018dd8      0x6ba ./Services/Src/service_uart.o

.debug_abbrev   0x0000000000000000     0x374a
 .debug_abbrev  0x0000000000000000      0x206 ./Core/Src/freertos.o
 .debug_abbrev  0x0000000000000206      0x146 ./Core/Src/gpio.o
 .debug_abbrev  0x000000000000034c      0x242 ./Core/Src/main.o
 .debug_abbrev  0x000000000000058e      0x115 ./Core/Src/stm32f4xx_hal_msp.o
 .debug_abbrev  0x00000000000006a3      0x1d3 ./Core/Src/stm32f4xx_hal_timebase_tim.o
 .debug_abbrev  0x0000000000000876      0x171 ./Core/Src/stm32f4xx_it.o
 .debug_abbrev  0x00000000000009e7       0xbb ./Core/Src/sysmem.o
 .debug_abbrev  0x0000000000000aa2      0x116 ./Core/Src/system_stm32f4xx.o
 .debug_abbrev  0x0000000000000bb8      0x1e7 ./Core/Src/usart.o
 .debug_abbrev  0x0000000000000d9f       0x12 ./Core/Startup/startup_stm32f407zgtx.o
 .debug_abbrev  0x0000000000000db1      0x20d ./Drivers/STM32F4xx_HAL_Driver/stm32f4xx_hal.o
 .debug_abbrev  0x0000000000000fbe      0x316 ./Drivers/STM32F4xx_HAL_Driver/stm32f4xx_hal_cortex.o
 .debug_abbrev  0x00000000000012d4      0x1c4 ./Drivers/STM32F4xx_HAL_Driver/stm32f4xx_hal_gpio.o
 .debug_abbrev  0x0000000000001498      0x2aa ./Drivers/STM32F4xx_HAL_Driver/stm32f4xx_hal_rcc.o
 .debug_abbrev  0x0000000000001742      0x25d ./Drivers/STM32F4xx_HAL_Driver/stm32f4xx_hal_tim.o
 .debug_abbrev  0x000000000000199f      0x265 ./Drivers/STM32F4xx_HAL_Driver/stm32f4xx_hal_tim_ex.o
 .debug_abbrev  0x0000000000001c04      0x2f4 ./Drivers/STM32F4xx_HAL_Driver/stm32f4xx_hal_uart.o
 .debug_abbrev  0x0000000000001ef8      0x406 ./Middlewares/FreeRTOS/cmsis_os.o
 .debug_abbrev  0x00000000000022fe      0x212 ./Middlewares/FreeRTOS/heap_4.o
 .debug_abbrev  0x0000000000002510       0xf2 ./Middlewares/FreeRTOS/list.o
 .debug_abbrev  0x0000000000002602      0x259 ./Middlewares/FreeRTOS/port.o
 .debug_abbrev  0x000000000000285b      0x3dc ./Middlewares/FreeRTOS/tasks.o
 .debug_abbrev  0x0000000000002c37       0xd2 ./Modules/Src/module_led.o
 .debug_abbrev  0x0000000000002d09       0xaa ./Modules/Src/module_uart.o
 .debug_abbrev  0x0000000000002db3       0xdd ./SEGGER/Config/SEGGER_SYSVIEW_Config_FreeRTOS.o
 .debug_abbrev  0x0000000000002e90      0x19e ./SEGGER/OS/SEGGER_SYSVIEW_FreeRTOS.o
 .debug_abbrev  0x000000000000302e      0x24e ./SEGGER/SEGGER/SEGGER_RTT.o
 .debug_abbrev  0x000000000000327c       0x14 ./SEGGER/SEGGER/SEGGER_RTT_ASM_ARMv7M.o
 .debug_abbrev  0x0000000000003290      0x326 ./SEGGER/SEGGER/SEGGER_SYSVIEW.o
 .debug_abbrev  0x00000000000035b6      0x194 ./Services/Src/service_uart.o

.debug_aranges  0x0000000000000000     0x1548
 .debug_aranges
                0x0000000000000000       0x38 ./Core/Src/freertos.o
 .debug_aranges
                0x0000000000000038       0x20 ./Core/Src/gpio.o
 .debug_aranges
                0x0000000000000058       0x38 ./Core/Src/main.o
 .debug_aranges
                0x0000000000000090       0x20 ./Core/Src/stm32f4xx_hal_msp.o
 .debug_aranges
                0x00000000000000b0       0x30 ./Core/Src/stm32f4xx_hal_timebase_tim.o
 .debug_aranges
                0x00000000000000e0       0x50 ./Core/Src/stm32f4xx_it.o
 .debug_aranges
                0x0000000000000130       0x20 ./Core/Src/sysmem.o
 .debug_aranges
                0x0000000000000150       0x28 ./Core/Src/system_stm32f4xx.o
 .debug_aranges
                0x0000000000000178       0x30 ./Core/Src/usart.o
 .debug_aranges
                0x00000000000001a8       0x28 ./Core/Startup/startup_stm32f407zgtx.o
 .debug_aranges
                0x00000000000001d0       0xf0 ./Drivers/STM32F4xx_HAL_Driver/stm32f4xx_hal.o
 .debug_aranges
                0x00000000000002c0      0x118 ./Drivers/STM32F4xx_HAL_Driver/stm32f4xx_hal_cortex.o
 .debug_aranges
                0x00000000000003d8       0x58 ./Drivers/STM32F4xx_HAL_Driver/stm32f4xx_hal_gpio.o
 .debug_aranges
                0x0000000000000430       0x88 ./Drivers/STM32F4xx_HAL_Driver/stm32f4xx_hal_rcc.o
 .debug_aranges
                0x00000000000004b8      0x3d0 ./Drivers/STM32F4xx_HAL_Driver/stm32f4xx_hal_tim.o
 .debug_aranges
                0x0000000000000888      0x168 ./Drivers/STM32F4xx_HAL_Driver/stm32f4xx_hal_tim_ex.o
 .debug_aranges
                0x00000000000009f0      0x200 ./Drivers/STM32F4xx_HAL_Driver/stm32f4xx_hal_uart.o
 .debug_aranges
                0x0000000000000bf0      0x1d8 ./Middlewares/FreeRTOS/cmsis_os.o
 .debug_aranges
                0x0000000000000dc8       0x58 ./Middlewares/FreeRTOS/heap_4.o
 .debug_aranges
                0x0000000000000e20       0x40 ./Middlewares/FreeRTOS/list.o
 .debug_aranges
                0x0000000000000e60       0x80 ./Middlewares/FreeRTOS/port.o
 .debug_aranges
                0x0000000000000ee0      0x1b8 ./Middlewares/FreeRTOS/tasks.o
 .debug_aranges
                0x0000000000001098       0x20 ./Modules/Src/module_led.o
 .debug_aranges
                0x00000000000010b8       0x28 ./Modules/Src/module_uart.o
 .debug_aranges
                0x00000000000010e0       0x28 ./SEGGER/Config/SEGGER_SYSVIEW_Config_FreeRTOS.o
 .debug_aranges
                0x0000000000001108       0x48 ./SEGGER/OS/SEGGER_SYSVIEW_FreeRTOS.o
 .debug_aranges
                0x0000000000001150      0x138 ./SEGGER/SEGGER/SEGGER_RTT.o
 .debug_aranges
                0x0000000000001288       0x20 ./SEGGER/SEGGER/SEGGER_RTT_ASM_ARMv7M.o
 .debug_aranges
                0x00000000000012a8      0x280 ./SEGGER/SEGGER/SEGGER_SYSVIEW.o
 .debug_aranges
                0x0000000000001528       0x20 ./Services/Src/service_uart.o

.debug_ranges   0x0000000000000000     0x1390
 .debug_ranges  0x0000000000000000       0x28 ./Core/Src/freertos.o
 .debug_ranges  0x0000000000000028       0x10 ./Core/Src/gpio.o
 .debug_ranges  0x0000000000000038       0x28 ./Core/Src/main.o
 .debug_ranges  0x0000000000000060       0x10 ./Core/Src/stm32f4xx_hal_msp.o
 .debug_ranges  0x0000000000000070       0x20 ./Core/Src/stm32f4xx_hal_timebase_tim.o
 .debug_ranges  0x0000000000000090       0x40 ./Core/Src/stm32f4xx_it.o
 .debug_ranges  0x00000000000000d0       0x10 ./Core/Src/sysmem.o
 .debug_ranges  0x00000000000000e0       0x18 ./Core/Src/system_stm32f4xx.o
 .debug_ranges  0x00000000000000f8       0x20 ./Core/Src/usart.o
 .debug_ranges  0x0000000000000118       0x20 ./Core/Startup/startup_stm32f407zgtx.o
 .debug_ranges  0x0000000000000138       0xe0 ./Drivers/STM32F4xx_HAL_Driver/stm32f4xx_hal.o
 .debug_ranges  0x0000000000000218      0x108 ./Drivers/STM32F4xx_HAL_Driver/stm32f4xx_hal_cortex.o
 .debug_ranges  0x0000000000000320       0x48 ./Drivers/STM32F4xx_HAL_Driver/stm32f4xx_hal_gpio.o
 .debug_ranges  0x0000000000000368       0x78 ./Drivers/STM32F4xx_HAL_Driver/stm32f4xx_hal_rcc.o
 .debug_ranges  0x00000000000003e0      0x3c0 ./Drivers/STM32F4xx_HAL_Driver/stm32f4xx_hal_tim.o
 .debug_ranges  0x00000000000007a0      0x158 ./Drivers/STM32F4xx_HAL_Driver/stm32f4xx_hal_tim_ex.o
 .debug_ranges  0x00000000000008f8      0x220 ./Drivers/STM32F4xx_HAL_Driver/stm32f4xx_hal_uart.o
 .debug_ranges  0x0000000000000b18      0x1c8 ./Middlewares/FreeRTOS/cmsis_os.o
 .debug_ranges  0x0000000000000ce0       0x48 ./Middlewares/FreeRTOS/heap_4.o
 .debug_ranges  0x0000000000000d28       0x30 ./Middlewares/FreeRTOS/list.o
 .debug_ranges  0x0000000000000d58       0x70 ./Middlewares/FreeRTOS/port.o
 .debug_ranges  0x0000000000000dc8      0x1a8 ./Middlewares/FreeRTOS/tasks.o
 .debug_ranges  0x0000000000000f70       0x10 ./Modules/Src/module_led.o
 .debug_ranges  0x0000000000000f80       0x18 ./Modules/Src/module_uart.o
 .debug_ranges  0x0000000000000f98       0x18 ./SEGGER/Config/SEGGER_SYSVIEW_Config_FreeRTOS.o
 .debug_ranges  0x0000000000000fb0       0x38 ./SEGGER/OS/SEGGER_SYSVIEW_FreeRTOS.o
 .debug_ranges  0x0000000000000fe8      0x128 ./SEGGER/SEGGER/SEGGER_RTT.o
 .debug_ranges  0x0000000000001110      0x270 ./SEGGER/SEGGER/SEGGER_SYSVIEW.o
 .debug_ranges  0x0000000000001380       0x10 ./Services/Src/service_uart.o

.debug_macro    0x0000000000000000    0x24e1e
 .debug_macro   0x0000000000000000      0x418 ./Core/Src/freertos.o
 .debug_macro   0x0000000000000418      0xa78 ./Core/Src/freertos.o
 .debug_macro   0x0000000000000e90      0x174 ./Core/Src/freertos.o
 .debug_macro   0x0000000000001004       0x22 ./Core/Src/freertos.o
 .debug_macro   0x0000000000001026       0x8e ./Core/Src/freertos.o
 .debug_macro   0x00000000000010b4       0x51 ./Core/Src/freertos.o
 .debug_macro   0x0000000000001105      0x103 ./Core/Src/freertos.o
 .debug_macro   0x0000000000001208       0x6a ./Core/Src/freertos.o
 .debug_macro   0x0000000000001272      0x1df ./Core/Src/freertos.o
 .debug_macro   0x0000000000001451       0xf1 ./Core/Src/freertos.o
 .debug_macro   0x0000000000001542       0x58 ./Core/Src/freertos.o
 .debug_macro   0x000000000000159a       0x46 ./Core/Src/freertos.o
 .debug_macro   0x00000000000015e0       0x64 ./Core/Src/freertos.o
 .debug_macro   0x0000000000001644       0x49 ./Core/Src/freertos.o
 .debug_macro   0x000000000000168d       0xc3 ./Core/Src/freertos.o
 .debug_macro   0x0000000000001750      0x204 ./Core/Src/freertos.o
 .debug_macro   0x0000000000001954      0x450 ./Core/Src/freertos.o
 .debug_macro   0x0000000000001da4      0x15a ./Core/Src/freertos.o
 .debug_macro   0x0000000000001efe       0xde ./Core/Src/freertos.o
 .debug_macro   0x0000000000001fdc       0x1c ./Core/Src/freertos.o
 .debug_macro   0x0000000000001ff8       0x26 ./Core/Src/freertos.o
 .debug_macro   0x000000000000201e       0x52 ./Core/Src/freertos.o
 .debug_macro   0x0000000000002070       0x1e ./Core/Src/freertos.o
 .debug_macro   0x000000000000208e       0x3c ./Core/Src/freertos.o
 .debug_macro   0x00000000000020ca       0x34 ./Core/Src/freertos.o
 .debug_macro   0x00000000000020fe       0x16 ./Core/Src/freertos.o
 .debug_macro   0x0000000000002114       0x43 ./Core/Src/freertos.o
 .debug_macro   0x0000000000002157       0x34 ./Core/Src/freertos.o
 .debug_macro   0x000000000000218b       0x10 ./Core/Src/freertos.o
 .debug_macro   0x000000000000219b       0x58 ./Core/Src/freertos.o
 .debug_macro   0x00000000000021f3       0x71 ./Core/Src/freertos.o
 .debug_macro   0x0000000000002264       0x1c ./Core/Src/freertos.o
 .debug_macro   0x0000000000002280      0x12a ./Core/Src/freertos.o
 .debug_macro   0x00000000000023aa       0x10 ./Core/Src/freertos.o
 .debug_macro   0x00000000000023ba       0x35 ./Core/Src/freertos.o
 .debug_macro   0x00000000000023ef      0x3df ./Core/Src/freertos.o
 .debug_macro   0x00000000000027ce       0xb5 ./Core/Src/freertos.o
 .debug_macro   0x0000000000002883       0xaa ./Core/Src/freertos.o
 .debug_macro   0x000000000000292d      0x29b ./Core/Src/freertos.o
 .debug_macro   0x0000000000002bc8       0x2e ./Core/Src/freertos.o
 .debug_macro   0x0000000000002bf6       0x2f ./Core/Src/freertos.o
 .debug_macro   0x0000000000002c25       0x1c ./Core/Src/freertos.o
 .debug_macro   0x0000000000002c41       0x22 ./Core/Src/freertos.o
 .debug_macro   0x0000000000002c63       0xd9 ./Core/Src/freertos.o
 .debug_macro   0x0000000000002d3c     0x102d ./Core/Src/freertos.o
 .debug_macro   0x0000000000003d69      0x11f ./Core/Src/freertos.o
 .debug_macro   0x0000000000003e88    0x15e82 ./Core/Src/freertos.o
 .debug_macro   0x0000000000019d0a       0x6d ./Core/Src/freertos.o
 .debug_macro   0x0000000000019d77     0x367e ./Core/Src/freertos.o
 .debug_macro   0x000000000001d3f5       0x5c ./Core/Src/freertos.o
 .debug_macro   0x000000000001d451      0x96b ./Core/Src/freertos.o
 .debug_macro   0x000000000001ddbc      0x9fe ./Core/Src/freertos.o
 .debug_macro   0x000000000001e7ba      0x115 ./Core/Src/freertos.o
 .debug_macro   0x000000000001e8cf      0x13e ./Core/Src/freertos.o
 .debug_macro   0x000000000001ea0d       0xa5 ./Core/Src/freertos.o
 .debug_macro   0x000000000001eab2      0x174 ./Core/Src/freertos.o
 .debug_macro   0x000000000001ec26      0x287 ./Core/Src/freertos.o
 .debug_macro   0x000000000001eead       0x5f ./Core/Src/freertos.o
 .debug_macro   0x000000000001ef0c      0x236 ./Core/Src/freertos.o
 .debug_macro   0x000000000001f142      0x12c ./Core/Src/freertos.o
 .debug_macro   0x000000000001f26e      0x21e ./Core/Src/freertos.o
 .debug_macro   0x000000000001f48c       0x2e ./Core/Src/freertos.o
 .debug_macro   0x000000000001f4ba      0x11a ./Core/Src/freertos.o
 .debug_macro   0x000000000001f5d4       0x7e ./Core/Src/freertos.o
 .debug_macro   0x000000000001f652       0x89 ./Core/Src/freertos.o
 .debug_macro   0x000000000001f6db      0x8e6 ./Core/Src/freertos.o
 .debug_macro   0x000000000001ffc1       0x47 ./Core/Src/freertos.o
 .debug_macro   0x0000000000020008      0x295 ./Core/Src/freertos.o
 .debug_macro   0x000000000002029d      0x12d ./Core/Src/freertos.o
 .debug_macro   0x00000000000203ca       0x1c ./Core/Src/freertos.o
 .debug_macro   0x00000000000203e6       0x91 ./Core/Src/freertos.o
 .debug_macro   0x0000000000020477       0x8d ./Core/Src/freertos.o
 .debug_macro   0x0000000000020504       0x7e ./Core/Src/freertos.o
 .debug_macro   0x0000000000020582       0x19 ./Core/Src/freertos.o
 .debug_macro   0x000000000002059b       0xf2 ./Core/Src/freertos.o
 .debug_macro   0x000000000002068d       0x16 ./Core/Src/freertos.o
 .debug_macro   0x00000000000206a3      0x341 ./Core/Src/freertos.o
 .debug_macro   0x00000000000209e4       0x16 ./Core/Src/freertos.o
 .debug_macro   0x00000000000209fa       0x29 ./Core/Src/freertos.o
 .debug_macro   0x0000000000020a23       0x16 ./Core/Src/freertos.o
 .debug_macro   0x0000000000020a39       0x20 ./Core/Src/freertos.o
 .debug_macro   0x0000000000020a59      0x1e7 ./Core/Src/gpio.o
 .debug_macro   0x0000000000020c40      0x3a7 ./Core/Src/main.o
 .debug_macro   0x0000000000020fe7       0xf1 ./Core/Src/main.o
 .debug_macro   0x00000000000210d8      0x1dd ./Core/Src/stm32f4xx_hal_msp.o
 .debug_macro   0x00000000000212b5      0x1ce ./Core/Src/stm32f4xx_hal_timebase_tim.o
 .debug_macro   0x0000000000021483      0x1e7 ./Core/Src/stm32f4xx_it.o
 .debug_macro   0x000000000002166a       0xff ./Core/Src/sysmem.o
 .debug_macro   0x0000000000021769      0x23b ./Core/Src/sysmem.o
 .debug_macro   0x00000000000219a4      0x1ce ./Core/Src/system_stm32f4xx.o
 .debug_macro   0x0000000000021b72      0x37a ./Core/Src/usart.o
 .debug_macro   0x0000000000021eec       0x16 ./Core/Src/usart.o
 .debug_macro   0x0000000000021f02      0x22e ./Drivers/STM32F4xx_HAL_Driver/stm32f4xx_hal.o
 .debug_macro   0x0000000000022130      0x1ce ./Drivers/STM32F4xx_HAL_Driver/stm32f4xx_hal_cortex.o
 .debug_macro   0x00000000000222fe      0x1d4 ./Drivers/STM32F4xx_HAL_Driver/stm32f4xx_hal_gpio.o
 .debug_macro   0x00000000000224d2      0x1f2 ./Drivers/STM32F4xx_HAL_Driver/stm32f4xx_hal_rcc.o
 .debug_macro   0x00000000000226c4      0x1cf ./Drivers/STM32F4xx_HAL_Driver/stm32f4xx_hal_tim.o
 .debug_macro   0x0000000000022893      0x1ce ./Drivers/STM32F4xx_HAL_Driver/stm32f4xx_hal_tim_ex.o
 .debug_macro   0x0000000000022a61      0x1cf ./Drivers/STM32F4xx_HAL_Driver/stm32f4xx_hal_uart.o
 .debug_macro   0x0000000000022c30      0x272 ./Middlewares/FreeRTOS/cmsis_os.o
 .debug_macro   0x0000000000022ea2       0x10 ./Middlewares/FreeRTOS/cmsis_os.o
 .debug_macro   0x0000000000022eb2       0x16 ./Middlewares/FreeRTOS/cmsis_os.o
 .debug_macro   0x0000000000022ec8       0xc7 ./Middlewares/FreeRTOS/cmsis_os.o
 .debug_macro   0x0000000000022f8f      0x222 ./Middlewares/FreeRTOS/heap_4.o
 .debug_macro   0x00000000000231b1      0x1fb ./Middlewares/FreeRTOS/list.o
 .debug_macro   0x00000000000233ac      0x295 ./Middlewares/FreeRTOS/port.o
 .debug_macro   0x0000000000023641      0x309 ./Middlewares/FreeRTOS/tasks.o
 .debug_macro   0x000000000002394a       0x10 ./Middlewares/FreeRTOS/tasks.o
 .debug_macro   0x000000000002395a      0x1eb ./Modules/Src/module_led.o
 .debug_macro   0x0000000000023b45      0x2eb ./Modules/Src/module_uart.o
 .debug_macro   0x0000000000023e30       0x56 ./Modules/Src/module_uart.o
 .debug_macro   0x0000000000023e86      0x1d5 ./SEGGER/Config/SEGGER_SYSVIEW_Config_FreeRTOS.o
 .debug_macro   0x000000000002405b      0x21c ./SEGGER/OS/SEGGER_SYSVIEW_FreeRTOS.o
 .debug_macro   0x0000000000024277      0x1bd ./SEGGER/SEGGER/SEGGER_RTT.o
 .debug_macro   0x0000000000024434       0x34 ./SEGGER/SEGGER/SEGGER_RTT.o
 .debug_macro   0x0000000000024468      0x138 ./SEGGER/SEGGER/SEGGER_RTT.o
 .debug_macro   0x00000000000245a0      0x213 ./SEGGER/SEGGER/SEGGER_SYSVIEW.o
 .debug_macro   0x00000000000247b3      0x204 ./SEGGER/SEGGER/SEGGER_SYSVIEW.o
 .debug_macro   0x00000000000249b7      0x16e ./SEGGER/SEGGER/SEGGER_SYSVIEW.o
 .debug_macro   0x0000000000024b25      0x2f9 ./Services/Src/service_uart.o

.debug_line     0x0000000000000000    0x1aed3
 .debug_line    0x0000000000000000      0xe32 ./Core/Src/freertos.o
 .debug_line    0x0000000000000e32      0x7a9 ./Core/Src/gpio.o
 .debug_line    0x00000000000015db      0xd31 ./Core/Src/main.o
 .debug_line    0x000000000000230c      0x79c ./Core/Src/stm32f4xx_hal_msp.o
 .debug_line    0x0000000000002aa8      0x7fb ./Core/Src/stm32f4xx_hal_timebase_tim.o
 .debug_line    0x00000000000032a3      0x838 ./Core/Src/stm32f4xx_it.o
 .debug_line    0x0000000000003adb      0x4e5 ./Core/Src/sysmem.o
 .debug_line    0x0000000000003fc0      0x81d ./Core/Src/system_stm32f4xx.o